Component: ARM Compiler 5.06 update 1 (build 61) Tool: armlink [4d35a8]

==============================================================================

Section Cross References

    system_stm32f4xx.o(i.SystemCoreClockUpdate) refers to system_stm32f4xx.o(.data) for SystemCoreClock
    system_stm32f4xx.o(i.SystemCoreClockUpdate) refers to system_stm32f4xx.o(.constdata) for AHBPrescTable
    stm32f4xx_hal.o(i.HAL_DeInit) refers to stm32f4xx_hal.o(i.HAL_MspDeInit) for HAL_MspDeInit
    stm32f4xx_hal.o(i.HAL_Delay) refers to stm32f4xx_hal.o(i.HAL_GetTick) for HAL_GetTick
    stm32f4xx_hal.o(i.HAL_GetTick) refers to stm32f4xx_hal.o(.data) for uwTick
    stm32f4xx_hal.o(i.HAL_IncTick) refers to stm32f4xx_hal.o(.data) for uwTick
    stm32f4xx_hal.o(i.HAL_Init) refers to stm32f4xx_hal_cortex.o(i.HAL_NVIC_SetPriorityGrouping) for HAL_NVIC_SetPriorityGrouping
    stm32f4xx_hal.o(i.HAL_Init) refers to stm32f4xx_hal_timebase_tim.o(i.HAL_InitTick) for HAL_InitTick
    stm32f4xx_hal.o(i.HAL_Init) refers to stm32f4xx_hal_msp.o(i.HAL_MspInit) for HAL_MspInit
    stm32f4xx_hal.o(i.HAL_InitTick) refers to stm32f4xx_hal_cortex.o(i.HAL_SYSTICK_Config) for HAL_SYSTICK_Config
    stm32f4xx_hal.o(i.HAL_InitTick) refers to stm32f4xx_hal_cortex.o(i.HAL_NVIC_SetPriority) for HAL_NVIC_SetPriority
    stm32f4xx_hal.o(i.HAL_InitTick) refers to system_stm32f4xx.o(.data) for SystemCoreClock
    stm32f4xx_hal_can.o(i.CAN_Receive_IT) refers to bsp_can.o(i.HAL_CAN_RxCpltCallback) for HAL_CAN_RxCpltCallback
    stm32f4xx_hal_can.o(i.CAN_Transmit_IT) refers to stm32f4xx_hal_can.o(i.HAL_CAN_TxCpltCallback) for HAL_CAN_TxCpltCallback
    stm32f4xx_hal_can.o(i.HAL_CAN_DeInit) refers to can.o(i.HAL_CAN_MspDeInit) for HAL_CAN_MspDeInit
    stm32f4xx_hal_can.o(i.HAL_CAN_IRQHandler) refers to stm32f4xx_hal_can.o(i.CAN_Transmit_IT) for CAN_Transmit_IT
    stm32f4xx_hal_can.o(i.HAL_CAN_IRQHandler) refers to stm32f4xx_hal_can.o(i.CAN_Receive_IT) for CAN_Receive_IT
    stm32f4xx_hal_can.o(i.HAL_CAN_IRQHandler) refers to stm32f4xx_hal_can.o(i.HAL_CAN_ErrorCallback) for HAL_CAN_ErrorCallback
    stm32f4xx_hal_can.o(i.HAL_CAN_Init) refers to can.o(i.HAL_CAN_MspInit) for HAL_CAN_MspInit
    stm32f4xx_hal_can.o(i.HAL_CAN_Init) refers to stm32f4xx_hal.o(i.HAL_GetTick) for HAL_GetTick
    stm32f4xx_hal_can.o(i.HAL_CAN_Receive) refers to stm32f4xx_hal.o(i.HAL_GetTick) for HAL_GetTick
    stm32f4xx_hal_can.o(i.HAL_CAN_Sleep) refers to stm32f4xx_hal.o(i.HAL_GetTick) for HAL_GetTick
    stm32f4xx_hal_can.o(i.HAL_CAN_Transmit) refers to stm32f4xx_hal.o(i.HAL_GetTick) for HAL_GetTick
    stm32f4xx_hal_can.o(i.HAL_CAN_WakeUp) refers to stm32f4xx_hal.o(i.HAL_GetTick) for HAL_GetTick
    stm32f4xx_hal_cortex.o(i.HAL_NVIC_GetPriorityGrouping) refers to stm32f4xx_hal_cortex.o(i.NVIC_GetPriorityGrouping) for NVIC_GetPriorityGrouping
    stm32f4xx_hal_cortex.o(i.HAL_NVIC_SetPriority) refers to stm32f4xx_hal_cortex.o(i.NVIC_GetPriorityGrouping) for NVIC_GetPriorityGrouping
    stm32f4xx_hal_cortex.o(i.HAL_NVIC_SetPriority) refers to stm32f4xx_hal_cortex.o(i.NVIC_SetPriority) for NVIC_SetPriority
    stm32f4xx_hal_cortex.o(i.HAL_SYSTICK_Config) refers to stm32f4xx_hal_cortex.o(i.NVIC_SetPriority) for NVIC_SetPriority
    stm32f4xx_hal_cortex.o(i.HAL_SYSTICK_IRQHandler) refers to stm32f4xx_hal_cortex.o(i.HAL_SYSTICK_Callback) for HAL_SYSTICK_Callback
    stm32f4xx_hal_dma.o(i.DMA_CalcBaseAndBitshift) refers to stm32f4xx_hal_dma.o(.constdata) for flagBitshiftOffset
    stm32f4xx_hal_dma.o(i.HAL_DMA_Abort) refers to stm32f4xx_hal.o(i.HAL_GetTick) for HAL_GetTick
    stm32f4xx_hal_dma.o(i.HAL_DMA_DeInit) refers to stm32f4xx_hal_dma.o(i.DMA_CalcBaseAndBitshift) for DMA_CalcBaseAndBitshift
    stm32f4xx_hal_dma.o(i.HAL_DMA_IRQHandler) refers to system_stm32f4xx.o(.data) for SystemCoreClock
    stm32f4xx_hal_dma.o(i.HAL_DMA_Init) refers to stm32f4xx_hal.o(i.HAL_GetTick) for HAL_GetTick
    stm32f4xx_hal_dma.o(i.HAL_DMA_Init) refers to stm32f4xx_hal_dma.o(i.DMA_CheckFifoParam) for DMA_CheckFifoParam
    stm32f4xx_hal_dma.o(i.HAL_DMA_Init) refers to stm32f4xx_hal_dma.o(i.DMA_CalcBaseAndBitshift) for DMA_CalcBaseAndBitshift
    stm32f4xx_hal_dma.o(i.HAL_DMA_PollForTransfer) refers to stm32f4xx_hal.o(i.HAL_GetTick) for HAL_GetTick
    stm32f4xx_hal_dma.o(i.HAL_DMA_PollForTransfer) refers to stm32f4xx_hal_dma.o(i.HAL_DMA_Abort) for HAL_DMA_Abort
    stm32f4xx_hal_dma.o(i.HAL_DMA_Start) refers to stm32f4xx_hal_dma.o(i.DMA_SetConfig) for DMA_SetConfig
    stm32f4xx_hal_dma.o(i.HAL_DMA_Start_IT) refers to stm32f4xx_hal_dma.o(i.DMA_SetConfig) for DMA_SetConfig
    stm32f4xx_hal_dma_ex.o(i.HAL_DMAEx_MultiBufferStart) refers to stm32f4xx_hal_dma_ex.o(i.DMA_MultiBufferSetConfig) for DMA_MultiBufferSetConfig
    stm32f4xx_hal_dma_ex.o(i.HAL_DMAEx_MultiBufferStart_IT) refers to stm32f4xx_hal_dma_ex.o(i.DMA_MultiBufferSetConfig) for DMA_MultiBufferSetConfig
    stm32f4xx_hal_flash.o(i.FLASH_SetErrorCode) refers to stm32f4xx_hal_flash.o(.bss) for pFlash
[...]
    pxPortInitialiseStack                    0x0800caa5   Thumb Code    38  port.o(i.pxPortInitialiseStack)
    ramp_calc                                0x0800cad1   Thumb Code    58  ramp.o(i.ramp_calc)
    ramp_init                                0x0800cb11   Thumb Code     8  ramp.o(i.ramp_init)
    rc_callback_handler                      0x0800cb19   Thumb Code   602  remote_info.o(i.rc_callback_handler)
    read_gimbal_offset                       0x0800cdf1   Thumb Code    18  gimbal_info.o(i.read_gimbal_offset)
    remote_ctrl_chassis_hook                 0x0800ce05   Thumb Code    22  remote_info.o(i.remote_ctrl_chassis_hook)
    remote_ctrl_gimbal_hook                  0x0800ce21   Thumb Code    18  remote_info.o(i.remote_ctrl_gimbal_hook)
    remote_ctrl_shoot_hook                   0x0800ce39   Thumb Code    74  remote_info.o(i.remote_ctrl_shoot_hook)
    renew_char                               0x0800cf15   Thumb Code    20  pc_info.o(i.renew_char)
    renew_float                              0x0800cf29   Thumb Code   262  ui_task.o(i.renew_float)
    send_bull                                0x0800d041   Thumb Code    60  ui_task.o(i.send_bull)
    send_bull_init                           0x0800d089   Thumb Code   610  ui_task.o(i.send_bull_init)
    send_cap_instructions                    0x0800d2f5   Thumb Code   118  bsp_can.o(i.send_cap_instructions)
    send_chassis_current                     0x0800d371   Thumb Code   112  bsp_can.o(i.send_chassis_current)
    send_chassis_motor_ctrl_message          0x0800d3e5   Thumb Code    26  bsp_can.o(i.send_chassis_motor_ctrl_message)
    send_dele                                0x0800d401   Thumb Code   120  ui_task.o(i.send_dele)
    send_fric_current                        0x0800d489   Thumb Code   102  bsp_can.o(i.send_fric_current)
    send_gimbal_current                      0x0800d4f5   Thumb Code   118  bsp_can.o(i.send_gimbal_current)
    send_gimbal_motor_ctrl_message           0x0800d571   Thumb Code    36  bsp_can.o(i.send_gimbal_motor_ctrl_message)
    setfric_wheel_spd                        0x0800d5fd   Thumb Code   384  shoot_task.o(i.setfric_wheel_spd)
    shoot_heat_limit                         0x0800d799   Thumb Code   228  shoot_task.o(i.shoot_heat_limit)
    shoot_param_init                         0x0800d885   Thumb Code    68  shoot_task.o(i.shoot_param_init)
    shoot_task                               0x0800d8d1   Thumb Code   576  shoot_task.o(i.shoot_task)
    sinx                                     0x0800db35   Thumb Code   138  chassis_task.o(i.sinx)
    sqrt                                     0x0800dbcd   Thumb Code   110  sqrt.o(i.sqrt)
    turn_off_friction_wheel                  0x0800de25   Thumb Code    82  shoot_task.o(i.turn_off_friction_wheel)
    turn_off_laser                           0x0800de91   Thumb Code    14  bsp_io.o(i.turn_off_laser)
    turn_on_friction_wheel                   0x0800dea5   Thumb Code    84  shoot_task.o(i.turn_on_friction_wheel)
    turn_on_laser                            0x0800df11   Thumb Code    14  bsp_io.o(i.turn_on_laser)
    uart_receive_handler                     0x0800df25   Thumb Code    34  bsp_uart.o(i.uart_receive_handler)
    ui_task                                  0x0800e17d   Thumb Code    54  ui_task.o(i.ui_task)
    uxListRemove                             0x0800e1b9   Thumb Code    40  list.o(i.uxListRemove)
    uxTaskGetStackHighWaterMark              0x0800e1e1   Thumb Code    34  tasks.o(i.uxTaskGetStackHighWaterMark)
    vApplicationIdleHook                     0x0800e209   Thumb Code    18  cpu_utils.o(i.vApplicationIdleHook)
    vApplicationStackOverflowHook            0x0800e221   Thumb Code     4  freertos.o(i.vApplicationStackOverflowHook)
    vApplicationTickHook                     0x0800e225   Thumb Code    74  cpu_utils.o(i.vApplicationTickHook)
    vListInitialise                          0x0800e27d   Thumb Code    26  list.o(i.vListInitialise)
    vListInitialiseItem                      0x0800e297   Thumb Code     6  list.o(i.vListInitialiseItem)
    vListInsert                              0x0800e29d   Thumb Code    52  list.o(i.vListInsert)
    vListInsertEnd                           0x0800e2d1   Thumb Code    24  list.o(i.vListInsertEnd)
    vPortEnterCritical                       0x0800e2e9   Thumb Code    76  port.o(i.vPortEnterCritical)
    vPortExitCritical                        0x0800e33d   Thumb Code    56  port.o(i.vPortExitCritical)
    vPortFree                                0x0800e379   Thumb Code   140  heap_4.o(i.vPortFree)
    vPortSetupTimerInterrupt                 0x0800e40d   Thumb Code    26  port.o(i.vPortSetupTimerInterrupt)
    vPortValidateInterruptPriority           0x0800e42d   Thumb Code   106  port.o(i.vPortValidateInterruptPriority)
    vQueueAddToRegistry                      0x0800e4a5   Thumb Code    38  queue.o(i.vQueueAddToRegistry)
    vQueueWaitForMessageRestricted           0x0800e4d1   Thumb Code    74  queue.o(i.vQueueWaitForMessageRestricted)
    vTaskDelay                               0x0800e51d   Thumb Code    82  tasks.o(i.vTaskDelay)
    vTaskDelayUntil                          0x0800e579   Thumb Code   200  tasks.o(i.vTaskDelayUntil)
    vTaskMissedYield                         0x0800e64d   Thumb Code     8  tasks.o(i.vTaskMissedYield)
    vTaskPlaceOnEventList                    0x0800e659   Thumb Code    52  tasks.o(i.vTaskPlaceOnEventList)
    vTaskPlaceOnEventListRestricted          0x0800e691   Thumb Code    60  tasks.o(i.vTaskPlaceOnEventListRestricted)
    vTaskPriorityInherit                     0x0800e6d1   Thumb Code   164  tasks.o(i.vTaskPriorityInherit)
    vTaskSetTimeOutState                     0x0800e781   Thumb Code    38  tasks.o(i.vTaskSetTimeOutState)
    vTaskStartScheduler                      0x0800e7b1   Thumb Code   118  tasks.o(i.vTaskStartScheduler)
    vTaskSuspendAll                          0x0800e845   Thumb Code    12  tasks.o(i.vTaskSuspendAll)
    vTaskSwitchContext                       0x0800e855   Thumb Code   154  tasks.o(i.vTaskSwitchContext)
    verify_crc16_check_sum                   0x0800e905   Thumb Code    60  protocol.o(i.verify_crc16_check_sum)
    verify_crc8_check_sum                    0x0800e945   Thumb Code    48  protocol.o(i.verify_crc8_check_sum)
    xPortStartScheduler                      0x0800e975   Thumb Code   288  port.o(i.xPortStartScheduler)
    xPortSysTickHandler                      0x0800eab1   Thumb Code    46  port.o(i.xPortSysTickHandler)
    xQueueGenericCreate                      0x0800eae5   Thumb Code    88  queue.o(i.xQueueGenericCreate)
    xQueueGenericReceive                     0x0800eb3d   Thumb Code   446  queue.o(i.xQueueGenericReceive)
    xQueueGenericReset                       0x0800ed01   Thumb Code   146  queue.o(i.xQueueGenericReset)
    xQueueGenericSend                        0x0800ed99   Thumb Code   420  queue.o(i.xQueueGenericSend)
    xQueueGenericSendFromISR                 0x0800ef41   Thumb Code   248  queue.o(i.xQueueGenericSendFromISR)
    xTaskCheckForTimeOut                     0x0800f039   Thumb Code   132  tasks.o(i.xTaskCheckForTimeOut)
    xTaskCreate                              0x0800f0c5   Thumb Code    96  tasks.o(i.xTaskCreate)
    xTaskGenericNotify                       0x0800f125   Thumb Code   242  tasks.o(i.xTaskGenericNotify)
    xTaskGenericNotifyFromISR                0x0800f229   Thumb Code   298  tasks.o(i.xTaskGenericNotifyFromISR)
    xTaskGetCurrentTaskHandle                0x0800f36d   Thumb Code     6  tasks.o(i.xTaskGetCurrentTaskHandle)
    xTaskGetSchedulerState                   0x0800f379   Thumb Code    24  tasks.o(i.xTaskGetSchedulerState)
    xTaskGetTickCount                        0x0800f399   Thumb Code     6  tasks.o(i.xTaskGetTickCount)
    xTaskGetTickCountFromISR                 0x0800f3a5   Thumb Code    16  tasks.o(i.xTaskGetTickCountFromISR)
    xTaskIncrementTick                       0x0800f3b9   Thumb Code   296  tasks.o(i.xTaskIncrementTick)
    xTaskNotifyWait                          0x0800f50d   Thumb Code   150  tasks.o(i.xTaskNotifyWait)
    xTaskPriorityDisinherit                  0x0800f5ad   Thumb Code   188  tasks.o(i.xTaskPriorityDisinherit)
    xTaskRemoveFromEventList                 0x0800f675   Thumb Code   128  tasks.o(i.xTaskRemoveFromEventList)
    xTaskResumeAll                           0x0800f70d   Thumb Code   224  tasks.o(i.xTaskResumeAll)
    xTimerCreate                             0x0800f811   Thumb Code    48  timers.o(i.xTimerCreate)
    xTimerCreateTimerTask                    0x0800f841   Thumb Code    64  timers.o(i.xTimerCreateTimerTask)
    xTimerGenericCommand                     0x0800f895   Thumb Code   126  timers.o(i.xTimerGenericCommand)
    AHBPrescTable                            0x0800f918   Data          16  system_stm32f4xx.o(.constdata)
    APBPrescTable                            0x0800f928   Data           8  system_stm32f4xx.o(.constdata)
    sinlist                                  0x0800f94c   Data         364  chassis_task.o(.constdata)
    CRC8_INIT                                0x0800fab8   Data           1  protocol.o(.constdata)
    CRC8_TAB                                 0x0800fab9   Data         256  protocol.o(.constdata)
    wCRC_Table                               0x0800fbba   Data         512  protocol.o(.constdata)
    __mathlib_zero                           0x0800ff80   Data           8  qnan.o(.constdata)
    __ctype_categories                       0x08010078   Data          64  ctype_c.o(.constdata)
    Region$$Table$$Base                      0x0801010c   Number         0  anon$$obj.o(Region$$Table)
    Region$$Table$$Limit                     0x0801012c   Number         0  anon$$obj.o(Region$$Table)
    SystemCoreClock                          0x20000000   Data           4  system_stm32f4xx.o(.data)
    uwTick                                   0x20000004   Data           4  stm32f4xx_hal.o(.data)
    __stdout                                 0x2000000c   Data           4  bsp_uart.o(.data)
    xIdleHandle                              0x20000014   Data           4  cpu_utils.o(.data)
    osCPU_Usage                              0x20000018   Data           4  cpu_utils.o(.data)
    osCPU_IdleStartTime                      0x2000001c   Data           4  cpu_utils.o(.data)
    osCPU_IdleSpentTime                      0x20000020   Data           4  cpu_utils.o(.data)
    osCPU_TotalIdleTime                      0x20000024   Data           4  cpu_utils.o(.data)
    pq                                       0x2000002c   Data        1024  bsp_oled.o(.data)
    riding                                   0x2000042c   Data        1024  bsp_oled.o(.data)
    mm                                       0x2000082c   Data        1024  bsp_oled.o(.data)
    skpq                                     0x20000c2c   Data        1024  bsp_oled.o(.data)
    page                                     0x2000102c   Data           6  bsp_oled.o(.data)
    flag_0                                   0x20001034   Data           4  bsp_oled.o(.data)
    flag_1                                   0x20001038   Data           4  bsp_oled.o(.data)
    flag_2                                   0x2000103c   Data           4  bsp_oled.o(.data)
    flag_3                                   0x20001040   Data           4  bsp_oled.o(.data)
    main_count                               0x20001044   Data           4  bsp_oled.o(.data)
    ch1_offset                               0x20001068   Data           4  remote_info.o(.data)
    ch2_offset                               0x2000106c   Data           4  remote_info.o(.data)
    ch3_offset                               0x20001070   Data           4  remote_info.o(.data)
    ch4_offset                               0x20001074   Data           4  remote_info.o(.data)
    fb_ramp                                  0x20001080   Data          20  keyboard_info.o(.data)
    lr_ramp                                  0x20001094   Data          20  keyboard_info.o(.data)
    cover_state                              0x200010aa   Data           1  keyboard_info.o(.data)
    pc_info_stack_surplus                    0x200010b0   Data           4  pc_info.o(.data)
    pc_send_buf                              0x200010b4   Data           5  pc_info.o(.data)
    start_time                               0x200010bc   Data           4  pc_info.o(.data)
    FrameHeader                              0x200010c0   Data           5  judgement_info.o(.data)
    CmdId                                    0x200010c6   Data           2  judgement_info.o(.data)
    judge_time_ms                            0x200010c8   Data           4  judgement_info.o(.data)
    judge_time_last                          0x200010cc   Data           4  judgement_info.o(.data)
    imu_stack_surplus                        0x200010d0   Data           4  imu_info.o(.data)
    halfT                                    0x2000111c   Data           4  imu_info.o(.data)
    Kp                                       0x20001120   Data           4  imu_info.o(.data)
    Ki                                       0x20001124   Data           4  imu_info.o(.data)
    imu_time_last                            0x20001128   Data           4  imu_info.o(.data)
    imu_time_ms                              0x2000112c   Data           4  imu_info.o(.data)
    chassis_time_last                        0x20001130   Data           4  chassis_task.o(.data)
    chassis_time_ms                          0x20001134   Data           4  chassis_task.o(.data)
    chassis_stack_surplus                    0x20001138   Data           4  chassis_task.o(.data)
    twistflag                                0x2000113c   Data           1  chassis_task.o(.data)
    twist_count                              0x20001140   Data           4  chassis_task.o(.data)
    rotation_center_gimbal                   0x20001144   Data           4  chassis_task.o(.data)
    i_last_sum                               0x20001148   Data           4  chassis_task.o(.data)
    m                                        0x2000114c   Data           4  chassis_task.o(.data)
    m_last                                   0x20001150   Data           4  chassis_task.o(.data)
    m_last_last                              0x20001154   Data           4  chassis_task.o(.data)
    chassis_volt                             0x20001158   Data           4  chassis_task.o(.data)
    chassis_current                          0x2000115c   Data           4  chassis_task.o(.data)
    chassis_current_last                     0x20001160   Data           4  chassis_task.o(.data)
    gimbal_stack_surplus                     0x20001180   Data           4  gimbal_task.o(.data)
    gimbal_time_last                         0x200011ac   Data           4  gimbal_task.o(.data)
    gimbal_time_ms                           0x200011b0   Data           4  gimbal_task.o(.data)
    patrol_count                             0x200011b4   Data           4  gimbal_task.o(.data)
    track_pit                                0x200011b8   Data           4  gimbal_task.o(.data)
    track_yaw                                0x200011bc   Data           4  gimbal_task.o(.data)
    track_once                               0x200011c0   Data           1  gimbal_task.o(.data)
    shoot_time_ms                            0x200011d4   Data           4  shoot_task.o(.data)
    triple_shoot_count                       0x200011d8   Data           4  shoot_task.o(.data)
    single_shoot_time                        0x200011dc   Data           4  shoot_task.o(.data)
    single_shoot_onetime                     0x200011e0   Data           4  shoot_task.o(.data)
    shoot_stack_surplus                      0x200011e4   Data           4  shoot_task.o(.data)
    left_spd                                 0x200011e8   Data           4  shoot_task.o(.data)
    right_spd                                0x200011ec   Data           4  shoot_task.o(.data)
    CRC_INIT                                 0x2000121c   Data           2  protocol.o(.data)
    mode_stack_surplus                       0x20001220   Data           4  modeswitch_task.o(.data)
    last_global_ctrl_mode                    0x20001224   Data           1  modeswitch_task.o(.data)
    global_ctrl_mode                         0x20001225   Data           1  modeswitch_task.o(.data)
    info_stack_surplus                       0x20001228   Data           4  info_get_task.o(.data)
    info_time_last                           0x2000122c   Data           4  info_get_task.o(.data)
    info_time_ms                             0x20001230   Data           4  info_get_task.o(.data)
    twist_ramp                               0x20001234   Data          20  ramp.o(.data)
    can_send_surplus                         0x20001248   Data           4  comm_task.o(.data)
    UI_bull                                  0x2000124c   Data           1  ui_task.o(.data)
    seqcount                                 0x2000124d   Data           1  ui_task.o(.data)
    pxCurrentTCB                             0x20001250   Data           4  tasks.o(.data)
    defaultTaskHandle                        0x200012c4   Data           4  freertos.o(.data)
    shoot_task_t                             0x200012c8   Data           4  freertos.o(.data)
    can_msg_send_task_t                      0x200012cc   Data           4  freertos.o(.data)
    judgement_unpack_task_t                  0x200012d0   Data           4  freertos.o(.data)
    mode_sw_task_t                           0x200012d4   Data           4  freertos.o(.data)
    info_get_task_t                          0x200012d8   Data           4  freertos.o(.data)
    detect_task_t                            0x200012dc   Data           4  freertos.o(.data)
    imu_task_t                               0x200012e0   Data           4  freertos.o(.data)
    freq_info_task_t                         0x200012e4   Data           4  freertos.o(.data)
    judge_unpack_task_t                      0x200012e8   Data           4  freertos.o(.data)
    pc_unpack_task_t                         0x200012ec   Data           4  freertos.o(.data)
    debug_task_t                             0x200012f0   Data           4  freertos.o(.data)
    pc_info_task_t                           0x200012f4   Data           4  freertos.o(.data)
    oled_task_t                              0x200012f8   Data           4  freertos.o(.data)
    TJU_imu_task_t                           0x200012fc   Data           4  freertos.o(.data)
    ui_task_t                                0x20001300   Data           4  freertos.o(.data)
    chassis_timer_id                         0x20001304   Data           4  freertos.o(.data)
    gimbal_timer_id                          0x20001308   Data           4  freertos.o(.data)
    stack_over_flow_warning                  0x2000130c   Data           4  freertos.o(.data)
    mode_stack_surplus1                      0x20001310   Data           4  debug.o(.data)
    hcan1                                    0x20001318   Data          68  can.o(.bss)
    hcan2                                    0x2000135c   Data          68  can.o(.bss)
    hrtc                                     0x200013a0   Data          32  rtc.o(.bss)
    hspi5                                    0x200013c0   Data          88  spi.o(.bss)
    htim6                                    0x20001418   Data          60  stm32f4xx_hal_timebase_tim.o(.bss)
    htim1                                    0x20001454   Data          60  tim.o(.bss)
    htim2                                    0x20001490   Data          60  tim.o(.bss)
    htim3                                    0x200014cc   Data          60  tim.o(.bss)
    huart1                                   0x20001508   Data          64  usart.o(.bss)
    huart2                                   0x20001548   Data          64  usart.o(.bss)
    huart3                                   0x20001588   Data          64  usart.o(.bss)
    huart6                                   0x200015c8   Data          64  usart.o(.bss)
    hdma_usart1_rx                           0x20001608   Data          96  usart.o(.bss)
    hdma_usart2_rx                           0x20001668   Data          96  usart.o(.bss)
    hdma_usart2_tx                           0x200016c8   Data          96  usart.o(.bss)
    hdma_usart3_rx                           0x20001728   Data          96  usart.o(.bss)
    hdma_usart3_tx                           0x20001788   Data          96  usart.o(.bss)
    hdma_usart6_rx                           0x200017e8   Data          96  usart.o(.bss)
    hdma_usart6_tx                           0x20001848   Data          96  usart.o(.bss)
    hiwdg                                    0x200018a8   Data          12  iwdg.o(.bss)
    moto_pitch                               0x200018b4   Data          68  bsp_can.o(.bss)
    moto_yaw                                 0x200018f8   Data          68  bsp_can.o(.bss)
    moto_trigger                             0x2000193c   Data          68  bsp_can.o(.bss)
    moto_chassis                             0x20001980   Data         272  bsp_can.o(.bss)
    global_current                           0x20001a90   Data          18  bsp_can.o(.bss)
    moto_leftfric                            0x20001aa4   Data          68  bsp_can.o(.bss)
    moto_rightfric                           0x20001ae8   Data          68  bsp_can.o(.bss)
    glb_sw                                   0x20001bc8   Data          12  remote_info.o(.bss)
    rc                                       0x20001bd4   Data          20  remote_info.o(.bss)
    rm                                       0x20001be8   Data          20  remote_info.o(.bss)
    dbus_buf                                 0x20001bfc   Data          18  remote_info.o(.bss)
    km                                       0x20001c10   Data          36  keyboard_info.o(.bss)
    pc_buf                                   0x20001c34   Data          50  pc_info.o(.bss)
    debug_buf                                0x20001c66   Data          50  pc_info.o(.bss)
    pc_send_mesg                             0x20001c98   Data          96  pc_info.o(.bss)
    pc_recv_mesg                             0x20001cf8   Data         144  pc_info.o(.bss)
    judge_buf                                0x20001d88   Data         512  judgement_info.o(.bss)
    judge_rece_mesg                          0x20001f88   Data          51  judgement_info.o(.bss)
    mpu_data                                 0x20001fbc   Data          40  imu_info.o(.bss)
    imu                                      0x20001fe4   Data          56  imu_info.o(.bss)
    atti                                     0x2000201c   Data          36  imu_info.o(.bss)
    cali_param                               0x20002040   Data          60  calibrate_info.o(.bss)
    chassis                                  0x20002088   Data         104  chassis_task.o(.bss)
    i_last                                   0x200020f0   Data          16  chassis_task.o(.bss)
    current_last                             0x20002100   Data          16  chassis_task.o(.bss)
    gimbal                                   0x20002110   Data         100  gimbal_task.o(.bss)
    shoot                                    0x20002174   Data          19  shoot_task.o(.bss)
    trig                                     0x20002187   Data          24  shoot_task.o(.bss)
    g_err                                    0x200021a0   Data         144  errordetect_task.o(.bss)
    pid_yaw                                  0x20002230   Data          76  pid.o(.bss)
    pid_pit                                  0x2000227c   Data          76  pid.o(.bss)
    pid_yaw_spd                              0x200022c8   Data          76  pid.o(.bss)
    pid_pit_spd                              0x20002314   Data          76  pid.o(.bss)
    pid_spd                                  0x20002360   Data         304  pid.o(.bss)
    pid_chassis_angle                        0x20002490   Data          76  pid.o(.bss)
    pid_trigger                              0x200024dc   Data          76  pid.o(.bss)
    pid_trigger_spd                          0x20002528   Data          76  pid.o(.bss)
    pid_imu_tmp                              0x20002574   Data          76  pid.o(.bss)
    pid_current                              0x200025c0   Data         304  pid.o(.bss)
    pid_leftfric_spd                         0x200026f0   Data          76  pid.o(.bss)
    pid_rightfric_spd                        0x2000273c   Data          76  pid.o(.bss)
    message_onegraphic                       0x20002788   Data          30  ui_task.o(.bss)
    message_onebull                          0x200027a6   Data          90  ui_task.o(.bss)
    message_dele                             0x20002800   Data          17  ui_task.o(.bss)
    message_onefloat                         0x20002811   Data          30  ui_task.o(.bss)
    xQueueRegistry                           0x20002830   Data          64  queue.o(.bss)
    __initial_sp                             0x20007588   Data           0  startup_stm32f427xx.o(STACK)



==============================================================================

Memory Map of the image

  Image Entry point : 0x080001ad

  Load Region LR_IROM1 (Base: 0x08000000, Size: 0x00011444, Max: 0x00200000, ABSOLUTE, COMPRESSED[0x000105e0])

    Execution Region ER_IROM1 (Exec base: 0x08000000, Load base: 0x08000000, Size: 0x0001012c, Max: 0x00200000, ABSOLUTE)

    Exec Addr    Load Addr    Size         Type   Attr      Idx    E Section Name        Object

    0x08000000   0x08000000   0x000001ac   Data   RO         3381    RESET               startup_stm32f427xx.o
    0x080001ac   0x080001ac   0x00000000   Code   RO         7736  * .ARM.Collect$$$$00000000  mc_w.l(entry.o)
    0x080001ac   0x080001ac   0x00000004   Code   RO         8065    .ARM.Collect$$$$00000001  mc_w.l(entry2.o)
    0x080001b0   0x080001b0   0x00000004   Code   RO         8068    .ARM.Collect$$$$00000004  mc_w.l(entry5.o)
    0x080001b4   0x080001b4   0x00000000   Code   RO         8070    .ARM.Collect$$$$00000008  mc_w.l(entry7b.o)
    0x080001b4   0x080001b4   0x00000000   Code   RO         8072    .ARM.Collect$$$$0000000A  mc_w.l(entry8b.o)
    0x080001b4   0x080001b4   0x00000008   Code   RO         8073    .ARM.Collect$$$$0000000B  mc_w.l(entry9a.o)
    0x080001bc   0x080001bc   0x00000000   Code   RO         8075    .ARM.Collect$$$$0000000D  mc_w.l(entry10a.o)
    0x080001bc   0x080001bc   0x00000000   Code   RO         8077    .ARM.Collect$$$$0000000F  mc_w.l(entry11a.o)
    0x080001bc   0x080001bc   0x00000004   Code   RO         8066    .ARM.Collect$$$$00002712  mc_w.l(entry2.o)
    0x080001c0   0x080001c0   0x000000ba   Code   RO         7513    .emb_text           port.o
    0x0800027a   0x0800027a   0x00000002   PAD
    0x0800027c   0x0800027c   0x00000024   Code   RO         3382    .text               startup_stm32f427xx.o
    0x080002a0   0x080002a0   0x00000024   Code   RO         7739    .text               mc_w.l(memcpya.o)
    0x080002c4   0x080002c4   0x00000024   Code   RO         7741    .text               mc_w.l(memseta.o)
    0x080002e8   0x080002e8   0x000000e4   Code   RO         8006    .text               mf_w.l(dmul.o)
    0x080003cc   0x080003cc   0x00000022   Code   RO         8008    .text               mf_w.l(dflti.o)
    0x080003ee   0x080003ee   0x00000026   Code   RO         8010    .text               mf_w.l(f2d.o)
    0x08000414   0x08000414   0x00000030   Code   RO         8012    .text               mf_w.l(cdcmple.o)
    0x08000444   0x08000444   0x00000030   Code   RO         8014    .text               mf_w.l(cdrcmple.o)
    0x08000474   0x08000474   0x00000038   Code   RO         8016    .text               mf_w.l(d2f.o)
    0x080004ac   0x080004ac   0x0000002c   Code   RO         8079    .text               mc_w.l(uidiv.o)
    0x080004d8   0x080004d8   0x00000062   Code   RO         8081    .text               mc_w.l(uldiv.o)
    0x0800053a   0x0800053a   0x00000002   PAD
    0x0800053c   0x0800053c   0x0000009c   Code   RO         8090    .text               mc_w.l(strtod.o)
    0x080005d8   0x080005d8   0x00000000   Code   RO         8092    .text               mc_w.l(iusefp.o)
    0x080005d8   0x080005d8   0x0000006e   Code   RO         8093    .text               mf_w.l(fepilogue.o)
    0x08000646   0x08000646   0x000000ba   Code   RO         8095    .text               mf_w.l(depilogue.o)
    0x08000700   0x08000700   0x0000014e   Code   RO         8097    .text               mf_w.l(dadd.o)
    0x0800084e   0x0800084e   0x000000de   Code   RO         8099    .text               mf_w.l(ddiv.o)
    0x0800092c   0x0800092c   0x000000a2   Code   RO         8103    .text               mf_w.l(dsqrt.o)
    0x080009ce   0x080009ce   0x00000030   Code   RO         8105    .text               mf_w.l(dfixul.o)
    0x080009fe   0x080009fe   0x00000002   PAD
    0x08000a00   0x08000a00   0x00000024   Code   RO         8107    .text               mc_w.l(init.o)
    0x08000a24   0x08000a24   0x0000001e   Code   RO         8109    .text               mc_w.l(llshl.o)
    0x08000a42   0x08000a42   0x00000020   Code   RO         8111    .text               mc_w.l(llushr.o)
    0x08000a62   0x08000a62   0x00000024   Code   RO         8113    .text               mc_w.l(llsshr.o)
    0x08000a86   0x08000a86   0x0000000a   Code   RO         8115    .text               mc_w.l(isspace_c.o)
    0x08000a90   0x08000a90   0x00000338   Code   RO         8117    .text               mc_w.l(scanf_fp.o)
    0x08000dc8   0x08000dc8   0x00000040   Code   RO         8121    .text               mc_w.l(_sgetc.o)
    0x08000e08   0x08000e08   0x0000001a   Code   RO         8123    .text               mf_w.l(dfltui.o)
    0x08000e22   0x08000e22   0x0000003e   Code   RO         8125    .text               mf_w.l(dfixi.o)
    0x08000e60   0x08000e60   0x00000028   Code   RO         8127    .text               mc_w.l(ctype_c.o)
    0x08000e88   0x08000e88   0x00000018   Code   RO         8130    .text               mf_w.l(dfltul.o)
    0x08000ea0   0x08000ea0   0x00000056   Code   RO         8140    .text               mc_w.l(__dczerorl2.o)
    0x08000ef6   0x08000ef6   0x00000004   Code   RO         3958    i.BusFault_Handler  stm32f4xx_it.o
    0x08000efa   0x08000efa   0x00000002   PAD
    0x08000efc   0x08000efc   0x00000010   Code   RO         3959    i.CAN1_RX0_IRQHandler  stm32f4xx_it.o
    0x08000f0c   0x08000f0c   0x00000010   Code   RO         3960    i.CAN1_TX_IRQHandler  stm32f4xx_it.o
    0x08000f1c   0x08000f1c   0x00000010   Code   RO         3961    i.CAN2_RX0_IRQHandler  stm32f4xx_it.o
    0x08000f2c   0x08000f2c   0x00000010   Code   RO         3962    i.CAN2_TX_IRQHandler  stm32f4xx_it.o
    0x08000f3c   0x08000f3c   0x000001c2   Code   RO          317    i.CAN_Receive_IT    stm32f4xx_hal_can.o
    0x080010fe   0x080010fe   0x00000062   Code   RO          318    i.CAN_Transmit_IT   stm32f4xx_hal_can.o
    0x08001160   0x08001160   0x00000010   Code   RO         3963    i.DMA1_Stream1_IRQHandler  stm32f4xx_it.o
    0x08001170   0x08001170   0x00000010   Code   RO         3964    i.DMA1_Stream3_IRQHandler  stm32f4xx_it.o
    0x08001180   0x08001180   0x00000010   Code   RO         3965    i.DMA1_Stream5_IRQHandler  stm32f4xx_it.o
    0x08001190   0x08001190   0x00000010   Code   RO         3966    i.DMA1_Stream6_IRQHandler  stm32f4xx_it.o
    0x080011a0   0x080011a0   0x00000010   Code   RO         3967    i.DMA2_Stream1_IRQHandler  stm32f4xx_it.o
    0x080011b0   0x080011b0   0x00000010   Code   RO         3968    i.DMA2_Stream2_IRQHandler  stm32f4xx_it.o
    0x080011c0   0x080011c0   0x00000010   Code   RO         3969    i.DMA2_Stream7_IRQHandler  stm32f4xx_it.o
    0x080011d0   0x080011d0   0x00000034   Code   RO          587    i.DMA_CalcBaseAndBitshift  stm32f4xx_hal_dma.o
    0x08001204   0x08001204   0x000000aa   Code   RO          588    i.DMA_CheckFifoParam  stm32f4xx_hal_dma.o
    0x080012ae   0x080012ae   0x0000002c   Code   RO          589    i.DMA_SetConfig     stm32f4xx_hal_dma.o
    0x080012da   0x080012da   0x00000002   Code   RO         3970    i.DebugMon_Handler  stm32f4xx_it.o
    0x080012dc   0x080012dc   0x0000003c   Code   RO         4694    i.EndIdleMonitor    cpu_utils.o
    0x08001318   0x08001318   0x00000108   Code   RO          319    i.HAL_CAN_ConfigFilter  stm32f4xx_hal_can.o
    0x08001420   0x08001420   0x00000002   Code   RO          321    i.HAL_CAN_ErrorCallback  stm32f4xx_hal_can.o
    0x08001422   0x08001422   0x00000002   PAD
    0x08001424   0x08001424   0x00000254   Code   RO          324    i.HAL_CAN_IRQHandler  stm32f4xx_hal_can.o
    0x08001678   0x08001678   0x000001bc   Code   RO          325    i.HAL_CAN_Init      stm32f4xx_hal_can.o
    0x08001834   0x08001834   0x00000134   Code   RO         3390    i.HAL_CAN_MspInit   can.o
    0x08001968   0x08001968   0x0000010c   Code   RO          329    i.HAL_CAN_Receive_IT  stm32f4xx_hal_can.o
    0x08001a74   0x08001a74   0x0000014c   Code   RO         4402    i.HAL_CAN_RxCpltCallback  bsp_can.o
    0x08001bc0   0x08001bc0   0x000002b8   Code   RO          332    i.HAL_CAN_Transmit  stm32f4xx_hal_can.o
    0x08001e78   0x08001e78   0x00000002   Code   RO          334    i.HAL_CAN_TxCpltCallback  stm32f4xx_hal_can.o
    0x08001e7a   0x08001e7a   0x00000028   Code   RO          591    i.HAL_DMA_Abort_IT  stm32f4xx_hal_dma.o
    0x08001ea2   0x08001ea2   0x00000002   PAD
    0x08001ea4   0x08001ea4   0x00000248   Code   RO          595    i.HAL_DMA_IRQHandler  stm32f4xx_hal_dma.o
    0x080020ec   0x080020ec   0x000000ec   Code   RO          596    i.HAL_DMA_Init      stm32f4xx_hal_dma.o
    0x080021d8   0x080021d8   0x00000066   Code   RO          599    i.HAL_DMA_Start     stm32f4xx_hal_dma.o
    0x0800223e   0x0800223e   0x0000001e   Code   RO          155    i.HAL_Delay         stm32f4xx_hal.o
    0x0800225c   0x0800225c   0x0000021c   Code   RO         1023    i.HAL_GPIO_Init     stm32f4xx_hal_gpio.o
    0x08002478   0x08002478   0x00000008   Code   RO         1026    i.HAL_GPIO_TogglePin  stm32f4xx_hal_gpio.o
    0x08002480   0x08002480   0x0000000c   Code   RO         1027    i.HAL_GPIO_WritePin  stm32f4xx_hal_gpio.o
    0x0800248c   0x0800248c   0x0000000c   Code   RO          163    i.HAL_GetTick       stm32f4xx_hal.o
    0x08002498   0x08002498   0x00000050   Code   RO         3352    i.HAL_IWDG_Init     stm32f4xx_hal_iwdg.o
    0x080024e8   0x080024e8   0x0000000e   Code   RO         3353    i.HAL_IWDG_Refresh  stm32f4xx_hal_iwdg.o
    0x080024f6   0x080024f6   0x00000002   PAD
    0x080024f8   0x080024f8   0x00000010   Code   RO          165    i.HAL_IncTick       stm32f4xx_hal.o
    0x08002508   0x08002508   0x0000003c   Code   RO          166    i.HAL_Init          stm32f4xx_hal.o
    0x08002544   0x08002544   0x0000008c   Code   RO         3918    i.HAL_InitTick      stm32f4xx_hal_timebase_tim.o
    0x080025d0   0x080025d0   0x00000056   Code   RO         3894    i.HAL_MspInit       stm32f4xx_hal_msp.o
    0x08002626   0x08002626   0x0000001a   Code   RO          452    i.HAL_NVIC_EnableIRQ  stm32f4xx_hal_cortex.o
    0x08002640   0x08002640   0x0000007c   Code   RO          458    i.HAL_NVIC_SetPriority  stm32f4xx_hal_cortex.o
    0x080026bc   0x080026bc   0x00000028   Code   RO          459    i.HAL_NVIC_SetPriorityGrouping  stm32f4xx_hal_cortex.o
    0x080026e4   0x080026e4   0x000000a4   Code   RO         1212    i.HAL_PWREx_EnableOverDrive  stm32f4xx_hal_pwr_ex.o
    0x08002788   0x08002788   0x00000370   Code   RO         1382    i.HAL_RCCEx_PeriphCLKConfig  stm32f4xx_hal_rcc_ex.o
    0x08002af8   0x08002af8   0x000001d0   Code   RO         1279    i.HAL_RCC_ClockConfig  stm32f4xx_hal_rcc.o
    0x08002cc8   0x08002cc8   0x00000044   Code   RO         1283    i.HAL_RCC_GetClockConfig  stm32f4xx_hal_rcc.o
    0x08002d0c   0x08002d0c   0x0000000c   Code   RO         1284    i.HAL_RCC_GetHCLKFreq  stm32f4xx_hal_rcc.o
    0x08002d18   0x08002d18   0x0000002c   Code   RO         1286    i.HAL_RCC_GetPCLK1Freq  stm32f4xx_hal_rcc.o
    0x08002d44   0x08002d44   0x0000002c   Code   RO         1287    i.HAL_RCC_GetPCLK2Freq  stm32f4xx_hal_rcc.o
    0x08002d70   0x08002d70   0x000000b4   Code   RO         1288    i.HAL_RCC_GetSysClockFreq  stm32f4xx_hal_rcc.o
    0x08002e24   0x08002e24   0x0000044c   Code   RO         1291    i.HAL_RCC_OscConfig  stm32f4xx_hal_rcc.o
    0x08003270   0x08003270   0x00000012   Code   RO         1561    i.HAL_RTCEx_BKUPRead  stm32f4xx_hal_rtc_ex.o
    0x08003282   0x08003282   0x00000012   Code   RO         1562    i.HAL_RTCEx_BKUPWrite  stm32f4xx_hal_rtc_ex.o
    0x08003294   0x08003294   0x000000fe   Code   RO         1587    i.HAL_RTCEx_SetWakeUpTimer  stm32f4xx_hal_rtc_ex.o
    0x08003392   0x08003392   0x00000002   PAD
    0x08003394   0x08003394   0x000000b4   Code   RO         1430    i.HAL_RTC_Init      stm32f4xx_hal_rtc.o
    0x08003448   0x08003448   0x00000018   Code   RO         3811    i.HAL_RTC_MspInit   rtc.o
    0x08003460   0x08003460   0x00000114   Code   RO         1436    i.HAL_RTC_SetDate   stm32f4xx_hal_rtc.o
    0x08003574   0x08003574   0x00000134   Code   RO         1437    i.HAL_RTC_SetTime   stm32f4xx_hal_rtc.o
    0x080036a8   0x080036a8   0x0000003a   Code   RO         1438    i.HAL_RTC_WaitForSynchro  stm32f4xx_hal_rtc.o
    0x080036e2   0x080036e2   0x0000008c   Code   RO         1817    i.HAL_SPI_Init      stm32f4xx_hal_spi.o
    0x0800376e   0x0800376e   0x00000002   PAD
    0x08003770   0x08003770   0x0000005c   Code   RO         3853    i.HAL_SPI_MspInit   spi.o
    0x080037cc   0x080037cc   0x0000021e   Code   RO         1826    i.HAL_SPI_TransmitReceive  stm32f4xx_hal_spi.o
    0x080039ea   0x080039ea   0x00000028   Code   RO          461    i.HAL_SYSTICK_CLKSourceConfig  stm32f4xx_hal_cortex.o
    0x08003a12   0x08003a12   0x00000034   Code   RO          463    i.HAL_SYSTICK_Config  stm32f4xx_hal_cortex.o
    0x08003a46   0x08003a46   0x00000002   Code   RO         2764    i.HAL_TIMEx_BreakCallback  stm32f4xx_hal_tim_ex.o
    0x08003a48   0x08003a48   0x00000002   Code   RO         2765    i.HAL_TIMEx_CommutationCallback  stm32f4xx_hal_tim_ex.o
    0x08003a4a   0x08003a4a   0x0000007e   Code   RO         2766    i.HAL_TIMEx_ConfigBreakDeadTime  stm32f4xx_hal_tim_ex.o
    0x08003ac8   0x08003ac8   0x00000062   Code   RO         2781    i.HAL_TIMEx_MasterConfigSynchronization  stm32f4xx_hal_tim_ex.o
    0x08003b2a   0x08003b2a   0x00000034   Code   RO         2125    i.HAL_TIM_Base_Init  stm32f4xx_hal_tim.o
    0x08003b5e   0x08003b5e   0x00000002   Code   RO         2127    i.HAL_TIM_Base_MspInit  stm32f4xx_hal_tim.o
    0x08003b60   0x08003b60   0x0000001e   Code   RO         2130    i.HAL_TIM_Base_Start_IT  stm32f4xx_hal_tim.o
    0x08003b7e   0x08003b7e   0x00000002   Code   RO         2154    i.HAL_TIM_IC_CaptureCallback  stm32f4xx_hal_tim.o
    0x08003b80   0x08003b80   0x00000196   Code   RO         2167    i.HAL_TIM_IRQHandler  stm32f4xx_hal_tim.o
    0x08003d16   0x08003d16   0x00000002   PAD
    0x08003d18   0x08003d18   0x000000a8   Code   RO         4168    i.HAL_TIM_MspPostInit  tim.o
    0x08003dc0   0x08003dc0   0x00000002   Code   RO         2170    i.HAL_TIM_OC_DelayElapsedCallback  stm32f4xx_hal_tim.o
    0x08003dc2   0x08003dc2   0x00000108   Code   RO         2191    i.HAL_TIM_PWM_ConfigChannel  stm32f4xx_hal_tim.o
    0x08003eca   0x08003eca   0x00000034   Code   RO         2194    i.HAL_TIM_PWM_Init  stm32f4xx_hal_tim.o
    0x08003efe   0x08003efe   0x00000002   PAD
    0x08003f00   0x08003f00   0x00000090   Code   RO         4170    i.HAL_TIM_PWM_MspInit  tim.o
    0x08003f90   0x08003f90   0x00000002   Code   RO         2197    i.HAL_TIM_PWM_PulseFinishedCallback  stm32f4xx_hal_tim.o
    0x08003f92   0x08003f92   0x00000002   PAD
    0x08003f94   0x08003f94   0x0000004c   Code   RO         2198    i.HAL_TIM_PWM_Start  stm32f4xx_hal_tim.o
    0x08003fe0   0x08003fe0   0x00000018   Code   RO         3492    i.HAL_TIM_PeriodElapsedCallback  main.o
    0x08003ff8   0x08003ff8   0x00000002   Code   RO         2208    i.HAL_TIM_TriggerCallback  stm32f4xx_hal_tim.o
    0x08003ffa   0x08003ffa   0x00000002   Code   RO         3024    i.HAL_UART_ErrorCallback  stm32f4xx_hal_uart.o
    0x08003ffc   0x08003ffc   0x0000014c   Code   RO         3027    i.HAL_UART_IRQHandler  stm32f4xx_hal_uart.o
    0x08004148   0x08004148   0x00000072   Code   RO         3028    i.HAL_UART_Init     stm32f4xx_hal_uart.o
    0x080041ba   0x080041ba   0x00000002   PAD
    0x080041bc   0x080041bc   0x0000039c   Code   RO         4230    i.HAL_UART_MspInit  usart.o
    0x08004558   0x08004558   0x00000002   Code   RO         3034    i.HAL_UART_RxCpltCallback  stm32f4xx_hal_uart.o
    0x0800455a   0x0800455a   0x000000d6   Code   RO         3036    i.HAL_UART_Transmit  stm32f4xx_hal_uart.o
    0x08004630   0x08004630   0x00000002   Code   RO         3039    i.HAL_UART_TxCpltCallback  stm32f4xx_hal_uart.o
    0x08004632   0x08004632   0x00000004   Code   RO         3971    i.HardFault_Handler  stm32f4xx_it.o
    0x08004636   0x08004636   0x00000002   PAD
    0x08004638   0x08004638   0x00000038   Code   RO         4767    i.IIC_Init          bsp_imu_9250.o
    0x08004670   0x08004670   0x0000003a   Code   RO         4849    i.LCD_Fill          bsp_oled.o
    0x080046aa   0x080046aa   0x00000002   PAD
    0x080046ac   0x080046ac   0x000000f4   Code   RO         4850    i.LCD_Init          bsp_oled.o
    0x080047a0   0x080047a0   0x00000024   Code   RO         4855    i.LCD_Set_Pos       bsp_oled.o
    0x080047c4   0x080047c4   0x000000a0   Code   RO         4856    i.LCD_WrCmd         bsp_oled.o
    0x08004864   0x08004864   0x000000a0   Code   RO         4857    i.LCD_WrDat         bsp_oled.o
    0x08004904   0x08004904   0x00000058   Code   RO         3391    i.MX_CAN1_Init      can.o
    0x0800495c   0x0800495c   0x0000005c   Code   RO         3392    i.MX_CAN2_Init      can.o
    0x080049b8   0x080049b8   0x000000b8   Code   RO         3441    i.MX_DMA_Init       dma.o
    0x08004a70   0x08004a70   0x00000124   Code   RO         7593    i.MX_FREERTOS_Init  freertos.o
    0x08004b94   0x08004b94   0x000002dc   Code   RO         3468    i.MX_GPIO_Init      gpio.o
    0x08004e70   0x08004e70   0x0000003c   Code   RO         4289    i.MX_IWDG_Init      iwdg.o
    0x08004eac   0x08004eac   0x000000d0   Code   RO         3812    i.MX_RTC_Init       rtc.o
    0x08004f7c   0x08004f7c   0x00000058   Code   RO         3854    i.MX_SPI5_Init      spi.o
    0x08004fd4   0x08004fd4   0x000000d0   Code   RO         4171    i.MX_TIM1_Init      tim.o
    0x080050a4   0x080050a4   0x00000088   Code   RO         4172    i.MX_TIM2_Init      tim.o
    0x0800512c   0x0800512c   0x00000094   Code   RO         4173    i.MX_TIM3_Init      tim.o
    0x080051c0   0x080051c0   0x00000050   Code   RO         4231    i.MX_USART1_UART_Init  usart.o
    0x08005210   0x08005210   0x0000004c   Code   RO         4232    i.MX_USART2_UART_Init  usart.o
    0x0800525c   0x0800525c   0x0000004c   Code   RO         4233    i.MX_USART3_UART_Init  usart.o
    0x080052a8   0x080052a8   0x0000004c   Code   RO         4234    i.MX_USART6_UART_Init  usart.o
    0x080052f4   0x080052f4   0x00000004   Code   RO         3972    i.MemManage_Handler  stm32f4xx_it.o
    0x080052f8   0x080052f8   0x00000002   Code   RO         3973    i.NMI_Handler       stm32f4xx_it.o
    0x080052fa   0x080052fa   0x00000002   PAD
    0x080052fc   0x080052fc   0x00000010   Code   RO          465    i.NVIC_GetPriorityGrouping  stm32f4xx_hal_cortex.o
    0x0800530c   0x0800530c   0x00000028   Code   RO          466    i.NVIC_SetPriority  stm32f4xx_hal_cortex.o
    0x08005334   0x08005334   0x00000060   Code   RO         6033    i.PID_struct_init   pid.o
    0x08005394   0x08005394   0x00000016   Code   RO         1439    i.RTC_Bcd2ToByte    stm32f4xx_hal_rtc.o
    0x080053aa   0x080053aa   0x0000001a   Code   RO         1440    i.RTC_ByteToBcd2    stm32f4xx_hal_rtc.o
    0x080053c4   0x080053c4   0x0000003e   Code   RO         1441    i.RTC_EnterInitMode  stm32f4xx_hal_rtc.o
    0x08005402   0x08005402   0x00000028   Code   RO         1841    i.SPI_CheckFlag_BSY  stm32f4xx_hal_spi.o
    0x0800542a   0x0800542a   0x000000aa   Code   RO         1859    i.SPI_WaitFlagStateUntilTimeout  stm32f4xx_hal_spi.o
    0x080054d4   0x080054d4   0x0000000a   Code   RO         7594    i.StartDefaultTask  freertos.o
    0x080054de   0x080054de   0x00000002   PAD
    0x080054e0   0x080054e0   0x00000020   Code   RO         4695    i.StartIdleMonitor  cpu_utils.o
    0x08005500   0x08005500   0x00000008   Code   RO         3974    i.SysTick_Handler   stm32f4xx_it.o
    0x08005508   0x08005508   0x00000108   Code   RO         3493    i.SystemClock_Config  main.o
    0x08005610   0x08005610   0x00000064   Code   RO            5    i.SystemInit        system_stm32f4xx.o
    0x08005674   0x08005674   0x00000010   Code   RO         3975    i.TIM6_DAC_IRQHandler  stm32f4xx_it.o
    0x08005684   0x08005684   0x000000e4   Code   RO         2209    i.TIM_Base_SetConfig  stm32f4xx_hal_tim.o
    0x08005768   0x08005768   0x0000001c   Code   RO         2210    i.TIM_CCxChannelCmd  stm32f4xx_hal_tim.o
    0x08005784   0x08005784   0x00000070   Code   RO         2218    i.TIM_OC1_SetConfig  stm32f4xx_hal_tim.o
    0x080057f4   0x080057f4   0x00000078   Code   RO         2219    i.TIM_OC2_SetConfig  stm32f4xx_hal_tim.o
    0x0800586c   0x0800586c   0x00000078   Code   RO         2220    i.TIM_OC3_SetConfig  stm32f4xx_hal_tim.o
    0x080058e4   0x080058e4   0x00000060   Code   RO         2221    i.TIM_OC4_SetConfig  stm32f4xx_hal_tim.o
    0x08005944   0x08005944   0x00000014   Code   RO         3041    i.UART_DMAAbortOnError  stm32f4xx_hal_uart.o
    0x08005958   0x08005958   0x00000020   Code   RO         3051    i.UART_EndRxTransfer  stm32f4xx_hal_uart.o
    0x08005978   0x08005978   0x00000020   Code   RO         3052    i.UART_EndTransmit_IT  stm32f4xx_hal_uart.o
    0x08005998   0x08005998   0x00000066   Code   RO         4319    i.UART_Receive_DMA_No_IT  bsp_uart.o
    0x080059fe   0x080059fe   0x0000009a   Code   RO         3054    i.UART_Receive_IT   stm32f4xx_hal_uart.o
    0x08005a98   0x08005a98   0x00000368   Code   RO         3055    i.UART_SetConfig    stm32f4xx_hal_uart.o
    0x08005e00   0x08005e00   0x00000068   Code   RO         3056    i.UART_Transmit_IT  stm32f4xx_hal_uart.o
    0x08005e68   0x08005e68   0x0000006c   Code   RO         3057    i.UART_WaitOnFlagUntilTimeout  stm32f4xx_hal_uart.o
    0x08005ed4   0x08005ed4   0x00000008   Code   RO         6225    i.UI_Init           ui_task.o
    0x08005edc   0x08005edc   0x00000014   Code   RO         3976    i.USART1_IRQHandler  stm32f4xx_it.o
    0x08005ef0   0x08005ef0   0x00000020   Code   RO         3977    i.USART2_IRQHandler  stm32f4xx_it.o
    0x08005f10   0x08005f10   0x00000014   Code   RO         3978    i.USART3_IRQHandler  stm32f4xx_it.o
    0x08005f24   0x08005f24   0x00000020   Code   RO         3979    i.USART6_IRQHandler  stm32f4xx_it.o
    0x08005f44   0x08005f44   0x00000004   Code   RO         3980    i.UsageFault_Handler  stm32f4xx_it.o
    0x08005f48   0x08005f48   0x00000004   Code   RO         3494    i._Error_Handler    main.o
    0x08005f4c   0x08005f4c   0x00000020   Code   RO         7978    i.__0printf         mc_w.l(printfa.o)
    0x08005f6c   0x08005f6c   0x00000030   Code   RO         8049    i.__ARM_fpclassify  m_wm.l(fpclassify.o)
    0x08005f9c   0x08005f9c   0x00000004   PAD
    0x08005fa0   0x08005fa0   0x00000360   Code   RO         7674    i.__hardfp_asin     m_wm.l(asin.o)
    0x08006300   0x08006300   0x000002d8   Code   RO         8018    i.__hardfp_atan     m_wm.l(atan.o)
    0x080065d8   0x080065d8   0x000001f0   Code   RO         7688    i.__hardfp_atan2    m_wm.l(atan2.o)
    0x080067c8   0x080067c8   0x00000014   Code   RO         7700    i.__hardfp_fabs     m_wm.l(fabs.o)
    0x080067dc   0x080067dc   0x00000004   PAD
    0x080067e0   0x080067e0   0x000000c8   Code   RO         7706    i.__hardfp_sin      m_wm.l(sin.o)
    0x080068a8   0x080068a8   0x0000007a   Code   RO         7718    i.__hardfp_sqrt     m_wm.l(sqrt.o)
    0x08006922   0x08006922   0x00000006   PAD
    0x08006928   0x08006928   0x00000038   Code   RO         7730    i.__hardfp_strtof   m_wm.l(strtof.o)
    0x08006960   0x08006960   0x00000438   Code   RO         8054    i.__ieee754_rem_pio2  m_wm.l(rred.o)
    0x08006d98   0x08006d98   0x00000170   Code   RO         8032    i.__kernel_cos      m_wm.l(cos_i.o)
    0x08006f08   0x08006f08   0x000000f8   Code   RO         8051    i.__kernel_poly     m_wm.l(poly.o)
    0x08007000   0x08007000   0x00000130   Code   RO         8059    i.__kernel_sin      m_wm.l(sin_i.o)
    0x08007130   0x08007130   0x00000014   Code   RO         8036    i.__mathlib_dbl_infnan  m_wm.l(dunder.o)
    0x08007144   0x08007144   0x00000014   Code   RO         8037    i.__mathlib_dbl_infnan2  m_wm.l(dunder.o)
    0x08007158   0x08007158   0x00000020   Code   RO         8038    i.__mathlib_dbl_invalid  m_wm.l(dunder.o)
    0x08007178   0x08007178   0x00000020   Code   RO         8041    i.__mathlib_dbl_underflow  m_wm.l(dunder.o)
    0x08007198   0x08007198   0x0000000e   Code   RO         8134    i.__scatterload_copy  mc_w.l(handlers.o)
    0x080071a6   0x080071a6   0x00000002   Code   RO         8135    i.__scatterload_null  mc_w.l(handlers.o)
    0x080071a8   0x080071a8   0x0000000e   Code   RO         8136    i.__scatterload_zeroinit  mc_w.l(handlers.o)
    0x080071b6   0x080071b6   0x00000002   PAD
    0x080071b8   0x080071b8   0x0000000c   Code   RO         8085    i.__set_errno       mc_w.l(errno.o)
    0x080071c4   0x080071c4   0x00000164   Code   RO         7985    i._fp_digits        mc_w.l(printfa.o)
    0x08007328   0x08007328   0x0000000e   Code   RO         8119    i._is_digit         mc_w.l(scanf_fp.o)
    0x08007336   0x08007336   0x00000002   PAD
    0x08007338   0x08007338   0x000006dc   Code   RO         7986    i._printf_core      mc_w.l(printfa.o)
    0x08007a14   0x08007a14   0x00000024   Code   RO         7987    i._printf_post_padding  mc_w.l(printfa.o)
    0x08007a38   0x08007a38   0x0000002e   Code   RO         7988    i._printf_pre_padding  mc_w.l(printfa.o)
    0x08007a66   0x08007a66   0x0000002e   Code   RO         6034    i.abs_limit         pid.o
    0x08007a94   0x08007a94   0x00000084   Code   RO         5562    i.abs_sum4          chassis_task.o
    0x08007b18   0x08007b18   0x00000030   Code   RO         5845    i.append_crc16_check_sum  protocol.o
    0x08007b48   0x08007b48   0x00000026   Code   RO         5846    i.append_crc8_check_sum  protocol.o
    0x08007b6e   0x08007b6e   0x00000010   Code   RO         8020    i.atan              m_wm.l(atan.o)
    0x08007b7e   0x08007b7e   0x00000002   PAD
    0x08007b80   0x08007b80   0x00000264   Code   RO         5767    i.block_bullet_handler  shoot_task.o
    0x08007de4   0x08007de4   0x00000018   Code   RO         5507    i.cali_data_read    calibrate_info.o
    0x08007dfc   0x08007dfc   0x0000002c   Code   RO         5508    i.cali_param_init   calibrate_info.o
    0x08007e28   0x08007e28   0x00000068   Code   RO         4403    i.can_device_init   bsp_can.o
    0x08007e90   0x08007e90   0x0000006c   Code   RO         6121    i.can_msg_send_task  comm_task.o
    0x08007efc   0x08007efc   0x0000001c   Code   RO         4404    i.can_receive_start  bsp_can.o
    0x08007f18   0x08007f18   0x00000020   Code   RO         5563    i.chassis_is_controllable  chassis_task.o
    0x08007f38   0x08007f38   0x00000100   Code   RO         5903    i.chassis_mode_handler  modeswitch_task.o
    0x08008038   0x08008038   0x0000004c   Code   RO         5206    i.chassis_operation_fun  keyboard_info.o
    0x08008084   0x08008084   0x00000070   Code   RO         5128    i.chassis_operation_func  remote_info.o
    0x080080f4   0x080080f4   0x000000ac   Code   RO         5564    i.chassis_param_init  chassis_task.o
    0x080081a0   0x080081a0   0x00000024   Code   RO         5565    i.chassis_stop_handler  chassis_task.o
    0x080081c4   0x080081c4   0x000001c0   Code   RO         5566    i.chassis_task      chassis_task.o
    0x08008384   0x08008384   0x000000d8   Code   RO         5567    i.chassis_twist_handler  chassis_task.o
    0x0800845c   0x0800845c   0x00000214   Code   RO         5675    i.closed_loop_handler  gimbal_task.o
    0x08008670   0x08008670   0x00000044   Code   RO         4321    i.computer_uart_init  bsp_uart.o
    0x080086b4   0x080086b4   0x00000048   Code   RO         5568    i.cosx              chassis_task.o
    0x080086fc   0x080086fc   0x00000040   Code   RO         4322    i.dbus_uart_init    bsp_uart.o
    0x0800873c   0x0800873c   0x00000130   Code   RO         5309    i.debug_pid         pc_info.o
    0x0800886c   0x0800886c   0x00000090   Code   RO         7648    i.debug_task        debug.o
    0x080088fc   0x080088fc   0x00000044   Code   RO         4323    i.debug_uart_init   bsp_uart.o
    0x08008940   0x08008940   0x00000008   Code   RO         4324    i.dma_current_data_counter  bsp_uart.o
    0x08008948   0x08008948   0x000000d8   Code   RO         5768    i.empty_judge       shoot_task.o
    0x08008a20   0x08008a20   0x00000118   Code   RO         4405    i.encoder_data_handler  bsp_can.o
    0x08008b38   0x08008b38   0x00000040   Code   RO         5207    i.exit_buff_hook    keyboard_info.o
    0x08008b78   0x08008b78   0x00000018   Code   RO         7702    i.fabs              m_wm.l(fabs.o)
    0x08008b90   0x08008b90   0x000000f0   Code   RO         5569    i.follow_gimbal_handler  chassis_task.o
    0x08008c80   0x08008c80   0x0000001c   Code   RO         4325    i.fputc             bsp_uart.o
    0x08008c9c   0x08008c9c   0x00000024   Code   RO         5769    i.fric_wheel_ctrl   shoot_task.o
    0x08008cc0   0x08008cc0   0x00000034   Code   RO         5009    i.get_chassis_info  chassis_info.o
    0x08008cf4   0x08008cf4   0x00000030   Code   RO         5904    i.get_chassis_mode  modeswitch_task.o
    0x08008d24   0x08008d24   0x00000034   Code   RO         5847    i.get_crc16_check_sum  protocol.o
    0x08008d58   0x08008d58   0x00000024   Code   RO         5848    i.get_crc8_check_sum  protocol.o
    0x08008d7c   0x08008d7c   0x000000c4   Code   RO         5060    i.get_gimbal_info   gimbal_info.o
    0x08008e40   0x08008e40   0x00000050   Code   RO         5905    i.get_gimbal_mode   modeswitch_task.o
    0x08008e90   0x08008e90   0x00000018   Code   RO         5129    i.get_global_last_info  remote_info.o
    0x08008ea8   0x08008ea8   0x0000002c   Code   RO         5906    i.get_global_last_mode  modeswitch_task.o
    0x08008ed4   0x08008ed4   0x00000074   Code   RO         5907    i.get_main_ctrl_mode  modeswitch_task.o
    0x08008f48   0x08008f48   0x00000014   Code   RO         4406    i.get_moto_offset   bsp_can.o
    0x08008f5c   0x08008f5c   0x0000003a   Code   RO         5061    i.get_relative_pos  gimbal_info.o
    0x08008f96   0x08008f96   0x00000002   PAD
    0x08008f98   0x08008f98   0x00000048   Code   RO         5101    i.get_shoot_info    shoot_info.o
    0x08008fe0   0x08008fe0   0x000000b0   Code   RO         5908    i.get_shoot_mode    modeswitch_task.o
    0x08009090   0x08009090   0x00000020   Code   RO         5676    i.gimbal_back_param  gimbal_task.o
    0x080090b0   0x080090b0   0x00000030   Code   RO         5677    i.gimbal_is_controllable  gimbal_task.o
    0x080090e0   0x080090e0   0x00000344   Code   RO         5909    i.gimbal_mode_handler  modeswitch_task.o
    0x08009424   0x08009424   0x0000014c   Code   RO         5208    i.gimbal_operation_fun  keyboard_info.o
    0x08009570   0x08009570   0x0000003c   Code   RO         5130    i.gimbal_operation_func  remote_info.o
    0x080095ac   0x080095ac   0x00000158   Code   RO         5678    i.gimbal_param_init  gimbal_task.o
    0x08009704   0x08009704   0x00000198   Code   RO         5679    i.gimbal_patrol_handler  gimbal_task.o
    0x0800989c   0x0800989c   0x00000010   Code   RO         5680    i.gimbal_self_check  gimbal_task.o
    0x080098ac   0x080098ac   0x00000224   Code   RO         5681    i.gimbal_task       gimbal_task.o
    0x08009ad0   0x08009ad0   0x000007e0   Code   RO         5444    i.imu_AHRS_update   imu_info.o
    0x0800a2b0   0x0800a2b0   0x000002a8   Code   RO         5445    i.imu_attitude_update  imu_info.o
    0x0800a558   0x0800a558   0x00000008   Code   RO         5446    i.imu_param_init    imu_info.o
    0x0800a560   0x0800a560   0x00000050   Code   RO         5447    i.imu_task          imu_info.o
    0x0800a5b0   0x0800a5b0   0x00000024   Code   RO         5448    i.imu_temp_ctrl_init  imu_info.o
    0x0800a5d4   0x0800a5d4   0x00000044   Code   RO         5449    i.imu_temp_keep     imu_info.o
    0x0800a618   0x0800a618   0x00000010   Code   RO         7089    i.inHandlerMode     cmsis_os.o
    0x0800a628   0x0800a628   0x00000074   Code   RO         5976    i.info_get_task     info_get_task.o
    0x0800a69c   0x0800a69c   0x000000d0   Code   RO         5682    i.init_mode_handler  gimbal_task.o
    0x0800a76c   0x0800a76c   0x0000003c   Code   RO         5450    i.invSqrt           imu_info.o
    0x0800a7a8   0x0800a7a8   0x00000100   Code   RO         4535    i.ist8310_init      bsp_imu.o
    0x0800a8a8   0x0800a8a8   0x0000003a   Code   RO         4536    i.ist_reg_read_by_mpu  bsp_imu.o
    0x0800a8e2   0x0800a8e2   0x00000040   Code   RO         4537    i.ist_reg_write_by_mpu  bsp_imu.o
    0x0800a922   0x0800a922   0x00000002   PAD
    0x0800a924   0x0800a924   0x00000148   Code   RO         5402    i.judgementDataHandler  judgement_info.o
    0x0800aa6c   0x0800aa6c   0x00000044   Code   RO         4326    i.judgement_uart_init  bsp_uart.o
    0x0800aab0   0x0800aab0   0x00000080   Code   RO         5209    i.kb_cover_ctrl     keyboard_info.o
    0x0800ab30   0x0800ab30   0x00000028   Code   RO         5910    i.kb_enable_hook    modeswitch_task.o
    0x0800ab58   0x0800ab58   0x00000024   Code   RO         5210    i.kb_fric_ctrl      keyboard_info.o
    0x0800ab7c   0x0800ab7c   0x0000004c   Code   RO         5211    i.kb_shoot_cmd      keyboard_info.o
    0x0800abc8   0x0800abc8   0x000000a8   Code   RO         5212    i.key_fsm           keyboard_info.o
    0x0800ac70   0x0800ac70   0x00000074   Code   RO         5213    i.keyboard_chassis_hook  keyboard_info.o
    0x0800ace4   0x0800ace4   0x00000098   Code   RO         5214    i.keyboard_gimbal_hook  keyboard_info.o
    0x0800ad7c   0x0800ad7c   0x0000002c   Code   RO         5215    i.keyboard_global_hook  keyboard_info.o
    0x0800ada8   0x0800ada8   0x00000054   Code   RO         5216    i.keyboard_shoot_hook  keyboard_info.o
    0x0800adfc   0x0800adfc   0x00000098   Code   RO         3495    i.main              main.o
    0x0800ae94   0x0800ae94   0x0000000e   Code   RO         7091    i.makeFreeRtosPriority  cmsis_os.o
    0x0800aea2   0x0800aea2   0x00000002   PAD
    0x0800aea4   0x0800aea4   0x0000030c   Code   RO         5570    i.mecanum_calc      chassis_task.o
    0x0800b1b0   0x0800b1b0   0x0000006c   Code   RO         5911    i.mode_switch_task  modeswitch_task.o
    0x0800b21c   0x0800b21c   0x000000c8   Code   RO         5217    i.move_direction_ctrl  keyboard_info.o
    0x0800b2e4   0x0800b2e4   0x00000050   Code   RO         5218    i.move_spd_ctrl     keyboard_info.o
    0x0800b334   0x0800b334   0x00000090   Code   RO         4538    i.mpu_device_init   bsp_imu.o
    0x0800b3c4   0x0800b3c4   0x00000150   Code   RO         4539    i.mpu_get_data      bsp_imu.o
    0x0800b514   0x0800b514   0x0000000c   Code   RO         4642    i.mpu_heat_ctrl     bsp_io.o
    0x0800b520   0x0800b520   0x0000008c   Code   RO         4540    i.mpu_mst_i2c_auto_read_config  bsp_imu.o
    0x0800b5ac   0x0800b5ac   0x00000128   Code   RO         4541    i.mpu_offset_cal    bsp_imu.o
    0x0800b6d4   0x0800b6d4   0x00000054   Code   RO         4542    i.mpu_read_reg      bsp_imu.o
    0x0800b728   0x0800b728   0x00000064   Code   RO         4543    i.mpu_read_regs     bsp_imu.o
    0x0800b78c   0x0800b78c   0x00000058   Code   RO         4544    i.mpu_write_reg     bsp_imu.o
    0x0800b7e4   0x0800b7e4   0x00000068   Code   RO         5683    i.no_action_handler  gimbal_task.o
    0x0800b84c   0x0800b84c   0x00000018   Code   RO         7093    i.osDelay           cmsis_os.o
    0x0800b864   0x0800b864   0x0000001c   Code   RO         7094    i.osDelayUntil      cmsis_os.o
    0x0800b880   0x0800b880   0x0000000a   Code   RO         7096    i.osKernelStart     cmsis_os.o
    0x0800b88a   0x0800b88a   0x00000014   Code   RO         7097    i.osKernelSysTick   cmsis_os.o
    0x0800b89e   0x0800b89e   0x00000002   PAD
    0x0800b8a0   0x0800b8a0   0x00000060   Code   RO         7127    i.osSignalSet       cmsis_os.o
    0x0800b900   0x0800b900   0x00000062   Code   RO         7128    i.osSignalWait      cmsis_os.o
    0x0800b962   0x0800b962   0x00000010   Code   RO         7129    i.osSystickHandler  cmsis_os.o
    0x0800b972   0x0800b972   0x00000030   Code   RO         7130    i.osThreadCreate    cmsis_os.o
    0x0800b9a2   0x0800b9a2   0x00000002   PAD
    0x0800b9a4   0x0800b9a4   0x00000028   Code   RO         7141    i.osTimerCreate     cmsis_os.o
    0x0800b9cc   0x0800b9cc   0x00000068   Code   RO         7143    i.osTimerStart      cmsis_os.o
    0x0800ba34   0x0800ba34   0x00000014   Code   RO         4863    i.page_init         bsp_oled.o
    0x0800ba48   0x0800ba48   0x00000050   Code   RO         5571    i.pc_control_chassis  chassis_task.o
    0x0800ba98   0x0800ba98   0x0000011c   Code   RO         5315    i.pc_param_init     pc_info.o
    0x0800bbb4   0x0800bbb4   0x0000012c   Code   RO         5684    i.pc_position_ctrl_handler  gimbal_task.o
    0x0800bce0   0x0800bce0   0x000001fc   Code   RO         6035    i.pid_calc          pid.o
    0x0800bedc   0x0800bedc   0x00000014   Code   RO         6036    i.pid_param_init    pid.o
    0x0800bef0   0x0800bef0   0x00000034   Code   RO         6037    i.pid_reset         pid.o
    0x0800bf24   0x0800bf24   0x00000098   Code   RO         6614    i.prvAddCurrentTaskToDelayedList  tasks.o
    0x0800bfbc   0x0800bfbc   0x000000b8   Code   RO         6615    i.prvAddNewTaskToReadyList  tasks.o
    0x0800c074   0x0800c074   0x00000064   Code   RO         6957    i.prvCheckForValidListAndQueue  timers.o
    0x0800c0d8   0x0800c0d8   0x00000064   Code   RO         6616    i.prvCheckTasksWaitingTermination  tasks.o
    0x0800c13c   0x0800c13c   0x0000002a   Code   RO         6434    i.prvCopyDataFromQueue  queue.o
    0x0800c166   0x0800c166   0x0000007c   Code   RO         6435    i.prvCopyDataToQueue  queue.o
    0x0800c1e2   0x0800c1e2   0x00000012   Code   RO         6617    i.prvDeleteTCB      tasks.o
    0x0800c1f4   0x0800c1f4   0x00000028   Code   RO         6958    i.prvGetNextExpireTime  timers.o
    0x0800c21c   0x0800c21c   0x0000007c   Code   RO         7464    i.prvHeapInit       heap_4.o
    0x0800c298   0x0800c298   0x0000002c   Code   RO         6618    i.prvIdleTask       tasks.o
    0x0800c2c4   0x0800c2c4   0x0000002a   Code   RO         6437    i.prvInitialiseNewQueue  queue.o
    0x0800c2ee   0x0800c2ee   0x000000b4   Code   RO         6619    i.prvInitialiseNewTask  tasks.o
    0x0800c3a2   0x0800c3a2   0x0000004e   Code   RO         6959    i.prvInitialiseNewTimer  timers.o
    0x0800c3f0   0x0800c3f0   0x00000068   Code   RO         6620    i.prvInitialiseTaskLists  tasks.o
    0x0800c458   0x0800c458   0x00000068   Code   RO         7465    i.prvInsertBlockIntoFreeList  heap_4.o
    0x0800c4c0   0x0800c4c0   0x00000058   Code   RO         6960    i.prvInsertTimerInActiveList  timers.o
    0x0800c518   0x0800c518   0x0000001a   Code   RO         6438    i.prvIsQueueEmpty   queue.o
    0x0800c532   0x0800c532   0x0000001e   Code   RO         6439    i.prvIsQueueFull    queue.o
    0x0800c550   0x0800c550   0x00000064   Code   RO         6961    i.prvProcessExpiredTimer  timers.o
    0x0800c5b4   0x0800c5b4   0x000000f8   Code   RO         6962    i.prvProcessReceivedCommands  timers.o
    0x0800c6ac   0x0800c6ac   0x00000074   Code   RO         6963    i.prvProcessTimerOrBlockTask  timers.o
    0x0800c720   0x0800c720   0x00000034   Code   RO         6622    i.prvResetNextTaskUnblockTime  tasks.o
    0x0800c754   0x0800c754   0x0000002c   Code   RO         6964    i.prvSampleTimeNow  timers.o
    0x0800c780   0x0800c780   0x000000a0   Code   RO         6965    i.prvSwitchTimerLists  timers.o
    0x0800c820   0x0800c820   0x00000016   Code   RO         6623    i.prvTaskCheckFreeStackSpace  tasks.o
    0x0800c836   0x0800c836   0x00000002   PAD
    0x0800c838   0x0800c838   0x00000040   Code   RO         7514    i.prvTaskExitError  port.o
    0x0800c878   0x0800c878   0x0000001a   Code   RO         6966    i.prvTimerTask      timers.o
    0x0800c892   0x0800c892   0x0000007e   Code   RO         6440    i.prvUnlockQueue    queue.o
    0x0800c910   0x0800c910   0x0000013c   Code   RO         7466    i.pvPortMalloc      heap_4.o
    0x0800ca4c   0x0800ca4c   0x00000020   Code   RO         6625    i.pvTaskIncrementMutexHeldCount  tasks.o
    0x0800ca6c   0x0800ca6c   0x00000038   Code   RO         4643    i.pwm_device_init   bsp_io.o
    0x0800caa4   0x0800caa4   0x0000002c   Code   RO         7515    i.pxPortInitialiseStack  port.o
    0x0800cad0   0x0800cad0   0x00000040   Code   RO         6085    i.ramp_calc         ramp.o
    0x0800cb10   0x0800cb10   0x00000008   Code   RO         6086    i.ramp_init         ramp.o
    0x0800cb18   0x0800cb18   0x00000274   Code   RO         5131    i.rc_callback_handler  remote_info.o
    0x0800cd8c   0x0800cd8c   0x00000018   Code   RO         5132    i.rc_fric_ctrl      remote_info.o
    0x0800cda4   0x0800cda4   0x0000004c   Code   RO         5133    i.rc_shoot_cmd      remote_info.o
    0x0800cdf0   0x0800cdf0   0x00000012   Code   RO         5062    i.read_gimbal_offset  gimbal_info.o
    0x0800ce02   0x0800ce02   0x00000002   PAD
    0x0800ce04   0x0800ce04   0x0000001c   Code   RO         5134    i.remote_ctrl_chassis_hook  remote_info.o
    0x0800ce20   0x0800ce20   0x00000018   Code   RO         5135    i.remote_ctrl_gimbal_hook  remote_info.o
    0x0800ce38   0x0800ce38   0x00000054   Code   RO         5136    i.remote_ctrl_shoot_hook  remote_info.o
    0x0800ce8c   0x0800ce8c   0x00000088   Code   RO         5912    i.remote_is_action  modeswitch_task.o
    0x0800cf14   0x0800cf14   0x00000014   Code   RO         5317    i.renew_char        pc_info.o
    0x0800cf28   0x0800cf28   0x00000118   Code   RO         6226    i.renew_float       ui_task.o
    0x0800d040   0x0800d040   0x00000048   Code   RO         6227    i.send_bull         ui_task.o
    0x0800d088   0x0800d088   0x0000026c   Code   RO         6228    i.send_bull_init    ui_task.o
    0x0800d2f4   0x0800d2f4   0x0000007c   Code   RO         4408    i.send_cap_instructions  bsp_can.o
    0x0800d370   0x0800d370   0x00000074   Code   RO         4409    i.send_chassis_current  bsp_can.o
    0x0800d3e4   0x0800d3e4   0x0000001a   Code   RO         4410    i.send_chassis_motor_ctrl_message  bsp_can.o
    0x0800d3fe   0x0800d3fe   0x00000002   PAD
    0x0800d400   0x0800d400   0x00000088   Code   RO         6230    i.send_dele         ui_task.o
    0x0800d488   0x0800d488   0x0000006c   Code   RO         4411    i.send_fric_current  bsp_can.o
    0x0800d4f4   0x0800d4f4   0x0000007c   Code   RO         4412    i.send_gimbal_current  bsp_can.o
    0x0800d570   0x0800d570   0x00000024   Code   RO         4413    i.send_gimbal_motor_ctrl_message  bsp_can.o
    0x0800d594   0x0800d594   0x00000068   Code   RO         5573    i.separate_gimbal_handler  chassis_task.o
    0x0800d5fc   0x0800d5fc   0x00000194   Code   RO         5770    i.setfric_wheel_spd  shoot_task.o
    0x0800d790   0x0800d790   0x00000008   Code   RO         5685    i.shoot_buff_handler  gimbal_task.o
    0x0800d798   0x0800d798   0x000000ec   Code   RO         5771    i.shoot_heat_limit  shoot_task.o
    0x0800d884   0x0800d884   0x0000004c   Code   RO         5772    i.shoot_param_init  shoot_task.o
    0x0800d8d0   0x0800d8d0   0x00000264   Code   RO         5773    i.shoot_task        shoot_task.o
    0x0800db34   0x0800db34   0x00000098   Code   RO         5574    i.sinx              chassis_task.o
    0x0800dbcc   0x0800dbcc   0x0000006e   Code   RO         7720    i.sqrt              m_wm.l(sqrt.o)
    0x0800dc3a   0x0800dc3a   0x00000002   PAD
    0x0800dc3c   0x0800dc3c   0x000001e8   Code   RO         5686    i.track_aimor_handler  gimbal_task.o
    0x0800de24   0x0800de24   0x0000006c   Code   RO         5774    i.turn_off_friction_wheel  shoot_task.o
    0x0800de90   0x0800de90   0x00000014   Code   RO         4644    i.turn_off_laser    bsp_io.o
    0x0800dea4   0x0800dea4   0x0000006c   Code   RO         5775    i.turn_on_friction_wheel  shoot_task.o
    0x0800df10   0x0800df10   0x00000014   Code   RO         4645    i.turn_on_laser     bsp_io.o
    0x0800df24   0x0800df24   0x00000022   Code   RO         4327    i.uart_receive_handler  bsp_uart.o
    0x0800df46   0x0800df46   0x00000002   PAD
    0x0800df48   0x0800df48   0x00000234   Code   RO         4328    i.uart_rx_idle_callback  bsp_uart.o
    0x0800e17c   0x0800e17c   0x0000003c   Code   RO         6231    i.ui_task           ui_task.o
    0x0800e1b8   0x0800e1b8   0x00000028   Code   RO         6397    i.uxListRemove      list.o
    0x0800e1e0   0x0800e1e0   0x00000028   Code   RO         6628    i.uxTaskGetStackHighWaterMark  tasks.o
    0x0800e208   0x0800e208   0x00000018   Code   RO         4697    i.vApplicationIdleHook  cpu_utils.o
    0x0800e220   0x0800e220   0x00000004   Code   RO         7595    i.vApplicationStackOverflowHook  freertos.o
    0x0800e224   0x0800e224   0x00000058   Code   RO         4698    i.vApplicationTickHook  cpu_utils.o
    0x0800e27c   0x0800e27c   0x0000001a   Code   RO         6398    i.vListInitialise   list.o
    0x0800e296   0x0800e296   0x00000006   Code   RO         6399    i.vListInitialiseItem  list.o
    0x0800e29c   0x0800e29c   0x00000034   Code   RO         6400    i.vListInsert       list.o
    0x0800e2d0   0x0800e2d0   0x00000018   Code   RO         6401    i.vListInsertEnd    list.o
    0x0800e2e8   0x0800e2e8   0x00000054   Code   RO         7517    i.vPortEnterCritical  port.o
    0x0800e33c   0x0800e33c   0x0000003c   Code   RO         7518    i.vPortExitCritical  port.o
    0x0800e378   0x0800e378   0x00000094   Code   RO         7467    i.vPortFree         heap_4.o
    0x0800e40c   0x0800e40c   0x00000020   Code   RO         7519    i.vPortSetupTimerInterrupt  port.o
    0x0800e42c   0x0800e42c   0x00000078   Code   RO         7520    i.vPortValidateInterruptPriority  port.o
    0x0800e4a4   0x0800e4a4   0x0000002c   Code   RO         6446    i.vQueueAddToRegistry  queue.o
    0x0800e4d0   0x0800e4d0   0x0000004a   Code   RO         6450    i.vQueueWaitForMessageRestricted  queue.o
    0x0800e51a   0x0800e51a   0x00000002   PAD
    0x0800e51c   0x0800e51c   0x0000005c   Code   RO         6634    i.vTaskDelay        tasks.o
    0x0800e578   0x0800e578   0x000000d4   Code   RO         6635    i.vTaskDelayUntil   tasks.o
    0x0800e64c   0x0800e64c   0x0000000c   Code   RO         6639    i.vTaskMissedYield  tasks.o
    0x0800e658   0x0800e658   0x00000038   Code   RO         6641    i.vTaskPlaceOnEventList  tasks.o
    0x0800e690   0x0800e690   0x00000040   Code   RO         6642    i.vTaskPlaceOnEventListRestricted  tasks.o
    0x0800e6d0   0x0800e6d0   0x000000b0   Code   RO         6644    i.vTaskPriorityInherit  tasks.o
    0x0800e780   0x0800e780   0x00000030   Code   RO         6648    i.vTaskSetTimeOutState  tasks.o
    0x0800e7b0   0x0800e7b0   0x00000094   Code   RO         6649    i.vTaskStartScheduler  tasks.o
    0x0800e844   0x0800e844   0x00000010   Code   RO         6651    i.vTaskSuspendAll   tasks.o
    0x0800e854   0x0800e854   0x000000b0   Code   RO         6652    i.vTaskSwitchContext  tasks.o
    0x0800e904   0x0800e904   0x00000040   Code   RO         5849    i.verify_crc16_check_sum  protocol.o
    0x0800e944   0x0800e944   0x00000030   Code   RO         5850    i.verify_crc8_check_sum  protocol.o
    0x0800e974   0x0800e974   0x0000013c   Code   RO         7521    i.xPortStartScheduler  port.o
    0x0800eab0   0x0800eab0   0x00000034   Code   RO         7522    i.xPortSysTickHandler  port.o
    0x0800eae4   0x0800eae4   0x00000058   Code   RO         6452    i.xQueueGenericCreate  queue.o
    0x0800eb3c   0x0800eb3c   0x000001c4   Code   RO         6453    i.xQueueGenericReceive  queue.o
    0x0800ed00   0x0800ed00   0x00000098   Code   RO         6454    i.xQueueGenericReset  queue.o
    0x0800ed98   0x0800ed98   0x000001a8   Code   RO         6455    i.xQueueGenericSend  queue.o
    0x0800ef40   0x0800ef40   0x000000f8   Code   RO         6456    i.xQueueGenericSendFromISR  queue.o
    0x0800f038   0x0800f038   0x0000008c   Code   RO         6653    i.xTaskCheckForTimeOut  tasks.o
    0x0800f0c4   0x0800f0c4   0x00000060   Code   RO         6654    i.xTaskCreate       tasks.o
    0x0800f124   0x0800f124   0x00000104   Code   RO         6655    i.xTaskGenericNotify  tasks.o
    0x0800f228   0x0800f228   0x00000144   Code   RO         6656    i.xTaskGenericNotifyFromISR  tasks.o
    0x0800f36c   0x0800f36c   0x0000000c   Code   RO         6657    i.xTaskGetCurrentTaskHandle  tasks.o
    0x0800f378   0x0800f378   0x00000020   Code   RO         6658    i.xTaskGetSchedulerState  tasks.o
    0x0800f398   0x0800f398   0x0000000c   Code   RO         6659    i.xTaskGetTickCount  tasks.o
    0x0800f3a4   0x0800f3a4   0x00000014   Code   RO         6660    i.xTaskGetTickCountFromISR  tasks.o
    0x0800f3b8   0x0800f3b8   0x00000154   Code   RO         6661    i.xTaskIncrementTick  tasks.o
    0x0800f50c   0x0800f50c   0x000000a0   Code   RO         6663    i.xTaskNotifyWait   tasks.o
    0x0800f5ac   0x0800f5ac   0x000000c8   Code   RO         6664    i.xTaskPriorityDisinherit  tasks.o
    0x0800f674   0x0800f674   0x00000098   Code   RO         6665    i.xTaskRemoveFromEventList  tasks.o
    0x0800f70c   0x0800f70c   0x00000104   Code   RO         6667    i.xTaskResumeAll    tasks.o
    0x0800f810   0x0800f810   0x00000030   Code   RO         6969    i.xTimerCreate      timers.o
    0x0800f840   0x0800f840   0x00000054   Code   RO         6970    i.xTimerCreateTimerTask  timers.o
    0x0800f894   0x0800f894   0x00000084   Code   RO         6971    i.xTimerGenericCommand  timers.o
    0x0800f918   0x0800f918   0x00000018   Data   RO            6    .constdata          system_stm32f4xx.o
    0x0800f930   0x0800f930   0x00000008   Data   RO          602    .constdata          stm32f4xx_hal_dma.o
    0x0800f938   0x0800f938   0x00000014   Data   RO         4546    .constdata          bsp_imu.o
    0x0800f94c   0x0800f94c   0x0000016c   Data   RO         5577    .constdata          chassis_task.o
    0x0800fab8   0x0800fab8   0x00000302   Data   RO         5851    .constdata          protocol.o
    0x0800fdba   0x0800fdba   0x00000002   PAD
    0x0800fdbc   0x0800fdbc   0x000000a8   Data   RO         7596    .constdata          freertos.o
    0x0800fe64   0x0800fe64   0x00000004   PAD
    0x0800fe68   0x0800fe68   0x00000050   Data   RO         7677    .constdata          m_wm.l(asin.o)
    0x0800feb8   0x0800feb8   0x00000098   Data   RO         8021    .constdata          m_wm.l(atan.o)
    0x0800ff50   0x0800ff50   0x00000030   Data   RO         8033    .constdata          m_wm.l(cos_i.o)
    0x0800ff80   0x0800ff80   0x00000008   Data   RO         8053    .constdata          m_wm.l(qnan.o)
    0x0800ff88   0x0800ff88   0x000000c8   Data   RO         8056    .constdata          m_wm.l(rred.o)
    0x08010050   0x08010050   0x00000028   Data   RO         8060    .constdata          m_wm.l(sin_i.o)
    0x08010078   0x08010078   0x00000040   Data   RO         8128    .constdata          mc_w.l(ctype_c.o)
    0x080100b8   0x080100b8   0x00000054   Data   RO         7597    .conststring        freertos.o
    0x0801010c   0x0801010c   0x00000020   Data   RO         8132    Region$$Table       anon$$obj.o


    Execution Region RW_IRAM1 (Exec base: 0x20000000, Load base: 0x0801012c, Size: 0x00007588, Max: 0x00030000, ABSOLUTE, COMPRESSED[0x000004b4])

    Exec Addr    Load Addr    Size         Type   Attr      Idx    E Section Name        Object

    0x20000000   COMPRESSED   0x00000004   Data   RW            7    .data               system_stm32f4xx.o
    0x20000004   COMPRESSED   0x00000004   Data   RW          172    .data               stm32f4xx_hal.o
    0x20000008   COMPRESSED   0x00000004   Data   RW         3394    .data               can.o
    0x2000000c   COMPRESSED   0x00000004   Data   RW         4329    .data               bsp_uart.o
    0x20000010   COMPRESSED   0x00000001   Data   RW         4415    .data               bsp_can.o
    0x20000011   COMPRESSED   0x00000002   Data   RW         4547    .data               bsp_imu.o
    0x20000013   COMPRESSED   0x00000001   PAD
    0x20000014   COMPRESSED   0x00000018   Data   RW         4699    .data               cpu_utils.o
    0x2000002c   COMPRESSED   0x00001034   Data   RW         4867    .data               bsp_oled.o
    0x20001060   COMPRESSED   0x00000008   Data   RW         5063    .data               gimbal_info.o
    0x20001068   COMPRESSED   0x00000018   Data   RW         5138    .data               remote_info.o
    0x20001080   COMPRESSED   0x0000002d   Data   RW         5220    .data               keyboard_info.o
    0x200010ad   COMPRESSED   0x00000003   PAD
    0x200010b0   COMPRESSED   0x00000010   Data   RW         5319    .data               pc_info.o
    0x200010c0   COMPRESSED   0x00000010   Data   RW         5404    .data               judgement_info.o
    0x200010d0   COMPRESSED   0x00000060   Data   RW         5452    .data               imu_info.o
    0x20001130   COMPRESSED   0x00000050   Data   RW         5578    .data               chassis_task.o
    0x20001180   COMPRESSED   0x00000054   Data   RW         5688    .data               gimbal_task.o
    0x200011d4   COMPRESSED   0x00000048   Data   RW         5777    .data               shoot_task.o
    0x2000121c   COMPRESSED   0x00000002   Data   RW         5852    .data               protocol.o
    0x2000121e   COMPRESSED   0x00000002   PAD
    0x20001220   COMPRESSED   0x00000006   Data   RW         5913    .data               modeswitch_task.o
    0x20001226   COMPRESSED   0x00000002   PAD
    0x20001228   COMPRESSED   0x0000000c   Data   RW         5977    .data               info_get_task.o
    0x20001234   COMPRESSED   0x00000014   Data   RW         6087    .data               ramp.o
    0x20001248   COMPRESSED   0x00000004   Data   RW         6122    .data               comm_task.o
    0x2000124c   COMPRESSED   0x00000002   Data   RW         6233    .data               ui_task.o
    0x2000124e   COMPRESSED   0x00000002   PAD
    0x20001250   COMPRESSED   0x0000003c   Data   RW         6670    .data               tasks.o
    0x2000128c   COMPRESSED   0x00000014   Data   RW         6977    .data               timers.o
    0x200012a0   COMPRESSED   0x00000018   Data   RW         7472    .data               heap_4.o
    0x200012b8   COMPRESSED   0x0000000c   Data   RW         7523    .data               port.o
    0x200012c4   COMPRESSED   0x0000004c   Data   RW         7598    .data               freertos.o
    0x20001310   COMPRESSED   0x00000004   Data   RW         7650    .data               debug.o
    0x20001314   COMPRESSED   0x00000004   Data   RW         8086    .data               mc_w.l(errno.o)
    0x20001318        -       0x00000088   Zero   RW         3393    .bss                can.o
    0x200013a0        -       0x00000020   Zero   RW         3813    .bss                rtc.o
    0x200013c0        -       0x00000058   Zero   RW         3855    .bss                spi.o
    0x20001418        -       0x0000003c   Zero   RW         3921    .bss                stm32f4xx_hal_timebase_tim.o
    0x20001454        -       0x000000b4   Zero   RW         4174    .bss                tim.o
    0x20001508        -       0x000003a0   Zero   RW         4235    .bss                usart.o
    0x200018a8        -       0x0000000c   Zero   RW         4290    .bss                iwdg.o
    0x200018b4        -       0x000002f8   Zero   RW         4414    .bss                bsp_can.o
    0x20001bac        -       0x0000001c   Zero   RW         4545    .bss                bsp_imu.o
    0x20001bc8        -       0x00000046   Zero   RW         5137    .bss                remote_info.o
    0x20001c0e   COMPRESSED   0x00000002   PAD
    0x20001c10        -       0x00000024   Zero   RW         5219    .bss                keyboard_info.o
    0x20001c34        -       0x00000154   Zero   RW         5318    .bss                pc_info.o
    0x20001d88        -       0x00000233   Zero   RW         5403    .bss                judgement_info.o
    0x20001fbb   COMPRESSED   0x00000001   PAD
    0x20001fbc        -       0x00000084   Zero   RW         5451    .bss                imu_info.o
    0x20002040        -       0x00000048   Zero   RW         5512    .bss                calibrate_info.o
    0x20002088        -       0x00000088   Zero   RW         5576    .bss                chassis_task.o
    0x20002110        -       0x00000064   Zero   RW         5687    .bss                gimbal_task.o
    0x20002174        -       0x0000002b   Zero   RW         5776    .bss                shoot_task.o
    0x2000219f   COMPRESSED   0x00000001   PAD
    0x200021a0        -       0x00000090   Zero   RW         6009    .bss                errordetect_task.o
    0x20002230        -       0x00000558   Zero   RW         6038    .bss                pid.o
    0x20002788        -       0x000000a7   Zero   RW         6232    .bss                ui_task.o
    0x2000282f   COMPRESSED   0x00000001   PAD
    0x20002830        -       0x00000040   Zero   RW         6462    .bss                queue.o
    0x20002870        -       0x000000f0   Zero   RW         6669    .bss                tasks.o
    0x20002960        -       0x00000028   Zero   RW         6976    .bss                timers.o
    0x20002988        -       0x00003c00   Zero   RW         7471    .bss                heap_4.o
    0x20006588        -       0x00001000   Zero   RW         3379    STACK               startup_stm32f427xx.o


==============================================================================

Image component sizes


      Code (inc. data)   RO Data    RW Data    ZI Data      Debug   Object Name

      1298        116          0          1        760       9156   bsp_can.o
      1566         96         20          2         28       7444   bsp_imu.o
        56         10          0          0          0        503   bsp_imu_9250.o
       108         30          0          0          0       1999   bsp_io.o
       678         24          0       4148          0       9266   bsp_oled.o
      1004         80          0          4          0       7486   bsp_uart.o
        68         32          0          0         72       3272   calibrate_info.o
       488         74          0          4        136       2386   can.o
        52         10          0          0          0        595   chassis_info.o
      2464        282        364         80        136      10482   chassis_task.o
       514         12          0          0          0      19219   cmsis_os.o
       108         14          0          4          0        851   comm_task.o
       204         46          0         24          0       2820   cpu_utils.o
       144         24          0          4          0        875   debug.o
       184          6          0          0          0        850   dma.o
         0          0          0          0        144       1384   errordetect_task.o
         0          0          0          0          0       9484   event_groups.o
       306         42        252         76          0       3847   freertos.o
       272         32          0          8          0       2386   gimbal_info.o
      3036        340          0         84        100       8515   gimbal_task.o
       732         38          0          0          0       1479   gpio.o
       692         62          0         24      15360       4495   heap_4.o
      2948        230          0         96        132       6522   imu_info.o
       116         14          0         12          0        969   info_get_task.o
        60         24          0          0         12        691   iwdg.o
       328         22          0         16        563       4035   judgement_info.o
      1556        168          0         45         36      11584   keyboard_info.o
       148          0          0          0          0       3318   list.o
       444         30          0          0          0     753133   main.o
      1840        180          0          6          0       6319   modeswitch_task.o
       608         52          0         16        340       8343   pc_info.o
       722         18          0          0       1368       5404   pid.o
       958         92          0         12          0      11613   port.o
       286         18        770          2          0       4986   protocol.o
      1872         22          0          0         64      13765   queue.o
        72          6          0         20          0       2157   ramp.o
      1060         92          0         24         70       7427   remote_info.o
       232         32          0          0         32       1583   rtc.o
        72          6          0          0          0        561   shoot_info.o
      2408        210          0         72         43       7875   shoot_task.o
       180         36          0          0         88       1633   spi.o
        36          8        428          0       4096        808   startup_stm32f427xx.o
       118         16          0          4          0       3860   stm32f4xx_hal.o
      2820         32          0          0          0       7992   stm32f4xx_hal_can.o
       338         22          0          0          0      31589   stm32f4xx_hal_cortex.o
      1228         20          8          0          0       6211   stm32f4xx_hal_dma.o
       560         54          0          0          0       2981   stm32f4xx_hal_gpio.o
        94          0          0          0          0       1775   stm32f4xx_hal_iwdg.o
        86          0          0          0          0        522   stm32f4xx_hal_msp.o
       164         12          0          0          0       1300   stm32f4xx_hal_pwr_ex.o
      1912         90          0          0          0       6193   stm32f4xx_hal_rcc.o
       880         24          0          0          0       1588   stm32f4xx_hal_rcc_ex.o
       932         14          0          0          0       5818   stm32f4xx_hal_rtc.o
       290          0          0          0          0       2794   stm32f4xx_hal_rtc_ex.o
       892          0          0          0          0       4349   stm32f4xx_hal_spi.o
      1594         88          0          0          0      12349   stm32f4xx_hal_tim.o
       228          0          0          0          0       3214   stm32f4xx_hal_tim_ex.o
       140         18          0          0         60       1524   stm32f4xx_hal_timebase_tim.o
      1988         14          0          0          0       9827   stm32f4xx_hal_uart.o
       324         96          0          0          0      28241   stm32f4xx_it.o
       100         18         24          4          0     767335   system_stm32f4xx.o
      3936        460          0         60        240      29927   tasks.o
       804        104          0          0        180       3821   tim.o
      1264        116          0         20         40      19406   timers.o
      1176         62          0          2        167       5683   ui_task.o
      1232        192          0          0        928       4230   usart.o

    ----------------------------------------------------------------------
     53070       4082       1904       4884      25200    1924049   Object Totals
         0          0         32          0          0          0   (incl. Generated)
        50          0          6         10          5          0   (incl. Padding)

    ----------------------------------------------------------------------

      Code (inc. data)   RO Data    RW Data    ZI Data      Debug   Library Member Name

       864         94         80          0          0        280   asin.o
       744        106        152          0          0        352   atan.o
       496         64          0          0          0        192   atan2.o
       368         46         48          0          0        200   cos_i.o
       104         16          0          0          0        496   dunder.o
        44          0          0          0          0        248   fabs.o
        48          0          0          0          0        124   fpclassify.o
       248          0          0          0          0        152   poly.o
         0          0          8          0          0          0   qnan.o
      1080        142        200          0          0        188   rred.o
       200         20          0          0          0        164   sin.o
       304         24         40          0          0        208   sin_i.o
       232          0          0          0          0        296   sqrt.o
        56         14          0          0          0        128   strtof.o
        86          0          0          0          0          0   __dczerorl2.o
        64          0          0          0          0         84   _sgetc.o
        40          6         64          0          0         68   ctype_c.o
         0          0          0          0          0          0   entry.o
         0          0          0          0          0          0   entry10a.o
         0          0          0          0          0          0   entry11a.o
         8          4          0          0          0          0   entry2.o
         4          0          0          0          0          0   entry5.o
         0          0          0          0          0          0   entry7b.o
         0          0          0          0          0          0   entry8b.o
         8          4          0          0          0          0   entry9a.o
        12          6          0          4          0         68   errno.o
        30          0          0          0          0          0   handlers.o
        36          8          0          0          0         68   init.o
        10          0          0          0          0         68   isspace_c.o
         0          0          0          0          0          0   iusefp.o
        30          0          0          0          0         68   llshl.o
        36          0          0          0          0         68   llsshr.o
        32          0          0          0          0         68   llushr.o
        36          0          0          0          0         68   memcpya.o
        36          0          0          0          0        108   memseta.o
      2226         90          0          0          0        444   printfa.o
       838         12          0          0          0        216   scanf_fp.o
       156         14          0          0          0        120   strtod.o
        44          0          0          0          0         80   uidiv.o
        98          0          0          0          0         92   uldiv.o
        48          0          0          0          0         68   cdcmple.o
        48          0          0          0          0         68   cdrcmple.o
        56          0          0          0          0         88   d2f.o
       334          0          0          0          0        148   dadd.o
       222          0          0          0          0        100   ddiv.o
       186          0          0          0          0        176   depilogue.o
        62          0          0          0          0         80   dfixi.o
        48          0          0          0          0         68   dfixul.o
        34          0          0          0          0         76   dflti.o
        26          0          0          0          0         76   dfltui.o
        24          0          0          0          0         76   dfltul.o
       228          0          0          0          0         96   dmul.o
       162          0          0          0          0        100   dsqrt.o
        38          0          0          0          0         68   f2d.o
       110          0          0          0          0        168   fepilogue.o

    ----------------------------------------------------------------------
     10270        670        592          4          0       6172   Library Totals
        26          0          0          0          0          0   (incl. Padding)

    ----------------------------------------------------------------------

      Code (inc. data)   RO Data    RW Data    ZI Data      Debug   Library Name

      4788        526        528          0          0       3028   m_wm.l
      3830        144         64          4          0       1688   mc_w.l
      1626          0          0          0          0       1456   mf_w.l

    ----------------------------------------------------------------------
     10270        670        592          4          0       6172   Library Totals

    ----------------------------------------------------------------------

==============================================================================


      Code (inc. data)   RO Data    RW Data    ZI Data      Debug   

     63340       4752       2496       4888      25200    1890141   Grand Totals
     63340       4752       2496       1204      25200    1890141   ELF Image Totals (compressed)
     63340       4752       2496       1204          0          0   ROM Totals

==============================================================================

    Total RO  Size (Code + RO Data)                65836 (  64.29kB)
    Total RW  Size (RW Data + ZI Data)             30088 (  29.38kB)
    Total ROM Size (Code + RO Data + RW Data)      67040 (  65.47kB)

==============================================================================

