Component: ARM Compiler 5.06 update 7 (build 960) Tool: armlink [4d3601]

==============================================================================

Section Cross References

    system_stm32f4xx.o(i.SystemCoreClockUpdate) refers to system_stm32f4xx.o(.data) for SystemCoreClock
    system_stm32f4xx.o(i.SystemCoreClockUpdate) refers to system_stm32f4xx.o(.constdata) for AHBPrescTable
    stm32f4xx_hal.o(i.HAL_DeInit) refers to stm32f4xx_hal.o(i.HAL_MspDeInit) for HAL_MspDeInit
    stm32f4xx_hal.o(i.HAL_Delay) refers to stm32f4xx_hal.o(i.HAL_GetTick) for HAL_GetTick
    stm32f4xx_hal.o(i.HAL_GetTick) refers to stm32f4xx_hal.o(.data) for uwTick
    stm32f4xx_hal.o(i.HAL_IncTick) refers to stm32f4xx_hal.o(.data) for uwTick
    stm32f4xx_hal.o(i.HAL_Init) refers to stm32f4xx_hal_cortex.o(i.HAL_NVIC_SetPriorityGrouping) for HAL_NVIC_SetPriorityGrouping
    stm32f4xx_hal.o(i.HAL_Init) refers to stm32f4xx_hal_timebase_tim.o(i.HAL_InitTick) for HAL_InitTick
    stm32f4xx_hal.o(i.HAL_Init) refers to stm32f4xx_hal_msp.o(i.HAL_MspInit) for HAL_MspInit
    stm32f4xx_hal.o(i.HAL_InitTick) refers to stm32f4xx_hal_cortex.o(i.HAL_SYSTICK_Config) for HAL_SYSTICK_Config
    stm32f4xx_hal.o(i.HAL_InitTick) refers to stm32f4xx_hal_cortex.o(i.HAL_NVIC_SetPriority) for HAL_NVIC_SetPriority
    stm32f4xx_hal.o(i.HAL_InitTick) refers to system_stm32f4xx.o(.data) for SystemCoreClock
    stm32f4xx_hal_can.o(i.CAN_Receive_IT) refers to bsp_can.o(i.HAL_CAN_RxCpltCallback) for HAL_CAN_RxCpltCallback
    stm32f4xx_hal_can.o(i.CAN_Transmit_IT) refers to stm32f4xx_hal_can.o(i.HAL_CAN_TxCpltCallback) for HAL_CAN_TxCpltCallback
    stm32f4xx_hal_can.o(i.HAL_CAN_DeInit) refers to can.o(i.HAL_CAN_MspDeInit) for HAL_CAN_MspDeInit
    stm32f4xx_hal_can.o(i.HAL_CAN_IRQHandler) refers to stm32f4xx_hal_can.o(i.CAN_Transmit_IT) for CAN_Transmit_IT
    stm32f4xx_hal_can.o(i.HAL_CAN_IRQHandler) refers to stm32f4xx_hal_can.o(i.CAN_Receive_IT) for CAN_Receive_IT
    stm32f4xx_hal_can.o(i.HAL_CAN_IRQHandler) refers to stm32f4xx_hal_can.o(i.HAL_CAN_ErrorCallback) for HAL_CAN_ErrorCallback
    stm32f4xx_hal_can.o(i.HAL_CAN_Init) refers to can.o(i.HAL_CAN_MspInit) for HAL_CAN_MspInit
    stm32f4xx_hal_can.o(i.HAL_CAN_Init) refers to stm32f4xx_hal.o(i.HAL_GetTick) for HAL_GetTick
    stm32f4xx_hal_can.o(i.HAL_CAN_Receive) refers to stm32f4xx_hal.o(i.HAL_GetTick) for HAL_GetTick
    stm32f4xx_hal_can.o(i.HAL_CAN_Sleep) refers to stm32f4xx_hal.o(i.HAL_GetTick) for HAL_GetTick
    stm32f4xx_hal_can.o(i.HAL_CAN_Transmit) refers to stm32f4xx_hal.o(i.HAL_GetTick) for HAL_GetTick
    stm32f4xx_hal_can.o(i.HAL_CAN_WakeUp) refers to stm32f4xx_hal.o(i.HAL_GetTick) for HAL_GetTick
    stm32f4xx_hal_cortex.o(i.HAL_NVIC_GetPriorityGrouping) refers to stm32f4xx_hal_cortex.o(i.NVIC_GetPriorityGrouping) for NVIC_GetPriorityGrouping
    stm32f4xx_hal_cortex.o(i.HAL_NVIC_SetPriority) refers to stm32f4xx_hal_cortex.o(i.NVIC_GetPriorityGrouping) for NVIC_GetPriorityGrouping
    stm32f4xx_hal_cortex.o(i.HAL_NVIC_SetPriority) refers to stm32f4xx_hal_cortex.o(i.NVIC_SetPriority) for NVIC_SetPriority
    stm32f4xx_hal_cortex.o(i.HAL_SYSTICK_Config) refers to stm32f4xx_hal_cortex.o(i.NVIC_SetPriority) for NVIC_SetPriority
    stm32f4xx_hal_cortex.o(i.HAL_SYSTICK_IRQHandler) refers to stm32f4xx_hal_cortex.o(i.HAL_SYSTICK_Callback) for HAL_SYSTICK_Callback
    stm32f4xx_hal_dma.o(i.DMA_CalcBaseAndBitshift) refers to stm32f4xx_hal_dma.o(.constdata) for flagBitshiftOffset
    stm32f4xx_hal_dma.o(i.HAL_DMA_Abort) refers to stm32f4xx_hal.o(i.HAL_GetTick) for HAL_GetTick
    stm32f4xx_hal_dma.o(i.HAL_DMA_DeInit) refers to stm32f4xx_hal_dma.o(i.DMA_CalcBaseAndBitshift) for DMA_CalcBaseAndBitshift
    stm32f4xx_hal_dma.o(i.HAL_DMA_IRQHandler) refers to system_stm32f4xx.o(.data) for SystemCoreClock
    stm32f4xx_hal_dma.o(i.HAL_DMA_Init) refers to stm32f4xx_hal.o(i.HAL_GetTick) for HAL_GetTick
    stm32f4xx_hal_dma.o(i.HAL_DMA_Init) refers to stm32f4xx_hal_dma.o(i.DMA_CheckFifoParam) for DMA_CheckFifoParam
    stm32f4xx_hal_dma.o(i.HAL_DMA_Init) refers to stm32f4xx_hal_dma.o(i.DMA_CalcBaseAndBitshift) for DMA_CalcBaseAndBitshift
    stm32f4xx_hal_dma.o(i.HAL_DMA_PollForTransfer) refers to stm32f4xx_hal.o(i.HAL_GetTick) for HAL_GetTick
    stm32f4xx_hal_dma.o(i.HAL_DMA_PollForTransfer) refers to stm32f4xx_hal_dma.o(i.HAL_DMA_Abort) for HAL_DMA_Abort
    stm32f4xx_hal_dma.o(i.HAL_DMA_Start) refers to stm32f4xx_hal_dma.o(i.DMA_SetConfig) for DMA_SetConfig
    stm32f4xx_hal_dma.o(i.HAL_DMA_Start_IT) refers to stm32f4xx_hal_dma.o(i.DMA_SetConfig) for DMA_SetConfig
    stm32f4xx_hal_dma_ex.o(i.HAL_DMAEx_MultiBufferStart) refers to stm32f4xx_hal_dma_ex.o(i.DMA_MultiBufferSetConfig) for DMA_MultiBufferSetConfig
    stm32f4xx_hal_dma_ex.o(i.HAL_DMAEx_MultiBufferStart_IT) refers to stm32f4xx_hal_dma_ex.o(i.DMA_MultiBufferSetConfig) for DMA_MultiBufferSetConfig
    stm32f4xx_hal_flash.o(i.FLASH_SetErrorCode) refers to stm32f4xx_hal_flash.o(.bss) for pFlash
[...]
    send_bull_init                           0x0800d259   Thumb Code   610  ui_task.o(i.send_bull_init)
    send_cap_instructions                    0x0800d4c5   Thumb Code   118  bsp_can.o(i.send_cap_instructions)
    send_chassis_current                     0x0800d541   Thumb Code   112  bsp_can.o(i.send_chassis_current)
    send_chassis_motor_ctrl_message          0x0800d5b5   Thumb Code    26  bsp_can.o(i.send_chassis_motor_ctrl_message)
    send_dele                                0x0800d5d1   Thumb Code   120  ui_task.o(i.send_dele)
    send_fric_current                        0x0800d659   Thumb Code   102  bsp_can.o(i.send_fric_current)
    send_gimbal_current                      0x0800d6c5   Thumb Code   118  bsp_can.o(i.send_gimbal_current)
    send_gimbal_motor_ctrl_message           0x0800d741   Thumb Code    36  bsp_can.o(i.send_gimbal_motor_ctrl_message)
    setfric_wheel_spd                        0x0800d7cd   Thumb Code   384  shoot_task.o(i.setfric_wheel_spd)
    shoot_heat_limit                         0x0800d969   Thumb Code   228  shoot_task.o(i.shoot_heat_limit)
    shoot_param_init                         0x0800da55   Thumb Code    68  shoot_task.o(i.shoot_param_init)
    shoot_task                               0x0800daa1   Thumb Code   576  shoot_task.o(i.shoot_task)
    sinx                                     0x0800dd05   Thumb Code   138  chassis_task.o(i.sinx)
    sqrt                                     0x0800dd9d   Thumb Code   110  sqrt.o(i.sqrt)
    turn_off_friction_wheel                  0x0800dff5   Thumb Code    82  shoot_task.o(i.turn_off_friction_wheel)
    turn_off_laser                           0x0800e061   Thumb Code    14  bsp_io.o(i.turn_off_laser)
    turn_on_friction_wheel                   0x0800e075   Thumb Code    84  shoot_task.o(i.turn_on_friction_wheel)
    turn_on_laser                            0x0800e0e1   Thumb Code    14  bsp_io.o(i.turn_on_laser)
    uart_receive_handler                     0x0800e0f5   Thumb Code    34  bsp_uart.o(i.uart_receive_handler)
    ui_task                                  0x0800e34d   Thumb Code    54  ui_task.o(i.ui_task)
    uxListRemove                             0x0800e389   Thumb Code    40  list.o(i.uxListRemove)
    uxTaskGetStackHighWaterMark              0x0800e3b1   Thumb Code    34  tasks.o(i.uxTaskGetStackHighWaterMark)
    vApplicationIdleHook                     0x0800e3d9   Thumb Code    18  cpu_utils.o(i.vApplicationIdleHook)
    vApplicationStackOverflowHook            0x0800e3f1   Thumb Code     4  freertos.o(i.vApplicationStackOverflowHook)
    vApplicationTickHook                     0x0800e3f5   Thumb Code    74  cpu_utils.o(i.vApplicationTickHook)
    vListInitialise                          0x0800e44d   Thumb Code    26  list.o(i.vListInitialise)
    vListInitialiseItem                      0x0800e467   Thumb Code     6  list.o(i.vListInitialiseItem)
    vListInsert                              0x0800e46d   Thumb Code    52  list.o(i.vListInsert)
    vListInsertEnd                           0x0800e4a1   Thumb Code    24  list.o(i.vListInsertEnd)
    vPortEnterCritical                       0x0800e4b9   Thumb Code    76  port.o(i.vPortEnterCritical)
    vPortExitCritical                        0x0800e50d   Thumb Code    56  port.o(i.vPortExitCritical)
    vPortFree                                0x0800e549   Thumb Code   140  heap_4.o(i.vPortFree)
    vPortSetupTimerInterrupt                 0x0800e5dd   Thumb Code    26  port.o(i.vPortSetupTimerInterrupt)
    vPortValidateInterruptPriority           0x0800e5fd   Thumb Code   106  port.o(i.vPortValidateInterruptPriority)
    vQueueAddToRegistry                      0x0800e675   Thumb Code    38  queue.o(i.vQueueAddToRegistry)
    vQueueWaitForMessageRestricted           0x0800e6a1   Thumb Code    74  queue.o(i.vQueueWaitForMessageRestricted)
    vTaskDelay                               0x0800e6ed   Thumb Code    82  tasks.o(i.vTaskDelay)
    vTaskDelayUntil                          0x0800e749   Thumb Code   200  tasks.o(i.vTaskDelayUntil)
    vTaskMissedYield                         0x0800e81d   Thumb Code     8  tasks.o(i.vTaskMissedYield)
    vTaskPlaceOnEventList                    0x0800e829   Thumb Code    52  tasks.o(i.vTaskPlaceOnEventList)
    vTaskPlaceOnEventListRestricted          0x0800e861   Thumb Code    60  tasks.o(i.vTaskPlaceOnEventListRestricted)
    vTaskPriorityInherit                     0x0800e8a1   Thumb Code   164  tasks.o(i.vTaskPriorityInherit)
    vTaskSetTimeOutState                     0x0800e951   Thumb Code    38  tasks.o(i.vTaskSetTimeOutState)
    vTaskStartScheduler                      0x0800e981   Thumb Code   118  tasks.o(i.vTaskStartScheduler)
    vTaskSuspendAll                          0x0800ea15   Thumb Code    12  tasks.o(i.vTaskSuspendAll)
    vTaskSwitchContext                       0x0800ea25   Thumb Code   154  tasks.o(i.vTaskSwitchContext)
    verify_crc16_check_sum                   0x0800ead5   Thumb Code    60  protocol.o(i.verify_crc16_check_sum)
    verify_crc8_check_sum                    0x0800eb15   Thumb Code    48  protocol.o(i.verify_crc8_check_sum)
    xPortStartScheduler                      0x0800eb45   Thumb Code   288  port.o(i.xPortStartScheduler)
    xPortSysTickHandler                      0x0800ec81   Thumb Code    46  port.o(i.xPortSysTickHandler)
    xQueueGenericCreate                      0x0800ecb5   Thumb Code    88  queue.o(i.xQueueGenericCreate)
    xQueueGenericReceive                     0x0800ed0d   Thumb Code   446  queue.o(i.xQueueGenericReceive)
    xQueueGenericReset                       0x0800eed1   Thumb Code   146  queue.o(i.xQueueGenericReset)
    xQueueGenericSend                        0x0800ef69   Thumb Code   420  queue.o(i.xQueueGenericSend)
    xQueueGenericSendFromISR                 0x0800f111   Thumb Code   248  queue.o(i.xQueueGenericSendFromISR)
    xTaskCheckForTimeOut                     0x0800f209   Thumb Code   132  tasks.o(i.xTaskCheckForTimeOut)
    xTaskCreate                              0x0800f295   Thumb Code    96  tasks.o(i.xTaskCreate)
    xTaskGenericNotify                       0x0800f2f5   Thumb Code   242  tasks.o(i.xTaskGenericNotify)
    xTaskGenericNotifyFromISR                0x0800f3f9   Thumb Code   298  tasks.o(i.xTaskGenericNotifyFromISR)
    xTaskGetCurrentTaskHandle                0x0800f53d   Thumb Code     6  tasks.o(i.xTaskGetCurrentTaskHandle)
    xTaskGetSchedulerState                   0x0800f549   Thumb Code    24  tasks.o(i.xTaskGetSchedulerState)
    xTaskGetTickCount                        0x0800f569   Thumb Code     6  tasks.o(i.xTaskGetTickCount)
    xTaskGetTickCountFromISR                 0x0800f575   Thumb Code    16  tasks.o(i.xTaskGetTickCountFromISR)
    xTaskIncrementTick                       0x0800f589   Thumb Code   296  tasks.o(i.xTaskIncrementTick)
    xTaskNotifyWait                          0x0800f6dd   Thumb Code   150  tasks.o(i.xTaskNotifyWait)
    xTaskPriorityDisinherit                  0x0800f77d   Thumb Code   188  tasks.o(i.xTaskPriorityDisinherit)
    xTaskRemoveFromEventList                 0x0800f845   Thumb Code   128  tasks.o(i.xTaskRemoveFromEventList)
    xTaskResumeAll                           0x0800f8dd   Thumb Code   224  tasks.o(i.xTaskResumeAll)
    xTimerCreate                             0x0800f9e1   Thumb Code    48  timers.o(i.xTimerCreate)
    xTimerCreateTimerTask                    0x0800fa11   Thumb Code    64  timers.o(i.xTimerCreateTimerTask)
    xTimerGenericCommand                     0x0800fa65   Thumb Code   126  timers.o(i.xTimerGenericCommand)
    AHBPrescTable                            0x0800fae8   Data          16  system_stm32f4xx.o(.constdata)
    APBPrescTable                            0x0800faf8   Data           8  system_stm32f4xx.o(.constdata)
    sinlist                                  0x0800fb1c   Data         364  chassis_task.o(.constdata)
    CRC8_INIT                                0x0800fc88   Data           1  protocol.o(.constdata)
    CRC8_TAB                                 0x0800fc89   Data         256  protocol.o(.constdata)
    wCRC_Table                               0x0800fd8a   Data         512  protocol.o(.constdata)
    __mathlib_zero                           0x08010150   Data           8  qnan.o(.constdata)
    __ctype_categories                       0x08010248   Data          64  ctype_c.o(.constdata)
    Region$$Table$$Base                      0x080102dc   Number         0  anon$$obj.o(Region$$Table)
    Region$$Table$$Limit                     0x080102fc   Number         0  anon$$obj.o(Region$$Table)
    SystemCoreClock                          0x20000000   Data           4  system_stm32f4xx.o(.data)
    uwTick                                   0x20000004   Data           4  stm32f4xx_hal.o(.data)
    __stdout                                 0x2000000c   Data           4  bsp_uart.o(.data)
    xIdleHandle                              0x20000014   Data           4  cpu_utils.o(.data)
    osCPU_Usage                              0x20000018   Data           4  cpu_utils.o(.data)
    osCPU_IdleStartTime                      0x2000001c   Data           4  cpu_utils.o(.data)
    osCPU_IdleSpentTime                      0x20000020   Data           4  cpu_utils.o(.data)
    osCPU_TotalIdleTime                      0x20000024   Data           4  cpu_utils.o(.data)
    pq                                       0x2000002c   Data        1024  bsp_oled.o(.data)
    riding                                   0x2000042c   Data        1024  bsp_oled.o(.data)
    mm                                       0x2000082c   Data        1024  bsp_oled.o(.data)
    skpq                                     0x20000c2c   Data        1024  bsp_oled.o(.data)
    page                                     0x2000102c   Data           6  bsp_oled.o(.data)
    flag_0                                   0x20001034   Data           4  bsp_oled.o(.data)
    flag_1                                   0x20001038   Data           4  bsp_oled.o(.data)
    flag_2                                   0x2000103c   Data           4  bsp_oled.o(.data)
    flag_3                                   0x20001040   Data           4  bsp_oled.o(.data)
    main_count                               0x20001044   Data           4  bsp_oled.o(.data)
    ch1_offset                               0x20001068   Data           4  remote_info.o(.data)
    ch2_offset                               0x2000106c   Data           4  remote_info.o(.data)
    ch3_offset                               0x20001070   Data           4  remote_info.o(.data)
    ch4_offset                               0x20001074   Data           4  remote_info.o(.data)
    fb_ramp                                  0x20001080   Data          20  keyboard_info.o(.data)
    lr_ramp                                  0x20001094   Data          20  keyboard_info.o(.data)
    cover_state                              0x200010aa   Data           1  keyboard_info.o(.data)
    pc_info_stack_surplus                    0x200010b0   Data           4  pc_info.o(.data)
    pc_send_buf                              0x200010b4   Data           5  pc_info.o(.data)
    start_time                               0x200010bc   Data           4  pc_info.o(.data)
    FrameHeader                              0x200010c0   Data           5  judgement_info.o(.data)
    CmdId                                    0x200010c6   Data           2  judgement_info.o(.data)
    judge_time_ms                            0x200010c8   Data           4  judgement_info.o(.data)
    judge_time_last                          0x200010cc   Data           4  judgement_info.o(.data)
    imu_stack_surplus                        0x200010d0   Data           4  imu_info.o(.data)
    halfT                                    0x2000111c   Data           4  imu_info.o(.data)
    Kp                                       0x20001120   Data           4  imu_info.o(.data)
    Ki                                       0x20001124   Data           4  imu_info.o(.data)
    imu_time_last                            0x20001128   Data           4  imu_info.o(.data)
    imu_time_ms                              0x2000112c   Data           4  imu_info.o(.data)
    chassis_time_last                        0x20001130   Data           4  chassis_task.o(.data)
    chassis_time_ms                          0x20001134   Data           4  chassis_task.o(.data)
    chassis_stack_surplus                    0x20001138   Data           4  chassis_task.o(.data)
    twistflag                                0x2000113c   Data           1  chassis_task.o(.data)
    twist_count                              0x20001140   Data           4  chassis_task.o(.data)
    rotation_center_gimbal                   0x20001144   Data           4  chassis_task.o(.data)
    i_last_sum                               0x20001148   Data           4  chassis_task.o(.data)
    m                                        0x2000114c   Data           4  chassis_task.o(.data)
    m_last                                   0x20001150   Data           4  chassis_task.o(.data)
    m_last_last                              0x20001154   Data           4  chassis_task.o(.data)
    chassis_volt                             0x20001158   Data           4  chassis_task.o(.data)
    chassis_current                          0x2000115c   Data           4  chassis_task.o(.data)
    chassis_current_last                     0x20001160   Data           4  chassis_task.o(.data)
    gimbal_stack_surplus                     0x20001180   Data           4  gimbal_task.o(.data)
    gimbal_time_last                         0x200011ac   Data           4  gimbal_task.o(.data)
    gimbal_time_ms                           0x200011b0   Data           4  gimbal_task.o(.data)
    patrol_count                             0x200011b4   Data           4  gimbal_task.o(.data)
    track_pit                                0x200011b8   Data           4  gimbal_task.o(.data)
    track_yaw                                0x200011bc   Data           4  gimbal_task.o(.data)
    track_once                               0x200011c0   Data           1  gimbal_task.o(.data)
    shoot_time_ms                            0x200011d4   Data           4  shoot_task.o(.data)
    triple_shoot_count                       0x200011d8   Data           4  shoot_task.o(.data)
    single_shoot_time                        0x200011dc   Data           4  shoot_task.o(.data)
    single_shoot_onetime                     0x200011e0   Data           4  shoot_task.o(.data)
    shoot_stack_surplus                      0x200011e4   Data           4  shoot_task.o(.data)
    left_spd                                 0x200011e8   Data           4  shoot_task.o(.data)
    right_spd                                0x200011ec   Data           4  shoot_task.o(.data)
    CRC_INIT                                 0x2000121c   Data           2  protocol.o(.data)
    mode_stack_surplus                       0x20001220   Data           4  modeswitch_task.o(.data)
    last_global_ctrl_mode                    0x20001224   Data           1  modeswitch_task.o(.data)
    global_ctrl_mode                         0x20001225   Data           1  modeswitch_task.o(.data)
    info_stack_surplus                       0x20001228   Data           4  info_get_task.o(.data)
    info_time_last                           0x2000122c   Data           4  info_get_task.o(.data)
    info_time_ms                             0x20001230   Data           4  info_get_task.o(.data)
    twist_ramp                               0x20001234   Data          20  ramp.o(.data)
    can_send_surplus                         0x20001248   Data           4  comm_task.o(.data)
    UI_bull                                  0x2000124c   Data           1  ui_task.o(.data)
    seqcount                                 0x2000124d   Data           1  ui_task.o(.data)
    pxCurrentTCB                             0x20001250   Data           4  tasks.o(.data)
    defaultTaskHandle                        0x200012c4   Data           4  freertos.o(.data)
    shoot_task_t                             0x200012c8   Data           4  freertos.o(.data)
    can_msg_send_task_t                      0x200012cc   Data           4  freertos.o(.data)
    judgement_unpack_task_t                  0x200012d0   Data           4  freertos.o(.data)
    mode_sw_task_t                           0x200012d4   Data           4  freertos.o(.data)
    info_get_task_t                          0x200012d8   Data           4  freertos.o(.data)
    detect_task_t                            0x200012dc   Data           4  freertos.o(.data)
    imu_task_t                               0x200012e0   Data           4  freertos.o(.data)
    freq_info_task_t                         0x200012e4   Data           4  freertos.o(.data)
    judge_unpack_task_t                      0x200012e8   Data           4  freertos.o(.data)
    pc_unpack_task_t                         0x200012ec   Data           4  freertos.o(.data)
    debug_task_t                             0x200012f0   Data           4  freertos.o(.data)
    pc_info_task_t                           0x200012f4   Data           4  freertos.o(.data)
    oled_task_t                              0x200012f8   Data           4  freertos.o(.data)
    TJU_imu_task_t                           0x200012fc   Data           4  freertos.o(.data)
    ui_task_t                                0x20001300   Data           4  freertos.o(.data)
    chassis_timer_id                         0x20001304   Data           4  freertos.o(.data)
    gimbal_timer_id                          0x20001308   Data           4  freertos.o(.data)
    stack_over_flow_warning                  0x2000130c   Data           4  freertos.o(.data)
    mode_stack_surplus1                      0x20001310   Data           4  debug.o(.data)
    hcan1                                    0x20001318   Data          68  can.o(.bss)
    hcan2                                    0x2000135c   Data          68  can.o(.bss)
    hrtc                                     0x200013a0   Data          32  rtc.o(.bss)
    hspi5                                    0x200013c0   Data          88  spi.o(.bss)
    htim6                                    0x20001418   Data          60  stm32f4xx_hal_timebase_tim.o(.bss)
    htim1                                    0x20001454   Data          60  tim.o(.bss)
    htim2                                    0x20001490   Data          60  tim.o(.bss)
    htim3                                    0x200014cc   Data          60  tim.o(.bss)
    huart1                                   0x20001508   Data          64  usart.o(.bss)
    huart2                                   0x20001548   Data          64  usart.o(.bss)
    huart3                                   0x20001588   Data          64  usart.o(.bss)
    huart6                                   0x200015c8   Data          64  usart.o(.bss)
    hdma_usart1_rx                           0x20001608   Data          96  usart.o(.bss)
    hdma_usart2_rx                           0x20001668   Data          96  usart.o(.bss)
    hdma_usart2_tx                           0x200016c8   Data          96  usart.o(.bss)
    hdma_usart3_rx                           0x20001728   Data          96  usart.o(.bss)
    hdma_usart3_tx                           0x20001788   Data          96  usart.o(.bss)
    hdma_usart6_rx                           0x200017e8   Data          96  usart.o(.bss)
    hdma_usart6_tx                           0x20001848   Data          96  usart.o(.bss)
    hiwdg                                    0x200018a8   Data          12  iwdg.o(.bss)
    moto_pitch                               0x200018b4   Data          68  bsp_can.o(.bss)
    moto_yaw                                 0x200018f8   Data          68  bsp_can.o(.bss)
    moto_trigger                             0x2000193c   Data          68  bsp_can.o(.bss)
    moto_chassis                             0x20001980   Data         272  bsp_can.o(.bss)
    global_current                           0x20001a90   Data          18  bsp_can.o(.bss)
    moto_leftfric                            0x20001aa4   Data          68  bsp_can.o(.bss)
    moto_rightfric                           0x20001ae8   Data          68  bsp_can.o(.bss)
    glb_sw                                   0x20001bc8   Data          12  remote_info.o(.bss)
    rc                                       0x20001bd4   Data          20  remote_info.o(.bss)
    rm                                       0x20001be8   Data          20  remote_info.o(.bss)
    dbus_buf                                 0x20001bfc   Data          18  remote_info.o(.bss)
    km                                       0x20001c10   Data          36  keyboard_info.o(.bss)
    pc_buf                                   0x20001c34   Data          50  pc_info.o(.bss)
    debug_buf                                0x20001c66   Data          50  pc_info.o(.bss)
    pc_send_mesg                             0x20001c98   Data          96  pc_info.o(.bss)
    pc_recv_mesg                             0x20001cf8   Data         144  pc_info.o(.bss)
    judge_buf                                0x20001d88   Data         512  judgement_info.o(.bss)
    judge_rece_mesg                          0x20001f88   Data          51  judgement_info.o(.bss)
    mpu_data                                 0x20001fbc   Data          40  imu_info.o(.bss)
    imu                                      0x20001fe4   Data          56  imu_info.o(.bss)
    atti                                     0x2000201c   Data          36  imu_info.o(.bss)
    cali_param                               0x20002040   Data          60  calibrate_info.o(.bss)
    chassis                                  0x20002088   Data         104  chassis_task.o(.bss)
    i_last                                   0x200020f0   Data          16  chassis_task.o(.bss)
    current_last                             0x20002100   Data          16  chassis_task.o(.bss)
    gimbal                                   0x20002110   Data         100  gimbal_task.o(.bss)
    shoot                                    0x20002174   Data          19  shoot_task.o(.bss)
    trig                                     0x20002187   Data          24  shoot_task.o(.bss)
    g_err                                    0x200021a0   Data         144  errordetect_task.o(.bss)
    pid_yaw                                  0x20002230   Data          76  pid.o(.bss)
    pid_pit                                  0x2000227c   Data          76  pid.o(.bss)
    pid_yaw_spd                              0x200022c8   Data          76  pid.o(.bss)
    pid_pit_spd                              0x20002314   Data          76  pid.o(.bss)
    pid_spd                                  0x20002360   Data         304  pid.o(.bss)
    pid_chassis_angle                        0x20002490   Data          76  pid.o(.bss)
    pid_trigger                              0x200024dc   Data          76  pid.o(.bss)
    pid_trigger_spd                          0x20002528   Data          76  pid.o(.bss)
    pid_imu_tmp                              0x20002574   Data          76  pid.o(.bss)
    pid_current                              0x200025c0   Data         304  pid.o(.bss)
    pid_leftfric_spd                         0x200026f0   Data          76  pid.o(.bss)
    pid_rightfric_spd                        0x2000273c   Data          76  pid.o(.bss)
    message_onegraphic                       0x20002788   Data          30  ui_task.o(.bss)
    message_onebull                          0x200027a6   Data          90  ui_task.o(.bss)
    message_dele                             0x20002800   Data          17  ui_task.o(.bss)
    message_onefloat                         0x20002811   Data          30  ui_task.o(.bss)
    xQueueRegistry                           0x20002830   Data          64  queue.o(.bss)
    __initial_sp                             0x20007588   Data           0  startup_stm32f427xx.o(STACK)



==============================================================================

Memory Map of the image

  Image Entry point : 0x080001ad

  Load Region LR_IROM1 (Base: 0x08000000, Size: 0x00011614, Max: 0x00200000, ABSOLUTE, COMPRESSED[0x000107b0])

    Execution Region ER_IROM1 (Exec base: 0x08000000, Load base: 0x08000000, Size: 0x000102fc, Max: 0x00200000, ABSOLUTE)

    Exec Addr    Load Addr    Size         Type   Attr      Idx    E Section Name        Object

    0x08000000   0x08000000   0x000001ac   Data   RO         3381    RESET               startup_stm32f427xx.o
    0x080001ac   0x080001ac   0x00000000   Code   RO         7509  * .ARM.Collect$$$$00000000  mc_w.l(entry.o)
    0x080001ac   0x080001ac   0x00000004   Code   RO         7838    .ARM.Collect$$$$00000001  mc_w.l(entry2.o)
    0x080001b0   0x080001b0   0x00000004   Code   RO         7841    .ARM.Collect$$$$00000004  mc_w.l(entry5.o)
    0x080001b4   0x080001b4   0x00000000   Code   RO         7843    .ARM.Collect$$$$00000008  mc_w.l(entry7b.o)
    0x080001b4   0x080001b4   0x00000000   Code   RO         7845    .ARM.Collect$$$$0000000A  mc_w.l(entry8b.o)
    0x080001b4   0x080001b4   0x00000008   Code   RO         7846    .ARM.Collect$$$$0000000B  mc_w.l(entry9a.o)
    0x080001bc   0x080001bc   0x00000004   Code   RO         7853    .ARM.Collect$$$$0000000E  mc_w.l(entry12b.o)
    0x080001c0   0x080001c0   0x00000000   Code   RO         7848    .ARM.Collect$$$$0000000F  mc_w.l(entry10a.o)
    0x080001c0   0x080001c0   0x00000000   Code   RO         7850    .ARM.Collect$$$$00000011  mc_w.l(entry11a.o)
    0x080001c0   0x080001c0   0x00000004   Code   RO         7839    .ARM.Collect$$$$00002712  mc_w.l(entry2.o)
    0x080001c4   0x080001c4   0x000000ba   Code   RO         7297    .emb_text           port.o
    0x0800027e   0x0800027e   0x00000002   PAD
    0x08000280   0x08000280   0x00000024   Code   RO         3382    .text               startup_stm32f427xx.o
    0x080002a4   0x080002a4   0x00000024   Code   RO         7512    .text               mc_w.l(memcpya.o)
    0x080002c8   0x080002c8   0x00000024   Code   RO         7514    .text               mc_w.l(memseta.o)
    0x080002ec   0x080002ec   0x000000e4   Code   RO         7779    .text               mf_w.l(dmul.o)
    0x080003d0   0x080003d0   0x00000022   Code   RO         7781    .text               mf_w.l(dflti.o)
    0x080003f2   0x080003f2   0x00000026   Code   RO         7783    .text               mf_w.l(f2d.o)
    0x08000418   0x08000418   0x00000030   Code   RO         7785    .text               mf_w.l(cdcmple.o)
    0x08000448   0x08000448   0x00000030   Code   RO         7787    .text               mf_w.l(cdrcmple.o)
    0x08000478   0x08000478   0x00000038   Code   RO         7789    .text               mf_w.l(d2f.o)
    0x080004b0   0x080004b0   0x0000002c   Code   RO         7854    .text               mc_w.l(uidiv.o)
    0x080004dc   0x080004dc   0x00000062   Code   RO         7856    .text               mc_w.l(uldiv.o)
    0x0800053e   0x0800053e   0x0000001a   Code   RO         7865    .text               mc_w.l(strtof.o)
    0x08000558   0x08000558   0x00000000   Code   RO         7867    .text               mc_w.l(iusefp.o)
    0x08000558   0x08000558   0x0000006e   Code   RO         7868    .text               mf_w.l(fepilogue.o)
    0x080005c6   0x080005c6   0x000000ba   Code   RO         7870    .text               mf_w.l(depilogue.o)
    0x08000680   0x08000680   0x0000014e   Code   RO         7872    .text               mf_w.l(dadd.o)
    0x080007ce   0x080007ce   0x000000de   Code   RO         7874    .text               mf_w.l(ddiv.o)
    0x080008ac   0x080008ac   0x000000a2   Code   RO         7878    .text               mf_w.l(dsqrt.o)
    0x0800094e   0x0800094e   0x00000030   Code   RO         7880    .text               mf_w.l(dfixul.o)
    0x0800097e   0x0800097e   0x00000002   PAD
    0x08000980   0x08000980   0x00000024   Code   RO         7890    .text               mc_w.l(init.o)
    0x080009a4   0x080009a4   0x0000001e   Code   RO         7892    .text               mc_w.l(llshl.o)
    0x080009c2   0x080009c2   0x00000020   Code   RO         7894    .text               mc_w.l(llushr.o)
    0x080009e2   0x080009e2   0x00000024   Code   RO         7896    .text               mc_w.l(llsshr.o)
    0x08000a06   0x08000a06   0x00000002   PAD
    0x08000a08   0x08000a08   0x0000009c   Code   RO         7898    .text               mc_w.l(strtod.o)
    0x08000aa4   0x08000aa4   0x0000001a   Code   RO         7900    .text               mf_w.l(dfltui.o)
    0x08000abe   0x08000abe   0x0000003e   Code   RO         7902    .text               mf_w.l(dfixi.o)
    0x08000afc   0x08000afc   0x0000000a   Code   RO         7910    .text               mc_w.l(isspace_c.o)
    0x08000b06   0x08000b06   0x00000002   PAD
    0x08000b08   0x08000b08   0x00000360   Code   RO         7912    .text               mc_w.l(scanf_fp.o)
    0x08000e68   0x08000e68   0x00000040   Code   RO         7916    .text               mc_w.l(_sgetc.o)
    0x08000ea8   0x08000ea8   0x00000004   Code   RO         7918    .text               mf_w.l(fpstat.o)
    0x08000eac   0x08000eac   0x00000028   Code   RO         7920    .text               mc_w.l(ctype_c.o)
    0x08000ed4   0x08000ed4   0x00000018   Code   RO         7923    .text               mf_w.l(dfltul.o)
    0x08000eec   0x08000eec   0x00000056   Code   RO         7933    .text               mc_w.l(__dczerorl2.o)
    0x08000f42   0x08000f42   0x00000004   Code   RO         3851    i.BusFault_Handler  stm32f4xx_it.o
    0x08000f46   0x08000f46   0x00000002   PAD
    0x08000f48   0x08000f48   0x00000010   Code   RO         3852    i.CAN1_RX0_IRQHandler  stm32f4xx_it.o
    0x08000f58   0x08000f58   0x00000010   Code   RO         3853    i.CAN1_TX_IRQHandler  stm32f4xx_it.o
    0x08000f68   0x08000f68   0x00000010   Code   RO         3854    i.CAN2_RX0_IRQHandler  stm32f4xx_it.o
    0x08000f78   0x08000f78   0x00000010   Code   RO         3855    i.CAN2_TX_IRQHandler  stm32f4xx_it.o
    0x08000f88   0x08000f88   0x000001c2   Code   RO          317    i.CAN_Receive_IT    stm32f4xx_hal_can.o
    0x0800114a   0x0800114a   0x00000062   Code   RO          318    i.CAN_Transmit_IT   stm32f4xx_hal_can.o
    0x080011ac   0x080011ac   0x00000010   Code   RO         3856    i.DMA1_Stream1_IRQHandler  stm32f4xx_it.o
    0x080011bc   0x080011bc   0x00000010   Code   RO         3857    i.DMA1_Stream3_IRQHandler  stm32f4xx_it.o
    0x080011cc   0x080011cc   0x00000010   Code   RO         3858    i.DMA1_Stream5_IRQHandler  stm32f4xx_it.o
    0x080011dc   0x080011dc   0x00000010   Code   RO         3859    i.DMA1_Stream6_IRQHandler  stm32f4xx_it.o
    0x080011ec   0x080011ec   0x00000010   Code   RO         3860    i.DMA2_Stream1_IRQHandler  stm32f4xx_it.o
    0x080011fc   0x080011fc   0x00000010   Code   RO         3861    i.DMA2_Stream2_IRQHandler  stm32f4xx_it.o
    0x0800120c   0x0800120c   0x00000010   Code   RO         3862    i.DMA2_Stream7_IRQHandler  stm32f4xx_it.o
    0x0800121c   0x0800121c   0x00000034   Code   RO          587    i.DMA_CalcBaseAndBitshift  stm32f4xx_hal_dma.o
    0x08001250   0x08001250   0x000000aa   Code   RO          588    i.DMA_CheckFifoParam  stm32f4xx_hal_dma.o
    0x080012fa   0x080012fa   0x0000002c   Code   RO          589    i.DMA_SetConfig     stm32f4xx_hal_dma.o
    0x08001326   0x08001326   0x00000002   Code   RO         3863    i.DebugMon_Handler  stm32f4xx_it.o
    0x08001328   0x08001328   0x0000003c   Code   RO         4525    i.EndIdleMonitor    cpu_utils.o
    0x08001364   0x08001364   0x00000108   Code   RO          319    i.HAL_CAN_ConfigFilter  stm32f4xx_hal_can.o
    0x0800146c   0x0800146c   0x00000002   Code   RO          321    i.HAL_CAN_ErrorCallback  stm32f4xx_hal_can.o
    0x0800146e   0x0800146e   0x00000002   PAD
    0x08001470   0x08001470   0x00000254   Code   RO          324    i.HAL_CAN_IRQHandler  stm32f4xx_hal_can.o
    0x080016c4   0x080016c4   0x000001bc   Code   RO          325    i.HAL_CAN_Init      stm32f4xx_hal_can.o
    0x08001880   0x08001880   0x00000134   Code   RO         3390    i.HAL_CAN_MspInit   can.o
    0x080019b4   0x080019b4   0x0000010c   Code   RO          329    i.HAL_CAN_Receive_IT  stm32f4xx_hal_can.o
    0x08001ac0   0x08001ac0   0x0000014c   Code   RO         4248    i.HAL_CAN_RxCpltCallback  bsp_can.o
    0x08001c0c   0x08001c0c   0x000002b8   Code   RO          332    i.HAL_CAN_Transmit  stm32f4xx_hal_can.o
    0x08001ec4   0x08001ec4   0x00000002   Code   RO          334    i.HAL_CAN_TxCpltCallback  stm32f4xx_hal_can.o
    0x08001ec6   0x08001ec6   0x00000028   Code   RO          591    i.HAL_DMA_Abort_IT  stm32f4xx_hal_dma.o
    0x08001eee   0x08001eee   0x00000002   PAD
    0x08001ef0   0x08001ef0   0x00000248   Code   RO          595    i.HAL_DMA_IRQHandler  stm32f4xx_hal_dma.o
    0x08002138   0x08002138   0x000000ec   Code   RO          596    i.HAL_DMA_Init      stm32f4xx_hal_dma.o
    0x08002224   0x08002224   0x00000066   Code   RO          599    i.HAL_DMA_Start     stm32f4xx_hal_dma.o
    0x0800228a   0x0800228a   0x0000001e   Code   RO          155    i.HAL_Delay         stm32f4xx_hal.o
    0x080022a8   0x080022a8   0x0000021c   Code   RO         1023    i.HAL_GPIO_Init     stm32f4xx_hal_gpio.o
    0x080024c4   0x080024c4   0x00000008   Code   RO         1026    i.HAL_GPIO_TogglePin  stm32f4xx_hal_gpio.o
    0x080024cc   0x080024cc   0x0000000c   Code   RO         1027    i.HAL_GPIO_WritePin  stm32f4xx_hal_gpio.o
    0x080024d8   0x080024d8   0x0000000c   Code   RO          163    i.HAL_GetTick       stm32f4xx_hal.o
    0x080024e4   0x080024e4   0x00000050   Code   RO         3352    i.HAL_IWDG_Init     stm32f4xx_hal_iwdg.o
    0x08002534   0x08002534   0x0000000e   Code   RO         3353    i.HAL_IWDG_Refresh  stm32f4xx_hal_iwdg.o
    0x08002542   0x08002542   0x00000002   PAD
    0x08002544   0x08002544   0x00000010   Code   RO          165    i.HAL_IncTick       stm32f4xx_hal.o
    0x08002554   0x08002554   0x0000003c   Code   RO          166    i.HAL_Init          stm32f4xx_hal.o
    0x08002590   0x08002590   0x0000008c   Code   RO         3811    i.HAL_InitTick      stm32f4xx_hal_timebase_tim.o
    0x0800261c   0x0800261c   0x00000056   Code   RO         3787    i.HAL_MspInit       stm32f4xx_hal_msp.o
    0x08002672   0x08002672   0x0000001a   Code   RO          452    i.HAL_NVIC_EnableIRQ  stm32f4xx_hal_cortex.o
    0x0800268c   0x0800268c   0x0000007c   Code   RO          458    i.HAL_NVIC_SetPriority  stm32f4xx_hal_cortex.o
    0x08002708   0x08002708   0x00000028   Code   RO          459    i.HAL_NVIC_SetPriorityGrouping  stm32f4xx_hal_cortex.o
    0x08002730   0x08002730   0x000000a4   Code   RO         1212    i.HAL_PWREx_EnableOverDrive  stm32f4xx_hal_pwr_ex.o
    0x080027d4   0x080027d4   0x00000370   Code   RO         1382    i.HAL_RCCEx_PeriphCLKConfig  stm32f4xx_hal_rcc_ex.o
    0x08002b44   0x08002b44   0x000001d0   Code   RO         1279    i.HAL_RCC_ClockConfig  stm32f4xx_hal_rcc.o
    0x08002d14   0x08002d14   0x00000044   Code   RO         1283    i.HAL_RCC_GetClockConfig  stm32f4xx_hal_rcc.o
    0x08002d58   0x08002d58   0x0000000c   Code   RO         1284    i.HAL_RCC_GetHCLKFreq  stm32f4xx_hal_rcc.o
    0x08002d64   0x08002d64   0x0000002c   Code   RO         1286    i.HAL_RCC_GetPCLK1Freq  stm32f4xx_hal_rcc.o
    0x08002d90   0x08002d90   0x0000002c   Code   RO         1287    i.HAL_RCC_GetPCLK2Freq  stm32f4xx_hal_rcc.o
    0x08002dbc   0x08002dbc   0x000000b4   Code   RO         1288    i.HAL_RCC_GetSysClockFreq  stm32f4xx_hal_rcc.o
    0x08002e70   0x08002e70   0x0000044c   Code   RO         1291    i.HAL_RCC_OscConfig  stm32f4xx_hal_rcc.o
    0x080032bc   0x080032bc   0x00000012   Code   RO         1561    i.HAL_RTCEx_BKUPRead  stm32f4xx_hal_rtc_ex.o
    0x080032ce   0x080032ce   0x00000012   Code   RO         1562    i.HAL_RTCEx_BKUPWrite  stm32f4xx_hal_rtc_ex.o
    0x080032e0   0x080032e0   0x000000fe   Code   RO         1587    i.HAL_RTCEx_SetWakeUpTimer  stm32f4xx_hal_rtc_ex.o
    0x080033de   0x080033de   0x00000002   PAD
    0x080033e0   0x080033e0   0x000000b4   Code   RO         1430    i.HAL_RTC_Init      stm32f4xx_hal_rtc.o
    0x08003494   0x08003494   0x00000018   Code   RO         3704    i.HAL_RTC_MspInit   rtc.o
    0x080034ac   0x080034ac   0x00000114   Code   RO         1436    i.HAL_RTC_SetDate   stm32f4xx_hal_rtc.o
    0x080035c0   0x080035c0   0x00000134   Code   RO         1437    i.HAL_RTC_SetTime   stm32f4xx_hal_rtc.o
    0x080036f4   0x080036f4   0x0000003a   Code   RO         1438    i.HAL_RTC_WaitForSynchro  stm32f4xx_hal_rtc.o
    0x0800372e   0x0800372e   0x0000008c   Code   RO         1817    i.HAL_SPI_Init      stm32f4xx_hal_spi.o
    0x080037ba   0x080037ba   0x00000002   PAD
    0x080037bc   0x080037bc   0x0000005c   Code   RO         3746    i.HAL_SPI_MspInit   spi.o
    0x08003818   0x08003818   0x0000021e   Code   RO         1826    i.HAL_SPI_TransmitReceive  stm32f4xx_hal_spi.o
    0x08003a36   0x08003a36   0x00000028   Code   RO          461    i.HAL_SYSTICK_CLKSourceConfig  stm32f4xx_hal_cortex.o
    0x08003a5e   0x08003a5e   0x00000034   Code   RO          463    i.HAL_SYSTICK_Config  stm32f4xx_hal_cortex.o
    0x08003a92   0x08003a92   0x00000002   Code   RO         2764    i.HAL_TIMEx_BreakCallback  stm32f4xx_hal_tim_ex.o
    0x08003a94   0x08003a94   0x00000002   Code   RO         2765    i.HAL_TIMEx_CommutationCallback  stm32f4xx_hal_tim_ex.o
    0x08003a96   0x08003a96   0x0000007e   Code   RO         2766    i.HAL_TIMEx_ConfigBreakDeadTime  stm32f4xx_hal_tim_ex.o
    0x08003b14   0x08003b14   0x00000062   Code   RO         2781    i.HAL_TIMEx_MasterConfigSynchronization  stm32f4xx_hal_tim_ex.o
    0x08003b76   0x08003b76   0x00000034   Code   RO         2125    i.HAL_TIM_Base_Init  stm32f4xx_hal_tim.o
    0x08003baa   0x08003baa   0x00000002   Code   RO         2127    i.HAL_TIM_Base_MspInit  stm32f4xx_hal_tim.o
    0x08003bac   0x08003bac   0x0000001e   Code   RO         2130    i.HAL_TIM_Base_Start_IT  stm32f4xx_hal_tim.o
    0x08003bca   0x08003bca   0x00000002   Code   RO         2154    i.HAL_TIM_IC_CaptureCallback  stm32f4xx_hal_tim.o
    0x08003bcc   0x08003bcc   0x00000196   Code   RO         2167    i.HAL_TIM_IRQHandler  stm32f4xx_hal_tim.o
    0x08003d62   0x08003d62   0x00000002   PAD
    0x08003d64   0x08003d64   0x000000a8   Code   RO         4014    i.HAL_TIM_MspPostInit  tim.o
    0x08003e0c   0x08003e0c   0x00000002   Code   RO         2170    i.HAL_TIM_OC_DelayElapsedCallback  stm32f4xx_hal_tim.o
    0x08003e0e   0x08003e0e   0x00000108   Code   RO         2191    i.HAL_TIM_PWM_ConfigChannel  stm32f4xx_hal_tim.o
    0x08003f16   0x08003f16   0x00000034   Code   RO         2194    i.HAL_TIM_PWM_Init  stm32f4xx_hal_tim.o
    0x08003f4a   0x08003f4a   0x00000002   PAD
    0x08003f4c   0x08003f4c   0x00000090   Code   RO         4016    i.HAL_TIM_PWM_MspInit  tim.o
    0x08003fdc   0x08003fdc   0x00000002   Code   RO         2197    i.HAL_TIM_PWM_PulseFinishedCallback  stm32f4xx_hal_tim.o
    0x08003fde   0x08003fde   0x00000002   PAD
    0x08003fe0   0x08003fe0   0x0000004c   Code   RO         2198    i.HAL_TIM_PWM_Start  stm32f4xx_hal_tim.o
    0x0800402c   0x0800402c   0x00000018   Code   RO         3492    i.HAL_TIM_PeriodElapsedCallback  main.o
    0x08004044   0x08004044   0x00000002   Code   RO         2208    i.HAL_TIM_TriggerCallback  stm32f4xx_hal_tim.o
    0x08004046   0x08004046   0x00000002   Code   RO         3024    i.HAL_UART_ErrorCallback  stm32f4xx_hal_uart.o
    0x08004048   0x08004048   0x0000014c   Code   RO         3027    i.HAL_UART_IRQHandler  stm32f4xx_hal_uart.o
    0x08004194   0x08004194   0x00000072   Code   RO         3028    i.HAL_UART_Init     stm32f4xx_hal_uart.o
    0x08004206   0x08004206   0x00000002   PAD
    0x08004208   0x08004208   0x0000039c   Code   RO         4076    i.HAL_UART_MspInit  usart.o
    0x080045a4   0x080045a4   0x00000002   Code   RO         3034    i.HAL_UART_RxCpltCallback  stm32f4xx_hal_uart.o
    0x080045a6   0x080045a6   0x000000d6   Code   RO         3036    i.HAL_UART_Transmit  stm32f4xx_hal_uart.o
    0x0800467c   0x0800467c   0x00000002   Code   RO         3039    i.HAL_UART_TxCpltCallback  stm32f4xx_hal_uart.o
    0x0800467e   0x0800467e   0x00000004   Code   RO         3864    i.HardFault_Handler  stm32f4xx_it.o
    0x08004682   0x08004682   0x00000002   PAD
    0x08004684   0x08004684   0x00000038   Code   RO         4598    i.IIC_Init          bsp_imu_9250.o
    0x080046bc   0x080046bc   0x0000003a   Code   RO         4680    i.LCD_Fill          bsp_oled.o
    0x080046f6   0x080046f6   0x00000002   PAD
    0x080046f8   0x080046f8   0x000000f4   Code   RO         4681    i.LCD_Init          bsp_oled.o
    0x080047ec   0x080047ec   0x00000024   Code   RO         4686    i.LCD_Set_Pos       bsp_oled.o
    0x08004810   0x08004810   0x000000a0   Code   RO         4687    i.LCD_WrCmd         bsp_oled.o
    0x080048b0   0x080048b0   0x000000a0   Code   RO         4688    i.LCD_WrDat         bsp_oled.o
    0x08004950   0x08004950   0x00000058   Code   RO         3391    i.MX_CAN1_Init      can.o
    0x080049a8   0x080049a8   0x0000005c   Code   RO         3392    i.MX_CAN2_Init      can.o
    0x08004a04   0x08004a04   0x000000b8   Code   RO         3441    i.MX_DMA_Init       dma.o
    0x08004abc   0x08004abc   0x00000124   Code   RO         7377    i.MX_FREERTOS_Init  freertos.o
    0x08004be0   0x08004be0   0x000002dc   Code   RO         3468    i.MX_GPIO_Init      gpio.o
    0x08004ebc   0x08004ebc   0x0000003c   Code   RO         4135    i.MX_IWDG_Init      iwdg.o
    0x08004ef8   0x08004ef8   0x000000d0   Code   RO         3705    i.MX_RTC_Init       rtc.o
    0x08004fc8   0x08004fc8   0x00000058   Code   RO         3747    i.MX_SPI5_Init      spi.o
    0x08005020   0x08005020   0x000000d0   Code   RO         4017    i.MX_TIM1_Init      tim.o
    0x080050f0   0x080050f0   0x00000088   Code   RO         4018    i.MX_TIM2_Init      tim.o
    0x08005178   0x08005178   0x00000094   Code   RO         4019    i.MX_TIM3_Init      tim.o
    0x0800520c   0x0800520c   0x00000050   Code   RO         4077    i.MX_USART1_UART_Init  usart.o
    0x0800525c   0x0800525c   0x0000004c   Code   RO         4078    i.MX_USART2_UART_Init  usart.o
    0x080052a8   0x080052a8   0x0000004c   Code   RO         4079    i.MX_USART3_UART_Init  usart.o
    0x080052f4   0x080052f4   0x0000004c   Code   RO         4080    i.MX_USART6_UART_Init  usart.o
    0x08005340   0x08005340   0x00000004   Code   RO         3865    i.MemManage_Handler  stm32f4xx_it.o
    0x08005344   0x08005344   0x00000002   Code   RO         3866    i.NMI_Handler       stm32f4xx_it.o
    0x08005346   0x08005346   0x00000002   PAD
    0x08005348   0x08005348   0x00000010   Code   RO          465    i.NVIC_GetPriorityGrouping  stm32f4xx_hal_cortex.o
    0x08005358   0x08005358   0x00000028   Code   RO          466    i.NVIC_SetPriority  stm32f4xx_hal_cortex.o
    0x08005380   0x08005380   0x00000060   Code   RO         5820    i.PID_struct_init   pid.o
    0x080053e0   0x080053e0   0x00000016   Code   RO         1439    i.RTC_Bcd2ToByte    stm32f4xx_hal_rtc.o
    0x080053f6   0x080053f6   0x0000001a   Code   RO         1440    i.RTC_ByteToBcd2    stm32f4xx_hal_rtc.o
    0x08005410   0x08005410   0x0000003e   Code   RO         1441    i.RTC_EnterInitMode  stm32f4xx_hal_rtc.o
    0x0800544e   0x0800544e   0x00000028   Code   RO         1841    i.SPI_CheckFlag_BSY  stm32f4xx_hal_spi.o
    0x08005476   0x08005476   0x000000aa   Code   RO         1859    i.SPI_WaitFlagStateUntilTimeout  stm32f4xx_hal_spi.o
    0x08005520   0x08005520   0x0000000a   Code   RO         7378    i.StartDefaultTask  freertos.o
    0x0800552a   0x0800552a   0x00000002   PAD
    0x0800552c   0x0800552c   0x00000020   Code   RO         4526    i.StartIdleMonitor  cpu_utils.o
    0x0800554c   0x0800554c   0x00000008   Code   RO         3867    i.SysTick_Handler   stm32f4xx_it.o
    0x08005554   0x08005554   0x00000108   Code   RO         3493    i.SystemClock_Config  main.o
    0x0800565c   0x0800565c   0x00000064   Code   RO            5    i.SystemInit        system_stm32f4xx.o
    0x080056c0   0x080056c0   0x00000010   Code   RO         3868    i.TIM6_DAC_IRQHandler  stm32f4xx_it.o
    0x080056d0   0x080056d0   0x000000e4   Code   RO         2209    i.TIM_Base_SetConfig  stm32f4xx_hal_tim.o
    0x080057b4   0x080057b4   0x0000001c   Code   RO         2210    i.TIM_CCxChannelCmd  stm32f4xx_hal_tim.o
    0x080057d0   0x080057d0   0x00000070   Code   RO         2218    i.TIM_OC1_SetConfig  stm32f4xx_hal_tim.o
    0x08005840   0x08005840   0x00000078   Code   RO         2219    i.TIM_OC2_SetConfig  stm32f4xx_hal_tim.o
    0x080058b8   0x080058b8   0x00000078   Code   RO         2220    i.TIM_OC3_SetConfig  stm32f4xx_hal_tim.o
    0x08005930   0x08005930   0x00000060   Code   RO         2221    i.TIM_OC4_SetConfig  stm32f4xx_hal_tim.o
    0x08005990   0x08005990   0x00000014   Code   RO         3041    i.UART_DMAAbortOnError  stm32f4xx_hal_uart.o
    0x080059a4   0x080059a4   0x00000020   Code   RO         3051    i.UART_EndRxTransfer  stm32f4xx_hal_uart.o
    0x080059c4   0x080059c4   0x00000020   Code   RO         3052    i.UART_EndTransmit_IT  stm32f4xx_hal_uart.o
    0x080059e4   0x080059e4   0x00000066   Code   RO         4165    i.UART_Receive_DMA_No_IT  bsp_uart.o
    0x08005a4a   0x08005a4a   0x0000009a   Code   RO         3054    i.UART_Receive_IT   stm32f4xx_hal_uart.o
    0x08005ae4   0x08005ae4   0x00000368   Code   RO         3055    i.UART_SetConfig    stm32f4xx_hal_uart.o
    0x08005e4c   0x08005e4c   0x00000068   Code   RO         3056    i.UART_Transmit_IT  stm32f4xx_hal_uart.o
    0x08005eb4   0x08005eb4   0x0000006c   Code   RO         3057    i.UART_WaitOnFlagUntilTimeout  stm32f4xx_hal_uart.o
    0x08005f20   0x08005f20   0x00000008   Code   RO         6012    i.UI_Init           ui_task.o
    0x08005f28   0x08005f28   0x00000014   Code   RO         3869    i.USART1_IRQHandler  stm32f4xx_it.o
    0x08005f3c   0x08005f3c   0x00000020   Code   RO         3870    i.USART2_IRQHandler  stm32f4xx_it.o
    0x08005f5c   0x08005f5c   0x00000014   Code   RO         3871    i.USART3_IRQHandler  stm32f4xx_it.o
    0x08005f70   0x08005f70   0x00000020   Code   RO         3872    i.USART6_IRQHandler  stm32f4xx_it.o
    0x08005f90   0x08005f90   0x00000004   Code   RO         3873    i.UsageFault_Handler  stm32f4xx_it.o
    0x08005f94   0x08005f94   0x00000004   Code   RO         3494    i._Error_Handler    main.o
    0x08005f98   0x08005f98   0x00000020   Code   RO         7751    i.__0printf         mc_w.l(printfa.o)
    0x08005fb8   0x08005fb8   0x00000030   Code   RO         7822    i.__ARM_fpclassify  m_wm.l(fpclassify.o)
    0x08005fe8   0x08005fe8   0x000000f8   Code   RO         7882    i.__hardfp___mathlib_tofloat  m_wm.l(narrow.o)
    0x080060e0   0x080060e0   0x00000360   Code   RO         7447    i.__hardfp_asin     m_wm.l(asin.o)
    0x08006440   0x08006440   0x000002d8   Code   RO         7791    i.__hardfp_atan     m_wm.l(atan.o)
    0x08006718   0x08006718   0x00000200   Code   RO         7461    i.__hardfp_atan2    m_wm.l(atan2.o)
    0x08006918   0x08006918   0x00000014   Code   RO         7473    i.__hardfp_fabs     m_wm.l(fabs.o)
    0x0800692c   0x0800692c   0x00000004   PAD
    0x08006930   0x08006930   0x000000c8   Code   RO         7479    i.__hardfp_sin      m_wm.l(sin.o)
    0x080069f8   0x080069f8   0x0000007a   Code   RO         7491    i.__hardfp_sqrt     m_wm.l(sqrt.o)
    0x08006a72   0x08006a72   0x00000002   PAD
    0x08006a74   0x08006a74   0x00000020   Code   RO         7503    i.__hardfp_strtof   m_wm.l(strtof.o)
    0x08006a94   0x08006a94   0x00000004   PAD
    0x08006a98   0x08006a98   0x00000438   Code   RO         7827    i.__ieee754_rem_pio2  m_wm.l(rred.o)
    0x08006ed0   0x08006ed0   0x00000170   Code   RO         7805    i.__kernel_cos      m_wm.l(cos_i.o)
    0x08007040   0x08007040   0x000000f8   Code   RO         7824    i.__kernel_poly     m_wm.l(poly.o)
    0x08007138   0x08007138   0x00000130   Code   RO         7832    i.__kernel_sin      m_wm.l(sin_i.o)
    0x08007268   0x08007268   0x00000014   Code   RO         7809    i.__mathlib_dbl_infnan  m_wm.l(dunder.o)
    0x0800727c   0x0800727c   0x00000014   Code   RO         7810    i.__mathlib_dbl_infnan2  m_wm.l(dunder.o)
    0x08007290   0x08007290   0x00000020   Code   RO         7811    i.__mathlib_dbl_invalid  m_wm.l(dunder.o)
    0x080072b0   0x080072b0   0x00000020   Code   RO         7814    i.__mathlib_dbl_underflow  m_wm.l(dunder.o)
    0x080072d0   0x080072d0   0x00000012   Code   RO         7883    i.__mathlib_narrow  m_wm.l(narrow.o)
    0x080072e2   0x080072e2   0x0000000e   Code   RO         7927    i.__scatterload_copy  mc_w.l(handlers.o)
    0x080072f0   0x080072f0   0x00000002   Code   RO         7928    i.__scatterload_null  mc_w.l(handlers.o)
    0x080072f2   0x080072f2   0x0000000e   Code   RO         7929    i.__scatterload_zeroinit  mc_w.l(handlers.o)
    0x08007300   0x08007300   0x0000000c   Code   RO         7860    i.__set_errno       mc_w.l(errno.o)
    0x0800730c   0x0800730c   0x00000184   Code   RO         7758    i._fp_digits        mc_w.l(printfa.o)
    0x08007490   0x08007490   0x0000000e   Code   RO         7914    i._is_digit         mc_w.l(scanf_fp.o)
    0x0800749e   0x0800749e   0x00000002   PAD
    0x080074a0   0x080074a0   0x000006b4   Code   RO         7759    i._printf_core      mc_w.l(printfa.o)
    0x08007b54   0x08007b54   0x00000024   Code   RO         7760    i._printf_post_padding  mc_w.l(printfa.o)
    0x08007b78   0x08007b78   0x0000002e   Code   RO         7761    i._printf_pre_padding  mc_w.l(printfa.o)
    0x08007ba6   0x08007ba6   0x0000002e   Code   RO         5821    i.abs_limit         pid.o
    0x08007bd4   0x08007bd4   0x00000084   Code   RO         5352    i.abs_sum4          chassis_task.o
    0x08007c58   0x08007c58   0x00000030   Code   RO         5635    i.append_crc16_check_sum  protocol.o
    0x08007c88   0x08007c88   0x00000026   Code   RO         5636    i.append_crc8_check_sum  protocol.o
    0x08007cae   0x08007cae   0x00000010   Code   RO         7793    i.atan              m_wm.l(atan.o)
    0x08007cbe   0x08007cbe   0x00000002   PAD
    0x08007cc0   0x08007cc0   0x00000264   Code   RO         5557    i.block_bullet_handler  shoot_task.o
    0x08007f24   0x08007f24   0x00000018   Code   RO         5297    i.cali_data_read    calibrate_info.o
    0x08007f3c   0x08007f3c   0x0000002c   Code   RO         5298    i.cali_param_init   calibrate_info.o
    0x08007f68   0x08007f68   0x00000068   Code   RO         4249    i.can_device_init   bsp_can.o
    0x08007fd0   0x08007fd0   0x0000006c   Code   RO         5908    i.can_msg_send_task  comm_task.o
    0x0800803c   0x0800803c   0x0000001c   Code   RO         4250    i.can_receive_start  bsp_can.o
    0x08008058   0x08008058   0x00000020   Code   RO         5353    i.chassis_is_controllable  chassis_task.o
    0x08008078   0x08008078   0x00000100   Code   RO         5693    i.chassis_mode_handler  modeswitch_task.o
    0x08008178   0x08008178   0x0000004c   Code   RO         5010    i.chassis_operation_fun  keyboard_info.o
    0x080081c4   0x080081c4   0x00000070   Code   RO         4932    i.chassis_operation_func  remote_info.o
    0x08008234   0x08008234   0x000000ac   Code   RO         5354    i.chassis_param_init  chassis_task.o
    0x080082e0   0x080082e0   0x00000024   Code   RO         5355    i.chassis_stop_handler  chassis_task.o
    0x08008304   0x08008304   0x000001c0   Code   RO         5356    i.chassis_task      chassis_task.o
    0x080084c4   0x080084c4   0x000000d8   Code   RO         5357    i.chassis_twist_handler  chassis_task.o
    0x0800859c   0x0800859c   0x00000214   Code   RO         5465    i.closed_loop_handler  gimbal_task.o
    0x080087b0   0x080087b0   0x00000044   Code   RO         4167    i.computer_uart_init  bsp_uart.o
    0x080087f4   0x080087f4   0x00000048   Code   RO         5358    i.cosx              chassis_task.o
    0x0800883c   0x0800883c   0x00000040   Code   RO         4168    i.dbus_uart_init    bsp_uart.o
    0x0800887c   0x0800887c   0x00000130   Code   RO         5113    i.debug_pid         pc_info.o
    0x080089ac   0x080089ac   0x00000090   Code   RO         7421    i.debug_task        debug.o
    0x08008a3c   0x08008a3c   0x00000044   Code   RO         4169    i.debug_uart_init   bsp_uart.o
    0x08008a80   0x08008a80   0x00000008   Code   RO         4170    i.dma_current_data_counter  bsp_uart.o
    0x08008a88   0x08008a88   0x000000d8   Code   RO         5558    i.empty_judge       shoot_task.o
    0x08008b60   0x08008b60   0x00000118   Code   RO         4251    i.encoder_data_handler  bsp_can.o
    0x08008c78   0x08008c78   0x00000040   Code   RO         5011    i.exit_buff_hook    keyboard_info.o
    0x08008cb8   0x08008cb8   0x00000018   Code   RO         7475    i.fabs              m_wm.l(fabs.o)
    0x08008cd0   0x08008cd0   0x000000f0   Code   RO         5359    i.follow_gimbal_handler  chassis_task.o
    0x08008dc0   0x08008dc0   0x0000001c   Code   RO         4171    i.fputc             bsp_uart.o
    0x08008ddc   0x08008ddc   0x00000004   PAD
    0x08008de0   0x08008de0   0x0000008c   Code   RO         7906    i.frexp             m_wm.l(frexp.o)
    0x08008e6c   0x08008e6c   0x00000024   Code   RO         5559    i.fric_wheel_ctrl   shoot_task.o
    0x08008e90   0x08008e90   0x00000034   Code   RO         4840    i.get_chassis_info  chassis_info.o
    0x08008ec4   0x08008ec4   0x00000030   Code   RO         5694    i.get_chassis_mode  modeswitch_task.o
    0x08008ef4   0x08008ef4   0x00000034   Code   RO         5637    i.get_crc16_check_sum  protocol.o
    0x08008f28   0x08008f28   0x00000024   Code   RO         5638    i.get_crc8_check_sum  protocol.o
    0x08008f4c   0x08008f4c   0x000000c4   Code   RO         4868    i.get_gimbal_info   gimbal_info.o
    0x08009010   0x08009010   0x00000050   Code   RO         5695    i.get_gimbal_mode   modeswitch_task.o
    0x08009060   0x08009060   0x00000018   Code   RO         4933    i.get_global_last_info  remote_info.o
    0x08009078   0x08009078   0x0000002c   Code   RO         5696    i.get_global_last_mode  modeswitch_task.o
    0x080090a4   0x080090a4   0x00000074   Code   RO         5697    i.get_main_ctrl_mode  modeswitch_task.o
    0x08009118   0x08009118   0x00000014   Code   RO         4252    i.get_moto_offset   bsp_can.o
    0x0800912c   0x0800912c   0x0000003a   Code   RO         4869    i.get_relative_pos  gimbal_info.o
    0x08009166   0x08009166   0x00000002   PAD
    0x08009168   0x08009168   0x00000048   Code   RO         4905    i.get_shoot_info    shoot_info.o
    0x080091b0   0x080091b0   0x000000b0   Code   RO         5698    i.get_shoot_mode    modeswitch_task.o
    0x08009260   0x08009260   0x00000020   Code   RO         5466    i.gimbal_back_param  gimbal_task.o
    0x08009280   0x08009280   0x00000030   Code   RO         5467    i.gimbal_is_controllable  gimbal_task.o
    0x080092b0   0x080092b0   0x00000344   Code   RO         5699    i.gimbal_mode_handler  modeswitch_task.o
    0x080095f4   0x080095f4   0x0000014c   Code   RO         5012    i.gimbal_operation_fun  keyboard_info.o
    0x08009740   0x08009740   0x0000003c   Code   RO         4934    i.gimbal_operation_func  remote_info.o
    0x0800977c   0x0800977c   0x00000158   Code   RO         5468    i.gimbal_param_init  gimbal_task.o
    0x080098d4   0x080098d4   0x00000198   Code   RO         5469    i.gimbal_patrol_handler  gimbal_task.o
    0x08009a6c   0x08009a6c   0x00000010   Code   RO         5470    i.gimbal_self_check  gimbal_task.o
    0x08009a7c   0x08009a7c   0x00000224   Code   RO         5471    i.gimbal_task       gimbal_task.o
    0x08009ca0   0x08009ca0   0x000007e0   Code   RO         5234    i.imu_AHRS_update   imu_info.o
    0x0800a480   0x0800a480   0x000002a8   Code   RO         5235    i.imu_attitude_update  imu_info.o
    0x0800a728   0x0800a728   0x00000008   Code   RO         5236    i.imu_param_init    imu_info.o
    0x0800a730   0x0800a730   0x00000050   Code   RO         5237    i.imu_task          imu_info.o
    0x0800a780   0x0800a780   0x00000024   Code   RO         5238    i.imu_temp_ctrl_init  imu_info.o
    0x0800a7a4   0x0800a7a4   0x00000044   Code   RO         5239    i.imu_temp_keep     imu_info.o
    0x0800a7e8   0x0800a7e8   0x00000010   Code   RO         6873    i.inHandlerMode     cmsis_os.o
    0x0800a7f8   0x0800a7f8   0x00000074   Code   RO         5766    i.info_get_task     info_get_task.o
    0x0800a86c   0x0800a86c   0x000000d0   Code   RO         5472    i.init_mode_handler  gimbal_task.o
    0x0800a93c   0x0800a93c   0x0000003c   Code   RO         5240    i.invSqrt           imu_info.o
    0x0800a978   0x0800a978   0x00000100   Code   RO         4381    i.ist8310_init      bsp_imu.o
    0x0800aa78   0x0800aa78   0x0000003a   Code   RO         4382    i.ist_reg_read_by_mpu  bsp_imu.o
    0x0800aab2   0x0800aab2   0x00000040   Code   RO         4383    i.ist_reg_write_by_mpu  bsp_imu.o
    0x0800aaf2   0x0800aaf2   0x00000002   PAD
    0x0800aaf4   0x0800aaf4   0x00000148   Code   RO         5200    i.judgementDataHandler  judgement_info.o
    0x0800ac3c   0x0800ac3c   0x00000044   Code   RO         4172    i.judgement_uart_init  bsp_uart.o
    0x0800ac80   0x0800ac80   0x00000080   Code   RO         5013    i.kb_cover_ctrl     keyboard_info.o
    0x0800ad00   0x0800ad00   0x00000028   Code   RO         5700    i.kb_enable_hook    modeswitch_task.o
    0x0800ad28   0x0800ad28   0x00000024   Code   RO         5014    i.kb_fric_ctrl      keyboard_info.o
    0x0800ad4c   0x0800ad4c   0x0000004c   Code   RO         5015    i.kb_shoot_cmd      keyboard_info.o
    0x0800ad98   0x0800ad98   0x000000a8   Code   RO         5016    i.key_fsm           keyboard_info.o
    0x0800ae40   0x0800ae40   0x00000074   Code   RO         5017    i.keyboard_chassis_hook  keyboard_info.o
    0x0800aeb4   0x0800aeb4   0x00000098   Code   RO         5018    i.keyboard_gimbal_hook  keyboard_info.o
    0x0800af4c   0x0800af4c   0x0000002c   Code   RO         5019    i.keyboard_global_hook  keyboard_info.o
    0x0800af78   0x0800af78   0x00000054   Code   RO         5020    i.keyboard_shoot_hook  keyboard_info.o
    0x0800afcc   0x0800afcc   0x00000098   Code   RO         3495    i.main              main.o
    0x0800b064   0x0800b064   0x0000000e   Code   RO         6875    i.makeFreeRtosPriority  cmsis_os.o
    0x0800b072   0x0800b072   0x00000002   PAD
    0x0800b074   0x0800b074   0x0000030c   Code   RO         5360    i.mecanum_calc      chassis_task.o
    0x0800b380   0x0800b380   0x0000006c   Code   RO         5701    i.mode_switch_task  modeswitch_task.o
    0x0800b3ec   0x0800b3ec   0x000000c8   Code   RO         5021    i.move_direction_ctrl  keyboard_info.o
    0x0800b4b4   0x0800b4b4   0x00000050   Code   RO         5022    i.move_spd_ctrl     keyboard_info.o
    0x0800b504   0x0800b504   0x00000090   Code   RO         4384    i.mpu_device_init   bsp_imu.o
    0x0800b594   0x0800b594   0x00000150   Code   RO         4385    i.mpu_get_data      bsp_imu.o
    0x0800b6e4   0x0800b6e4   0x0000000c   Code   RO         4473    i.mpu_heat_ctrl     bsp_io.o
    0x0800b6f0   0x0800b6f0   0x0000008c   Code   RO         4386    i.mpu_mst_i2c_auto_read_config  bsp_imu.o
    0x0800b77c   0x0800b77c   0x00000128   Code   RO         4387    i.mpu_offset_cal    bsp_imu.o
    0x0800b8a4   0x0800b8a4   0x00000054   Code   RO         4388    i.mpu_read_reg      bsp_imu.o
    0x0800b8f8   0x0800b8f8   0x00000064   Code   RO         4389    i.mpu_read_regs     bsp_imu.o
    0x0800b95c   0x0800b95c   0x00000058   Code   RO         4390    i.mpu_write_reg     bsp_imu.o
    0x0800b9b4   0x0800b9b4   0x00000068   Code   RO         5473    i.no_action_handler  gimbal_task.o
    0x0800ba1c   0x0800ba1c   0x00000018   Code   RO         6877    i.osDelay           cmsis_os.o
    0x0800ba34   0x0800ba34   0x0000001c   Code   RO         6878    i.osDelayUntil      cmsis_os.o
    0x0800ba50   0x0800ba50   0x0000000a   Code   RO         6880    i.osKernelStart     cmsis_os.o
    0x0800ba5a   0x0800ba5a   0x00000014   Code   RO         6881    i.osKernelSysTick   cmsis_os.o
    0x0800ba6e   0x0800ba6e   0x00000002   PAD
    0x0800ba70   0x0800ba70   0x00000060   Code   RO         6911    i.osSignalSet       cmsis_os.o
    0x0800bad0   0x0800bad0   0x00000062   Code   RO         6912    i.osSignalWait      cmsis_os.o
    0x0800bb32   0x0800bb32   0x00000010   Code   RO         6913    i.osSystickHandler  cmsis_os.o
    0x0800bb42   0x0800bb42   0x00000030   Code   RO         6914    i.osThreadCreate    cmsis_os.o
    0x0800bb72   0x0800bb72   0x00000002   PAD
    0x0800bb74   0x0800bb74   0x00000028   Code   RO         6925    i.osTimerCreate     cmsis_os.o
    0x0800bb9c   0x0800bb9c   0x00000068   Code   RO         6927    i.osTimerStart      cmsis_os.o
    0x0800bc04   0x0800bc04   0x00000014   Code   RO         4694    i.page_init         bsp_oled.o
    0x0800bc18   0x0800bc18   0x00000050   Code   RO         5361    i.pc_control_chassis  chassis_task.o
    0x0800bc68   0x0800bc68   0x0000011c   Code   RO         5119    i.pc_param_init     pc_info.o
    0x0800bd84   0x0800bd84   0x0000012c   Code   RO         5474    i.pc_position_ctrl_handler  gimbal_task.o
    0x0800beb0   0x0800beb0   0x000001fc   Code   RO         5822    i.pid_calc          pid.o
    0x0800c0ac   0x0800c0ac   0x00000014   Code   RO         5823    i.pid_param_init    pid.o
    0x0800c0c0   0x0800c0c0   0x00000034   Code   RO         5824    i.pid_reset         pid.o
    0x0800c0f4   0x0800c0f4   0x00000098   Code   RO         6398    i.prvAddCurrentTaskToDelayedList  tasks.o
    0x0800c18c   0x0800c18c   0x000000b8   Code   RO         6399    i.prvAddNewTaskToReadyList  tasks.o
    0x0800c244   0x0800c244   0x00000064   Code   RO         6741    i.prvCheckForValidListAndQueue  timers.o
    0x0800c2a8   0x0800c2a8   0x00000064   Code   RO         6400    i.prvCheckTasksWaitingTermination  tasks.o
    0x0800c30c   0x0800c30c   0x0000002a   Code   RO         6218    i.prvCopyDataFromQueue  queue.o
    0x0800c336   0x0800c336   0x0000007c   Code   RO         6219    i.prvCopyDataToQueue  queue.o
    0x0800c3b2   0x0800c3b2   0x00000012   Code   RO         6401    i.prvDeleteTCB      tasks.o
    0x0800c3c4   0x0800c3c4   0x00000028   Code   RO         6742    i.prvGetNextExpireTime  timers.o
    0x0800c3ec   0x0800c3ec   0x0000007c   Code   RO         7248    i.prvHeapInit       heap_4.o
    0x0800c468   0x0800c468   0x0000002c   Code   RO         6402    i.prvIdleTask       tasks.o
    0x0800c494   0x0800c494   0x0000002a   Code   RO         6221    i.prvInitialiseNewQueue  queue.o
    0x0800c4be   0x0800c4be   0x000000b4   Code   RO         6403    i.prvInitialiseNewTask  tasks.o
    0x0800c572   0x0800c572   0x0000004e   Code   RO         6743    i.prvInitialiseNewTimer  timers.o
    0x0800c5c0   0x0800c5c0   0x00000068   Code   RO         6404    i.prvInitialiseTaskLists  tasks.o
    0x0800c628   0x0800c628   0x00000068   Code   RO         7249    i.prvInsertBlockIntoFreeList  heap_4.o
    0x0800c690   0x0800c690   0x00000058   Code   RO         6744    i.prvInsertTimerInActiveList  timers.o
    0x0800c6e8   0x0800c6e8   0x0000001a   Code   RO         6222    i.prvIsQueueEmpty   queue.o
    0x0800c702   0x0800c702   0x0000001e   Code   RO         6223    i.prvIsQueueFull    queue.o
    0x0800c720   0x0800c720   0x00000064   Code   RO         6745    i.prvProcessExpiredTimer  timers.o
    0x0800c784   0x0800c784   0x000000f8   Code   RO         6746    i.prvProcessReceivedCommands  timers.o
    0x0800c87c   0x0800c87c   0x00000074   Code   RO         6747    i.prvProcessTimerOrBlockTask  timers.o
    0x0800c8f0   0x0800c8f0   0x00000034   Code   RO         6406    i.prvResetNextTaskUnblockTime  tasks.o
    0x0800c924   0x0800c924   0x0000002c   Code   RO         6748    i.prvSampleTimeNow  timers.o
    0x0800c950   0x0800c950   0x000000a0   Code   RO         6749    i.prvSwitchTimerLists  timers.o
    0x0800c9f0   0x0800c9f0   0x00000016   Code   RO         6407    i.prvTaskCheckFreeStackSpace  tasks.o
    0x0800ca06   0x0800ca06   0x00000002   PAD
    0x0800ca08   0x0800ca08   0x00000040   Code   RO         7298    i.prvTaskExitError  port.o
    0x0800ca48   0x0800ca48   0x0000001a   Code   RO         6750    i.prvTimerTask      timers.o
    0x0800ca62   0x0800ca62   0x0000007e   Code   RO         6224    i.prvUnlockQueue    queue.o
    0x0800cae0   0x0800cae0   0x0000013c   Code   RO         7250    i.pvPortMalloc      heap_4.o
    0x0800cc1c   0x0800cc1c   0x00000020   Code   RO         6409    i.pvTaskIncrementMutexHeldCount  tasks.o
    0x0800cc3c   0x0800cc3c   0x00000038   Code   RO         4474    i.pwm_device_init   bsp_io.o
    0x0800cc74   0x0800cc74   0x0000002c   Code   RO         7299    i.pxPortInitialiseStack  port.o
    0x0800cca0   0x0800cca0   0x00000040   Code   RO         5872    i.ramp_calc         ramp.o
    0x0800cce0   0x0800cce0   0x00000008   Code   RO         5873    i.ramp_init         ramp.o
    0x0800cce8   0x0800cce8   0x00000274   Code   RO         4935    i.rc_callback_handler  remote_info.o
    0x0800cf5c   0x0800cf5c   0x00000018   Code   RO         4936    i.rc_fric_ctrl      remote_info.o
    0x0800cf74   0x0800cf74   0x0000004c   Code   RO         4937    i.rc_shoot_cmd      remote_info.o
    0x0800cfc0   0x0800cfc0   0x00000012   Code   RO         4870    i.read_gimbal_offset  gimbal_info.o
    0x0800cfd2   0x0800cfd2   0x00000002   PAD
    0x0800cfd4   0x0800cfd4   0x0000001c   Code   RO         4938    i.remote_ctrl_chassis_hook  remote_info.o
    0x0800cff0   0x0800cff0   0x00000018   Code   RO         4939    i.remote_ctrl_gimbal_hook  remote_info.o
    0x0800d008   0x0800d008   0x00000054   Code   RO         4940    i.remote_ctrl_shoot_hook  remote_info.o
    0x0800d05c   0x0800d05c   0x00000088   Code   RO         5702    i.remote_is_action  modeswitch_task.o
    0x0800d0e4   0x0800d0e4   0x00000014   Code   RO         5121    i.renew_char        pc_info.o
    0x0800d0f8   0x0800d0f8   0x00000118   Code   RO         6013    i.renew_float       ui_task.o
    0x0800d210   0x0800d210   0x00000048   Code   RO         6014    i.send_bull         ui_task.o
    0x0800d258   0x0800d258   0x0000026c   Code   RO         6015    i.send_bull_init    ui_task.o
    0x0800d4c4   0x0800d4c4   0x0000007c   Code   RO         4254    i.send_cap_instructions  bsp_can.o
    0x0800d540   0x0800d540   0x00000074   Code   RO         4255    i.send_chassis_current  bsp_can.o
    0x0800d5b4   0x0800d5b4   0x0000001a   Code   RO         4256    i.send_chassis_motor_ctrl_message  bsp_can.o
    0x0800d5ce   0x0800d5ce   0x00000002   PAD
    0x0800d5d0   0x0800d5d0   0x00000088   Code   RO         6017    i.send_dele         ui_task.o
    0x0800d658   0x0800d658   0x0000006c   Code   RO         4257    i.send_fric_current  bsp_can.o
    0x0800d6c4   0x0800d6c4   0x0000007c   Code   RO         4258    i.send_gimbal_current  bsp_can.o
    0x0800d740   0x0800d740   0x00000024   Code   RO         4259    i.send_gimbal_motor_ctrl_message  bsp_can.o
    0x0800d764   0x0800d764   0x00000068   Code   RO         5363    i.separate_gimbal_handler  chassis_task.o
    0x0800d7cc   0x0800d7cc   0x00000194   Code   RO         5560    i.setfric_wheel_spd  shoot_task.o
    0x0800d960   0x0800d960   0x00000008   Code   RO         5475    i.shoot_buff_handler  gimbal_task.o
    0x0800d968   0x0800d968   0x000000ec   Code   RO         5561    i.shoot_heat_limit  shoot_task.o
    0x0800da54   0x0800da54   0x0000004c   Code   RO         5562    i.shoot_param_init  shoot_task.o
    0x0800daa0   0x0800daa0   0x00000264   Code   RO         5563    i.shoot_task        shoot_task.o
    0x0800dd04   0x0800dd04   0x00000098   Code   RO         5364    i.sinx              chassis_task.o
    0x0800dd9c   0x0800dd9c   0x0000006e   Code   RO         7493    i.sqrt              m_wm.l(sqrt.o)
    0x0800de0a   0x0800de0a   0x00000002   PAD
    0x0800de0c   0x0800de0c   0x000001e8   Code   RO         5476    i.track_aimor_handler  gimbal_task.o
    0x0800dff4   0x0800dff4   0x0000006c   Code   RO         5564    i.turn_off_friction_wheel  shoot_task.o
    0x0800e060   0x0800e060   0x00000014   Code   RO         4475    i.turn_off_laser    bsp_io.o
    0x0800e074   0x0800e074   0x0000006c   Code   RO         5565    i.turn_on_friction_wheel  shoot_task.o
    0x0800e0e0   0x0800e0e0   0x00000014   Code   RO         4476    i.turn_on_laser     bsp_io.o
    0x0800e0f4   0x0800e0f4   0x00000022   Code   RO         4173    i.uart_receive_handler  bsp_uart.o
    0x0800e116   0x0800e116   0x00000002   PAD
    0x0800e118   0x0800e118   0x00000234   Code   RO         4174    i.uart_rx_idle_callback  bsp_uart.o
    0x0800e34c   0x0800e34c   0x0000003c   Code   RO         6018    i.ui_task           ui_task.o
    0x0800e388   0x0800e388   0x00000028   Code   RO         6181    i.uxListRemove      list.o
    0x0800e3b0   0x0800e3b0   0x00000028   Code   RO         6412    i.uxTaskGetStackHighWaterMark  tasks.o
    0x0800e3d8   0x0800e3d8   0x00000018   Code   RO         4528    i.vApplicationIdleHook  cpu_utils.o
    0x0800e3f0   0x0800e3f0   0x00000004   Code   RO         7379    i.vApplicationStackOverflowHook  freertos.o
    0x0800e3f4   0x0800e3f4   0x00000058   Code   RO         4529    i.vApplicationTickHook  cpu_utils.o
    0x0800e44c   0x0800e44c   0x0000001a   Code   RO         6182    i.vListInitialise   list.o
    0x0800e466   0x0800e466   0x00000006   Code   RO         6183    i.vListInitialiseItem  list.o
    0x0800e46c   0x0800e46c   0x00000034   Code   RO         6184    i.vListInsert       list.o
    0x0800e4a0   0x0800e4a0   0x00000018   Code   RO         6185    i.vListInsertEnd    list.o
    0x0800e4b8   0x0800e4b8   0x00000054   Code   RO         7301    i.vPortEnterCritical  port.o
    0x0800e50c   0x0800e50c   0x0000003c   Code   RO         7302    i.vPortExitCritical  port.o
    0x0800e548   0x0800e548   0x00000094   Code   RO         7251    i.vPortFree         heap_4.o
    0x0800e5dc   0x0800e5dc   0x00000020   Code   RO         7303    i.vPortSetupTimerInterrupt  port.o
    0x0800e5fc   0x0800e5fc   0x00000078   Code   RO         7304    i.vPortValidateInterruptPriority  port.o
    0x0800e674   0x0800e674   0x0000002c   Code   RO         6230    i.vQueueAddToRegistry  queue.o
    0x0800e6a0   0x0800e6a0   0x0000004a   Code   RO         6234    i.vQueueWaitForMessageRestricted  queue.o
    0x0800e6ea   0x0800e6ea   0x00000002   PAD
    0x0800e6ec   0x0800e6ec   0x0000005c   Code   RO         6418    i.vTaskDelay        tasks.o
    0x0800e748   0x0800e748   0x000000d4   Code   RO         6419    i.vTaskDelayUntil   tasks.o
    0x0800e81c   0x0800e81c   0x0000000c   Code   RO         6423    i.vTaskMissedYield  tasks.o
    0x0800e828   0x0800e828   0x00000038   Code   RO         6425    i.vTaskPlaceOnEventList  tasks.o
    0x0800e860   0x0800e860   0x00000040   Code   RO         6426    i.vTaskPlaceOnEventListRestricted  tasks.o
    0x0800e8a0   0x0800e8a0   0x000000b0   Code   RO         6428    i.vTaskPriorityInherit  tasks.o
    0x0800e950   0x0800e950   0x00000030   Code   RO         6432    i.vTaskSetTimeOutState  tasks.o
    0x0800e980   0x0800e980   0x00000094   Code   RO         6433    i.vTaskStartScheduler  tasks.o
    0x0800ea14   0x0800ea14   0x00000010   Code   RO         6435    i.vTaskSuspendAll   tasks.o
    0x0800ea24   0x0800ea24   0x000000b0   Code   RO         6436    i.vTaskSwitchContext  tasks.o
    0x0800ead4   0x0800ead4   0x00000040   Code   RO         5639    i.verify_crc16_check_sum  protocol.o
    0x0800eb14   0x0800eb14   0x00000030   Code   RO         5640    i.verify_crc8_check_sum  protocol.o
    0x0800eb44   0x0800eb44   0x0000013c   Code   RO         7305    i.xPortStartScheduler  port.o
    0x0800ec80   0x0800ec80   0x00000034   Code   RO         7306    i.xPortSysTickHandler  port.o
    0x0800ecb4   0x0800ecb4   0x00000058   Code   RO         6236    i.xQueueGenericCreate  queue.o
    0x0800ed0c   0x0800ed0c   0x000001c4   Code   RO         6237    i.xQueueGenericReceive  queue.o
    0x0800eed0   0x0800eed0   0x00000098   Code   RO         6238    i.xQueueGenericReset  queue.o
    0x0800ef68   0x0800ef68   0x000001a8   Code   RO         6239    i.xQueueGenericSend  queue.o
    0x0800f110   0x0800f110   0x000000f8   Code   RO         6240    i.xQueueGenericSendFromISR  queue.o
    0x0800f208   0x0800f208   0x0000008c   Code   RO         6437    i.xTaskCheckForTimeOut  tasks.o
    0x0800f294   0x0800f294   0x00000060   Code   RO         6438    i.xTaskCreate       tasks.o
    0x0800f2f4   0x0800f2f4   0x00000104   Code   RO         6439    i.xTaskGenericNotify  tasks.o
    0x0800f3f8   0x0800f3f8   0x00000144   Code   RO         6440    i.xTaskGenericNotifyFromISR  tasks.o
    0x0800f53c   0x0800f53c   0x0000000c   Code   RO         6441    i.xTaskGetCurrentTaskHandle  tasks.o
    0x0800f548   0x0800f548   0x00000020   Code   RO         6442    i.xTaskGetSchedulerState  tasks.o
    0x0800f568   0x0800f568   0x0000000c   Code   RO         6443    i.xTaskGetTickCount  tasks.o
    0x0800f574   0x0800f574   0x00000014   Code   RO         6444    i.xTaskGetTickCountFromISR  tasks.o
    0x0800f588   0x0800f588   0x00000154   Code   RO         6445    i.xTaskIncrementTick  tasks.o
    0x0800f6dc   0x0800f6dc   0x000000a0   Code   RO         6447    i.xTaskNotifyWait   tasks.o
    0x0800f77c   0x0800f77c   0x000000c8   Code   RO         6448    i.xTaskPriorityDisinherit  tasks.o
    0x0800f844   0x0800f844   0x00000098   Code   RO         6449    i.xTaskRemoveFromEventList  tasks.o
    0x0800f8dc   0x0800f8dc   0x00000104   Code   RO         6451    i.xTaskResumeAll    tasks.o
    0x0800f9e0   0x0800f9e0   0x00000030   Code   RO         6753    i.xTimerCreate      timers.o
    0x0800fa10   0x0800fa10   0x00000054   Code   RO         6754    i.xTimerCreateTimerTask  timers.o
    0x0800fa64   0x0800fa64   0x00000084   Code   RO         6755    i.xTimerGenericCommand  timers.o
    0x0800fae8   0x0800fae8   0x00000018   Data   RO            6    .constdata          system_stm32f4xx.o
    0x0800fb00   0x0800fb00   0x00000008   Data   RO          602    .constdata          stm32f4xx_hal_dma.o
    0x0800fb08   0x0800fb08   0x00000014   Data   RO         4392    .constdata          bsp_imu.o
    0x0800fb1c   0x0800fb1c   0x0000016c   Data   RO         5367    .constdata          chassis_task.o
    0x0800fc88   0x0800fc88   0x00000302   Data   RO         5641    .constdata          protocol.o
    0x0800ff8a   0x0800ff8a   0x00000002   PAD
    0x0800ff8c   0x0800ff8c   0x000000a8   Data   RO         7380    .constdata          freertos.o
    0x08010034   0x08010034   0x00000004   PAD
    0x08010038   0x08010038   0x00000050   Data   RO         7450    .constdata          m_wm.l(asin.o)
    0x08010088   0x08010088   0x00000098   Data   RO         7794    .constdata          m_wm.l(atan.o)
    0x08010120   0x08010120   0x00000030   Data   RO         7806    .constdata          m_wm.l(cos_i.o)
    0x08010150   0x08010150   0x00000008   Data   RO         7826    .constdata          m_wm.l(qnan.o)
    0x08010158   0x08010158   0x000000c8   Data   RO         7829    .constdata          m_wm.l(rred.o)
    0x08010220   0x08010220   0x00000028   Data   RO         7833    .constdata          m_wm.l(sin_i.o)
    0x08010248   0x08010248   0x00000040   Data   RO         7921    .constdata          mc_w.l(ctype_c.o)
    0x08010288   0x08010288   0x00000054   Data   RO         7381    .conststring        freertos.o
    0x080102dc   0x080102dc   0x00000020   Data   RO         7925    Region$$Table       anon$$obj.o


    Execution Region RW_IRAM1 (Exec base: 0x20000000, Load base: 0x080102fc, Size: 0x00007588, Max: 0x00030000, ABSOLUTE, COMPRESSED[0x000004b4])

    Exec Addr    Load Addr    Size         Type   Attr      Idx    E Section Name        Object

    0x20000000   COMPRESSED   0x00000004   Data   RW            7    .data               system_stm32f4xx.o
    0x20000004   COMPRESSED   0x00000004   Data   RW          172    .data               stm32f4xx_hal.o
    0x20000008   COMPRESSED   0x00000004   Data   RW         3394    .data               can.o
    0x2000000c   COMPRESSED   0x00000004   Data   RW         4175    .data               bsp_uart.o
    0x20000010   COMPRESSED   0x00000001   Data   RW         4261    .data               bsp_can.o
    0x20000011   COMPRESSED   0x00000002   Data   RW         4393    .data               bsp_imu.o
    0x20000013   COMPRESSED   0x00000001   PAD
    0x20000014   COMPRESSED   0x00000018   Data   RW         4530    .data               cpu_utils.o
    0x2000002c   COMPRESSED   0x00001034   Data   RW         4698    .data               bsp_oled.o
    0x20001060   COMPRESSED   0x00000008   Data   RW         4871    .data               gimbal_info.o
    0x20001068   COMPRESSED   0x00000018   Data   RW         4942    .data               remote_info.o
    0x20001080   COMPRESSED   0x0000002d   Data   RW         5024    .data               keyboard_info.o
    0x200010ad   COMPRESSED   0x00000003   PAD
    0x200010b0   COMPRESSED   0x00000010   Data   RW         5123    .data               pc_info.o
    0x200010c0   COMPRESSED   0x00000010   Data   RW         5202    .data               judgement_info.o
    0x200010d0   COMPRESSED   0x00000060   Data   RW         5242    .data               imu_info.o
    0x20001130   COMPRESSED   0x00000050   Data   RW         5368    .data               chassis_task.o
    0x20001180   COMPRESSED   0x00000054   Data   RW         5478    .data               gimbal_task.o
    0x200011d4   COMPRESSED   0x00000048   Data   RW         5567    .data               shoot_task.o
    0x2000121c   COMPRESSED   0x00000002   Data   RW         5642    .data               protocol.o
    0x2000121e   COMPRESSED   0x00000002   PAD
    0x20001220   COMPRESSED   0x00000006   Data   RW         5703    .data               modeswitch_task.o
    0x20001226   COMPRESSED   0x00000002   PAD
    0x20001228   COMPRESSED   0x0000000c   Data   RW         5767    .data               info_get_task.o
    0x20001234   COMPRESSED   0x00000014   Data   RW         5874    .data               ramp.o
    0x20001248   COMPRESSED   0x00000004   Data   RW         5909    .data               comm_task.o
    0x2000124c   COMPRESSED   0x00000002   Data   RW         6020    .data               ui_task.o
    0x2000124e   COMPRESSED   0x00000002   PAD
    0x20001250   COMPRESSED   0x0000003c   Data   RW         6454    .data               tasks.o
    0x2000128c   COMPRESSED   0x00000014   Data   RW         6761    .data               timers.o
    0x200012a0   COMPRESSED   0x00000018   Data   RW         7256    .data               heap_4.o
    0x200012b8   COMPRESSED   0x0000000c   Data   RW         7307    .data               port.o
    0x200012c4   COMPRESSED   0x0000004c   Data   RW         7382    .data               freertos.o
    0x20001310   COMPRESSED   0x00000004   Data   RW         7423    .data               debug.o
    0x20001314   COMPRESSED   0x00000004   Data   RW         7861    .data               mc_w.l(errno.o)
    0x20001318        -       0x00000088   Zero   RW         3393    .bss                can.o
    0x200013a0        -       0x00000020   Zero   RW         3706    .bss                rtc.o
    0x200013c0        -       0x00000058   Zero   RW         3748    .bss                spi.o
    0x20001418        -       0x0000003c   Zero   RW         3814    .bss                stm32f4xx_hal_timebase_tim.o
    0x20001454        -       0x000000b4   Zero   RW         4020    .bss                tim.o
    0x20001508        -       0x000003a0   Zero   RW         4081    .bss                usart.o
    0x200018a8        -       0x0000000c   Zero   RW         4136    .bss                iwdg.o
    0x200018b4        -       0x000002f8   Zero   RW         4260    .bss                bsp_can.o
    0x20001bac        -       0x0000001c   Zero   RW         4391    .bss                bsp_imu.o
    0x20001bc8        -       0x00000046   Zero   RW         4941    .bss                remote_info.o
    0x20001c0e   COMPRESSED   0x00000002   PAD
    0x20001c10        -       0x00000024   Zero   RW         5023    .bss                keyboard_info.o
    0x20001c34        -       0x00000154   Zero   RW         5122    .bss                pc_info.o
    0x20001d88        -       0x00000233   Zero   RW         5201    .bss                judgement_info.o
    0x20001fbb   COMPRESSED   0x00000001   PAD
    0x20001fbc        -       0x00000084   Zero   RW         5241    .bss                imu_info.o
    0x20002040        -       0x00000048   Zero   RW         5302    .bss                calibrate_info.o
    0x20002088        -       0x00000088   Zero   RW         5366    .bss                chassis_task.o
    0x20002110        -       0x00000064   Zero   RW         5477    .bss                gimbal_task.o
    0x20002174        -       0x0000002b   Zero   RW         5566    .bss                shoot_task.o
    0x2000219f   COMPRESSED   0x00000001   PAD
    0x200021a0        -       0x00000090   Zero   RW         5796    .bss                errordetect_task.o
    0x20002230        -       0x00000558   Zero   RW         5825    .bss                pid.o
    0x20002788        -       0x000000a7   Zero   RW         6019    .bss                ui_task.o
    0x2000282f   COMPRESSED   0x00000001   PAD
    0x20002830        -       0x00000040   Zero   RW         6246    .bss                queue.o
    0x20002870        -       0x000000f0   Zero   RW         6453    .bss                tasks.o
    0x20002960        -       0x00000028   Zero   RW         6760    .bss                timers.o
    0x20002988        -       0x00003c00   Zero   RW         7255    .bss                heap_4.o
    0x20006588        -       0x00001000   Zero   RW         3379    STACK               startup_stm32f427xx.o


==============================================================================

Image component sizes


      Code (inc. data)   RO Data    RW Data    ZI Data      Debug   Object Name

      1298        116          0          1        760       8844   bsp_can.o
      1566         96         20          2         28       7168   bsp_imu.o
        56         10          0          0          0        479   bsp_imu_9250.o
       108         30          0          0          0       1911   bsp_io.o
       678         24          0       4148          0       9002   bsp_oled.o
      1004         80          0          4          0       7238   bsp_uart.o
        68         32          0          0         72       3136   calibrate_info.o
       488         74          0          4        136       2282   can.o
        52         10          0          0          0        571   chassis_info.o
      2464        282        364         80        136      10150   chassis_task.o
       514         12          0          0          0      18835   cmsis_os.o
       108         14          0          4          0        807   comm_task.o
       204         46          0         24          0       2680   cpu_utils.o
       144         24          0          4          0        835   debug.o
       184          6          0          0          0        806   dma.o
         0          0          0          0        144       1340   errordetect_task.o
         0          0          0          0          0       9416   event_groups.o
       306         42        252         76          0       3739   freertos.o
       272         32          0          8          0       2302   gimbal_info.o
      3036        340          0         84        100       8199   gimbal_task.o
       732         38          0          0          0       1431   gpio.o
       692         62          0         24      15360       4363   heap_4.o
      2948        230          0         96        132       6306   imu_info.o
       116         14          0         12          0        925   info_get_task.o
        60         24          0          0         12        647   iwdg.o
       328         22          0         16        563       3947   judgement_info.o
      1556        168          0         45         36      11184   keyboard_info.o
       148          0          0          0          0       3178   list.o
       444         30          0          0          0      31421   main.o
      1840        180          0          6          0       6075   modeswitch_task.o
       608         52          0         16        340       4807   pc_info.o
       722         18          0          0       1368       5232   pid.o
       958         92          0         12          0      11349   port.o
       286         18        770          2          0       4806   protocol.o
      1872         22          0          0         64      13437   queue.o
        72          6          0         20          0       2049   ramp.o
      1060         92          0         24         70       7179   remote_info.o
       232         32          0          0         32       1491   rtc.o
        72          6          0          0          0        537   shoot_info.o
      2408        210          0         72         43       7647   shoot_task.o
       180         36          0          0         88       1549   spi.o
        36          8        428          0       4096        792   startup_stm32f427xx.o
       118         16          0          4          0       3728   stm32f4xx_hal.o
      2820         32          0          0          0       7760   stm32f4xx_hal_can.o
       338         22          0          0          0      31405   stm32f4xx_hal_cortex.o
      1228         20          8          0          0       6035   stm32f4xx_hal_dma.o
       560         54          0          0          0       2889   stm32f4xx_hal_gpio.o
        94          0          0          0          0       1707   stm32f4xx_hal_iwdg.o
        86          0          0          0          0        498   stm32f4xx_hal_msp.o
       164         12          0          0          0       1256   stm32f4xx_hal_pwr_ex.o
      1912         90          0          0          0       6017   stm32f4xx_hal_rcc.o
       880         24          0          0          0       1544   stm32f4xx_hal_rcc_ex.o
       932         14          0          0          0       5642   stm32f4xx_hal_rtc.o
       290          0          0          0          0       2702   stm32f4xx_hal_rtc_ex.o
       892          0          0          0          0       4237   stm32f4xx_hal_spi.o
      1594         88          0          0          0      11949   stm32f4xx_hal_tim.o
       228          0          0          0          0       3106   stm32f4xx_hal_tim_ex.o
       140         18          0          0         60       1460   stm32f4xx_hal_timebase_tim.o
      1988         14          0          0          0       9543   stm32f4xx_hal_uart.o
       324         96          0          0          0      14229   stm32f4xx_it.o
       100         18         24          4          0     766959   system_stm32f4xx.o
      3936        460          0         60        240      29131   tasks.o
       804        104          0          0        180       3669   tim.o
      1264        116          0         20         40      19006   timers.o
      1176         62          0          2        167       5511   ui_task.o
      1232        192          0          0        928       4062   usart.o

    ----------------------------------------------------------------------
     53074       4086       1904       4884      25200    1174137   Object Totals
         0          0         32          0          0          0   (incl. Generated)
        54          4          6         10          5          0   (incl. Padding)

    ----------------------------------------------------------------------

      Code (inc. data)   RO Data    RW Data    ZI Data      Debug   Library Member Name

       864         94         80          0          0        280   asin.o
       744        106        152          0          0        352   atan.o
       512         64          0          0          0        208   atan2.o
       368         46         48          0          0        200   cos_i.o
       104         16          0          0          0        496   dunder.o
        44          0          0          0          0        248   fabs.o
        48          0          0          0          0        124   fpclassify.o
       140         22          0          0          0        132   frexp.o
       266         16          0          0          0        308   narrow.o
       248          0          0          0          0        152   poly.o
         0          0          8          0          0          0   qnan.o
      1080        142        200          0          0        188   rred.o
       200         20          0          0          0        164   sin.o
       304         24         40          0          0        208   sin_i.o
       232          0          0          0          0        296   sqrt.o
        32          6          0          0          0        124   strtof.o
        86          0          0          0          0          0   __dczerorl2.o
        64          0          0          0          0         84   _sgetc.o
        40          6         64          0          0         68   ctype_c.o
         0          0          0          0          0          0   entry.o
         0          0          0          0          0          0   entry10a.o
         0          0          0          0          0          0   entry11a.o
         4          0          0          0          0          0   entry12b.o
         8          4          0          0          0          0   entry2.o
         4          0          0          0          0          0   entry5.o
         0          0          0          0          0          0   entry7b.o
         0          0          0          0          0          0   entry8b.o
         8          4          0          0          0          0   entry9a.o
        12          6          0          4          0         68   errno.o
        30          0          0          0          0          0   handlers.o
        36          8          0          0          0         68   init.o
        10          0          0          0          0         68   isspace_c.o
         0          0          0          0          0          0   iusefp.o
        30          0          0          0          0         68   llshl.o
        36          0          0          0          0         68   llsshr.o
        32          0          0          0          0         68   llushr.o
        36          0          0          0          0         68   memcpya.o
        36          0          0          0          0        108   memseta.o
      2218         90          0          0          0        464   printfa.o
       878         12          0          0          0        216   scanf_fp.o
       156         12          0          0          0        120   strtod.o
        26          0          0          0          0         80   strtof.o
        44          0          0          0          0         80   uidiv.o
        98          0          0          0          0         92   uldiv.o
        48          0          0          0          0         68   cdcmple.o
        48          0          0          0          0         68   cdrcmple.o
        56          0          0          0          0         88   d2f.o
       334          0          0          0          0        148   dadd.o
       222          0          0          0          0        100   ddiv.o
       186          0          0          0          0        176   depilogue.o
        62          0          0          0          0         80   dfixi.o
        48          0          0          0          0         68   dfixul.o
        34          0          0          0          0         76   dflti.o
        26          0          0          0          0         76   dfltui.o
        24          0          0          0          0         76   dfltul.o
       228          0          0          0          0         96   dmul.o
       162          0          0          0          0        100   dsqrt.o
        38          0          0          0          0         68   f2d.o
       110          0          0          0          0        168   fepilogue.o
         4          0          0          0          0         68   fpstat.o

    ----------------------------------------------------------------------
     10730        702        592          4          0       6792   Library Totals
        22          4          0          0          0          0   (incl. Padding)

    ----------------------------------------------------------------------

      Code (inc. data)   RO Data    RW Data    ZI Data      Debug   Library Name

      5186        556        528          0          0       3480   m_wm.l
      3892        142         64          4          0       1788   mc_w.l
      1630          0          0          0          0       1524   mf_w.l

    ----------------------------------------------------------------------
     10730        702        592          4          0       6792   Library Totals

    ----------------------------------------------------------------------

==============================================================================


      Code (inc. data)   RO Data    RW Data    ZI Data      Debug   

     63804       4788       2496       4888      25200    1140445   Grand Totals
     63804       4788       2496       1204      25200    1140445   ELF Image Totals (compressed)
     63804       4788       2496       1204          0          0   ROM Totals

==============================================================================

    Total RO  Size (Code + RO Data)                66300 (  64.75kB)
    Total RW  Size (RW Data + ZI Data)             30088 (  29.38kB)
    Total ROM Size (Code + RO Data + RW Data)      67504 (  65.92kB)

==============================================================================

