<html>
<body>
<pre>
<h1>µVision Build Log</h1>
<h2>Tool Versions:</h2>
IDE-Version: ¦ÌVision V5.32.0.0
Copyright (C) 2020 ARM Ltd and ARM Germany GmbH. All rights reserved.
License Information: Yichen Zhang, TjuMaxpro, LIC=DSNXV-PSU76-WKXB8-362AU-BCKLV-44J1L
 
Tool Versions:
Toolchain:       MDK-ARM Professional  Version: 5.32.0.0
Toolchain Path:  D:\Keil_v5\ARM\ARMCC\Bin
C Compiler:      Armcc.exe V5.06 update 7 (build 960)
Assembler:       Armasm.exe V5.06 update 7 (build 960)
Linker/Locator:  ArmLink.exe V5.06 update 7 (build 960)
Library Manager: ArmAr.exe V5.06 update 7 (build 960)
Hex Converter:   FromElf.exe V5.06 update 7 (build 960)
CPU DLL:         SARMCM3.DLL V5.32.0.0
Dialog DLL:      DCM.DLL V1.17.3.0
Target DLL:      STLink\ST-LINKIII-KEIL_SWO.dll V3.0.8.0
Dialog DLL:      TCM.DLL V1.46.0.0
 
<h2>Project:</h2>
D:\RmZYC\RmZYC\2020_10_2\MDK-ARM\RM_Vegeken.uvprojx
Project File Date:  11/13/2020

<h2>Output:</h2>
*** Using Compiler 'V5.06 update 7 (build 960)', folder: 'D:\Keil_v5\ARM\ARMCC\Bin'
Rebuild target 'RM_Vegeken'
compiling stm32f4xx_hal_flash_ramfunc.c...
compiling stm32f4xx_hal_pwr.c...
compiling stm32f4xx_hal_flash_ex.c...
compiling stm32f4xx_hal.c...
compiling stm32f4xx_hal_flash.c...
compiling system_stm32f4xx.c...
compiling stm32f4xx_hal_gpio.c...
compiling stm32f4xx_hal_dma.c...
compiling stm32f4xx_hal_dma_ex.c...
compiling stm32f4xx_hal_cortex.c...
compiling stm32f4xx_hal_can.c...
compiling stm32f4xx_hal_pwr_ex.c...
compiling stm32f4xx_hal_rcc.c...
compiling stm32f4xx_ll_sdmmc.c...
assembling startup_stm32f427xx.s...
compiling stm32f4xx_hal_rtc_ex.c...
compiling stm32f4xx_hal_rcc_ex.c...
compiling stm32f4xx_hal_rtc.c...
compiling stm32f4xx_hal_spi.c...
compiling stm32f4xx_hal_uart.c...
compiling stm32f4xx_hal_tim_ex.c...
compiling stm32f4xx_hal_sd.c...
compiling stm32f4xx_hal_tim.c...
compiling stm32f4xx_hal_iwdg.c...
compiling can.c...
compiling dma.c...
compiling rtc.c...
compiling tim.c...
compiling stm32f4xx_hal_msp.c...
compiling spi.c...
compiling gpio.c...
compiling stm32f4xx_hal_timebase_TIM.c...
compiling usart.c...
compiling stm32f4xx_it.c...
compiling main.c...
..\Src\main.c(158): warning:  #223-D: function "MX_FREERTOS_Init" declared implicitly
  	MX_FREERTOS_Init();
..\Src\main.c: 1 warning, 0 errors
compiling chassis_info.c...
compiling iwdg.c...
compiling bsp_imu.c...
compiling gimbal_info.c...
compiling cpu_utils.c...
compiling bsp_can.c...
compiling bsp_flash.c...
compiling bsp_uart.c...
compiling bsp_oled.c...
compiling bsp_io.c...
compiling bsp_imu_9250.c...
compiling protocol.c...
compiling keyboard_info.c...
compiling shoot_info.c...
compiling remote_info.c...
compiling calibrate_info.c...
compiling chassis_task.c...
compiling judgement_info.c...
compiling pc_info.c...
compiling imu_info.c...
compiling gimbal_task.c...
compiling shoot_task.c...
compiling croutine.c...
compiling event_groups.c...
compiling list.c...
compiling queue.c...
compiling tasks.c...
compiling timers.c...
compiling heap_4.c...
compiling cmsis_os.c...
compiling port.c...
compiling errordetect_task.c...
compiling pid.c...
compiling ramp.c...
compiling info_get_task.c...
compiling modeswitch_task.c...
compiling oled_task.c...
compiling UI_task.c...
compiling TJU_imu_task.c...
compiling comm_task.c...
compiling debug.c...
compiling freertos.c...
linking...
Program Size: Code=63804 RO-data=2496 RW-data=4888 ZI-data=25200  
FromELF: creating hex file...
".\Objects\rm2018.axf" - 0 Error(s), 1 Warning(s).

<h2>Software Packages used:</h2>

Package Vendor: Keil
                http://www.keil.com/pack/Keil.STM32F4xx_DFP.2.15.0.pack
                Keil.STM32F4xx_DFP.2.15.0
                STMicroelectronics STM32F4 Series Device Support, Drivers and Examples

<h2>Collection of Component include folders:</h2>
  D:\Keil_v5\ARM\PACK\Keil\STM32F4xx_DFP\2.15.0\Drivers\CMSIS\Device\ST\STM32F4xx\Include

<h2>Collection of Component Files used:</h2>
Build Time Elapsed:  00:01:20
</pre>
</body>
</html>
